[33mWARNING[0m:  [12-11-2025 11:41:58] chroma_server_nofile is not supported on Windows. chroma_server_nofile will not be set.
[32mINFO[0m:     [12-11-2025 11:41:58] Anonymized telemetry enabled. See                     https://docs.trychroma.com/telemetry for more information.
[36mDEBUG[0m:    [12-11-2025 11:41:58] Starting component System
[36mDEBUG[0m:    [12-11-2025 11:41:58] Starting component OpenTelemetryClient
[36mDEBUG[0m:    [12-11-2025 11:41:58] Starting component SqliteDB
[36mDEBUG[0m:    [12-11-2025 11:41:58] Starting component QuotaEnforcer
[36mDEBUG[0m:    [12-11-2025 11:41:58] Starting component Posthog
[36mDEBUG[0m:    [12-11-2025 11:41:58] Starting component LocalSegmentManager
[36mDEBUG[0m:    [12-11-2025 11:41:58] Starting component SegmentAPI
[32mINFO[0m:     [12-11-2025 11:41:58] Started server process [[36m2948[0m]
[32mINFO[0m:     [12-11-2025 11:41:58] Waiting for application startup.
[32mINFO[0m:     [12-11-2025 11:41:58] Application startup complete.
[32mINFO[0m:     [12-11-2025 11:41:58] Uvicorn running on [1mhttp://localhost:8000[0m (Press CTRL+C to quit)
[31mERROR[0m:    [12-11-2025 11:42:18] Collection policy_embeddings does not exist.
  + Exception Group Traceback (most recent call last):
  |   File "C:\Users\dldms\Desktop\Database\team_project\Backend\venv\Lib\site-packages\starlette\_utils.py", line 79, in collapse_excgroups
  |     yield
  |   File "C:\Users\dldms\Desktop\Database\team_project\Backend\venv\Lib\site-packages\starlette\middleware\base.py", line 192, in __call__
  |     async with anyio.create_task_group() as task_group:
  |   File "C:\Users\dldms\Desktop\Database\team_project\Backend\venv\Lib\site-packages\anyio\_backends\_asyncio.py", line 781, in __aexit__
  |     raise BaseExceptionGroup(
  | ExceptionGroup: unhandled errors in a TaskGroup (1 sub-exception)
  +-+---------------- 1 ----------------
    | Traceback (most recent call last):
    |   File "C:\Users\dldms\Desktop\Database\team_project\Backend\venv\Lib\site-packages\chromadb\server\fastapi\__init__.py", line 78, in catch_exceptions_middleware
    |     return await call_next(request)
    |            ^^^^^^^^^^^^^^^^^^^^^^^^
    |   File "C:\Users\dldms\Desktop\Database\team_project\Backend\venv\Lib\site-packages\starlette\middleware\base.py", line 168, in call_next
    |     raise app_exc from app_exc.__cause__ or app_exc.__context__
    |   File "C:\Users\dldms\Desktop\Database\team_project\Backend\venv\Lib\site-packages\starlette\middleware\base.py", line 144, in coro
    |     await self.app(scope, receive_or_disconnect, send_no_error)
    |   File "C:\Users\dldms\Desktop\Database\team_project\Backend\venv\Lib\site-packages\starlette\middleware\base.py", line 191, in __call__
    |     with recv_stream, send_stream, collapse_excgroups():
    |   File "C:\Users\dldms\AppData\Local\Programs\Python\Python311\Lib\contextlib.py", line 158, in __exit__
    |     self.gen.throw(typ, value, traceback)
    |   File "C:\Users\dldms\Desktop\Database\team_project\Backend\venv\Lib\site-packages\starlette\_utils.py", line 85, in collapse_excgroups
    |     raise exc
    |   File "C:\Users\dldms\Desktop\Database\team_project\Backend\venv\Lib\site-packages\starlette\middleware\base.py", line 193, in __call__
    |     response = await self.dispatch_func(request, call_next)
    |                ^^^^^^^^^^^^^^^^^^^^^^^^^^^^^^^^^^^^^^^^^^^^
    |   File "C:\Users\dldms\Desktop\Database\team_project\Backend\venv\Lib\site-packages\chromadb\server\fastapi\__init__.py", line 92, in check_http_version_middleware
    |     return await call_next(request)
    |            ^^^^^^^^^^^^^^^^^^^^^^^^
    |   File "C:\Users\dldms\Desktop\Database\team_project\Backend\venv\Lib\site-packages\starlette\middleware\base.py", line 168, in call_next
    |     raise app_exc from app_exc.__cause__ or app_exc.__context__
    |   File "C:\Users\dldms\Desktop\Database\team_project\Backend\venv\Lib\site-packages\starlette\middleware\base.py", line 144, in coro
    |     await self.app(scope, receive_or_disconnect, send_no_error)
    |   File "C:\Users\dldms\Desktop\Database\team_project\Backend\venv\Lib\site-packages\starlette\middleware\exceptions.py", line 63, in __call__
    |     await wrap_app_handling_exceptions(self.app, conn)(scope, receive, send)
    |   File "C:\Users\dldms\Desktop\Database\team_project\Backend\venv\Lib\site-packages\starlette\_exception_handler.py", line 53, in wrapped_app
    |     raise exc
    |   File "C:\Users\dldms\Desktop\Database\team_project\Backend\venv\Lib\site-packages\starlette\_exception_handler.py", line 42, in wrapped_app
    |     await app(scope, receive, sender)
    |   File "C:\Users\dldms\Desktop\Database\team_project\Backend\venv\Lib\site-packages\fastapi\middleware\asyncexitstack.py", line 18, in __call__
    |     await self.app(scope, receive, send)
    |   File "C:\Users\dldms\Desktop\Database\team_project\Backend\venv\Lib\site-packages\starlette\routing.py", line 716, in __call__
    |     await self.middleware_stack(scope, receive, send)
    |   File "C:\Users\dldms\Desktop\Database\team_project\Backend\venv\Lib\site-packages\starlette\routing.py", line 736, in app
    |     await route.handle(scope, receive, send)
    |   File "C:\Users\dldms\Desktop\Database\team_project\Backend\venv\Lib\site-packages\starlette\routing.py", line 290, in handle
    |     await self.app(scope, receive, send)
    |   File "C:\Users\dldms\Desktop\Database\team_project\Backend\venv\Lib\site-packages\fastapi\routing.py", line 125, in app
    |     await wrap_app_handling_exceptions(app, request)(scope, receive, send)
    |   File "C:\Users\dldms\Desktop\Database\team_project\Backend\venv\Lib\site-packages\starlette\_exception_handler.py", line 53, in wrapped_app
    |     raise exc
    |   File "C:\Users\dldms\Desktop\Database\team_project\Backend\venv\Lib\site-packages\starlette\_exception_handler.py", line 42, in wrapped_app
    |     await app(scope, receive, sender)
    |   File "C:\Users\dldms\Desktop\Database\team_project\Backend\venv\Lib\site-packages\fastapi\routing.py", line 111, in app
    |     response = await f(request)
    |                ^^^^^^^^^^^^^^^^
    |   File "C:\Users\dldms\Desktop\Database\team_project\Backend\venv\Lib\site-packages\fastapi\routing.py", line 391, in app
    |     raw_response = await run_endpoint_function(
    |                    ^^^^^^^^^^^^^^^^^^^^^^^^^^^^
    |   File "C:\Users\dldms\Desktop\Database\team_project\Backend\venv\Lib\site-packages\fastapi\routing.py", line 290, in run_endpoint_function
    |     return await dependant.call(**values)
    |            ^^^^^^^^^^^^^^^^^^^^^^^^^^^^^^
    |   File "C:\Users\dldms\Desktop\Database\team_project\Backend\venv\Lib\site-packages\chromadb\telemetry\opentelemetry\__init__.py", line 130, in wrapper
    |     return await f(*args, **kwargs)
    |            ^^^^^^^^^^^^^^^^^^^^^^^^
    |   File "C:\Users\dldms\Desktop\Database\team_project\Backend\venv\Lib\site-packages\chromadb\server\fastapi\__init__.py", line 662, in get_collection
    |     await to_thread.run_sync(
    |   File "C:\Users\dldms\Desktop\Database\team_project\Backend\venv\Lib\site-packages\anyio\to_thread.py", line 56, in run_sync
    |     return await get_async_backend().run_sync_in_worker_thread(
    |            ^^^^^^^^^^^^^^^^^^^^^^^^^^^^^^^^^^^^^^^^^^^^^^^^^^^^
    |   File "C:\Users\dldms\Desktop\Database\team_project\Backend\venv\Lib\site-packages\anyio\_backends\_asyncio.py", line 2485, in run_sync_in_worker_thread
    |     return await future
    |            ^^^^^^^^^^^^
    |   File "C:\Users\dldms\Desktop\Database\team_project\Backend\venv\Lib\site-packages\anyio\_backends\_asyncio.py", line 976, in run
    |     result = context.run(func, *args)
    |              ^^^^^^^^^^^^^^^^^^^^^^^^
    |   File "C:\Users\dldms\Desktop\Database\team_project\Backend\venv\Lib\site-packages\chromadb\telemetry\opentelemetry\__init__.py", line 143, in wrapper
    |     return f(*args, **kwargs)
    |            ^^^^^^^^^^^^^^^^^^
    |   File "C:\Users\dldms\Desktop\Database\team_project\Backend\venv\Lib\site-packages\chromadb\api\segment.py", line 270, in get_collection
    |     raise ValueError(f"Collection {name} does not exist.")
    | ValueError: Collection policy_embeddings does not exist.
    +------------------------------------

The above exception was the direct cause of the following exception:

Traceback (most recent call last):
  File "C:\Users\dldms\Desktop\Database\team_project\Backend\venv\Lib\site-packages\chromadb\server\fastapi\__init__.py", line 78, in catch_exceptions_middleware
    return await call_next(request)
           ^^^^^^^^^^^^^^^^^^^^^^^^
  File "C:\Users\dldms\Desktop\Database\team_project\Backend\venv\Lib\site-packages\starlette\middleware\base.py", line 168, in call_next
    raise app_exc from app_exc.__cause__ or app_exc.__context__
  File "C:\Users\dldms\Desktop\Database\team_project\Backend\venv\Lib\site-packages\starlette\middleware\base.py", line 144, in coro
    await self.app(scope, receive_or_disconnect, send_no_error)
  File "C:\Users\dldms\Desktop\Database\team_project\Backend\venv\Lib\site-packages\starlette\middleware\base.py", line 191, in __call__
    with recv_stream, send_stream, collapse_excgroups():
  File "C:\Users\dldms\AppData\Local\Programs\Python\Python311\Lib\contextlib.py", line 158, in __exit__
    self.gen.throw(typ, value, traceback)
  File "C:\Users\dldms\Desktop\Database\team_project\Backend\venv\Lib\site-packages\starlette\_utils.py", line 85, in collapse_excgroups
    raise exc
  File "C:\Users\dldms\Desktop\Database\team_project\Backend\venv\Lib\site-packages\starlette\middleware\base.py", line 193, in __call__
    response = await self.dispatch_func(request, call_next)
               ^^^^^^^^^^^^^^^^^^^^^^^^^^^^^^^^^^^^^^^^^^^^
  File "C:\Users\dldms\Desktop\Database\team_project\Backend\venv\Lib\site-packages\chromadb\server\fastapi\__init__.py", line 92, in check_http_version_middleware
    return await call_next(request)
           ^^^^^^^^^^^^^^^^^^^^^^^^
  File "C:\Users\dldms\Desktop\Database\team_project\Backend\venv\Lib\site-packages\starlette\middleware\base.py", line 168, in call_next
    raise app_exc from app_exc.__cause__ or app_exc.__context__
  File "C:\Users\dldms\Desktop\Database\team_project\Backend\venv\Lib\site-packages\starlette\middleware\base.py", line 144, in coro
    await self.app(scope, receive_or_disconnect, send_no_error)
  File "C:\Users\dldms\Desktop\Database\team_project\Backend\venv\Lib\site-packages\starlette\middleware\exceptions.py", line 63, in __call__
    await wrap_app_handling_exceptions(self.app, conn)(scope, receive, send)
  File "C:\Users\dldms\Desktop\Database\team_project\Backend\venv\Lib\site-packages\starlette\_exception_handler.py", line 53, in wrapped_app
    raise exc
  File "C:\Users\dldms\Desktop\Database\team_project\Backend\venv\Lib\site-packages\starlette\_exception_handler.py", line 42, in wrapped_app
    await app(scope, receive, sender)
  File "C:\Users\dldms\Desktop\Database\team_project\Backend\venv\Lib\site-packages\fastapi\middleware\asyncexitstack.py", line 18, in __call__
    await self.app(scope, receive, send)
  File "C:\Users\dldms\Desktop\Database\team_project\Backend\venv\Lib\site-packages\starlette\routing.py", line 716, in __call__
    await self.middleware_stack(scope, receive, send)
  File "C:\Users\dldms\Desktop\Database\team_project\Backend\venv\Lib\site-packages\starlette\routing.py", line 736, in app
    await route.handle(scope, receive, send)
  File "C:\Users\dldms\Desktop\Database\team_project\Backend\venv\Lib\site-packages\starlette\routing.py", line 290, in handle
    await self.app(scope, receive, send)
  File "C:\Users\dldms\Desktop\Database\team_project\Backend\venv\Lib\site-packages\fastapi\routing.py", line 125, in app
    await wrap_app_handling_exceptions(app, request)(scope, receive, send)
  File "C:\Users\dldms\Desktop\Database\team_project\Backend\venv\Lib\site-packages\starlette\_exception_handler.py", line 53, in wrapped_app
    raise exc
  File "C:\Users\dldms\Desktop\Database\team_project\Backend\venv\Lib\site-packages\starlette\_exception_handler.py", line 42, in wrapped_app
    await app(scope, receive, sender)
  File "C:\Users\dldms\Desktop\Database\team_project\Backend\venv\Lib\site-packages\fastapi\routing.py", line 111, in app
    response = await f(request)
               ^^^^^^^^^^^^^^^^
  File "C:\Users\dldms\Desktop\Database\team_project\Backend\venv\Lib\site-packages\fastapi\routing.py", line 391, in app
    raw_response = await run_endpoint_function(
                   ^^^^^^^^^^^^^^^^^^^^^^^^^^^^
  File "C:\Users\dldms\Desktop\Database\team_project\Backend\venv\Lib\site-packages\fastapi\routing.py", line 290, in run_endpoint_function
    return await dependant.call(**values)
           ^^^^^^^^^^^^^^^^^^^^^^^^^^^^^^
  File "C:\Users\dldms\Desktop\Database\team_project\Backend\venv\Lib\site-packages\chromadb\telemetry\opentelemetry\__init__.py", line 130, in wrapper
    return await f(*args, **kwargs)
           ^^^^^^^^^^^^^^^^^^^^^^^^
  File "C:\Users\dldms\Desktop\Database\team_project\Backend\venv\Lib\site-packages\chromadb\server\fastapi\__init__.py", line 662, in get_collection
    await to_thread.run_sync(
  File "C:\Users\dldms\Desktop\Database\team_project\Backend\venv\Lib\site-packages\anyio\to_thread.py", line 56, in run_sync
    return await get_async_backend().run_sync_in_worker_thread(
           ^^^^^^^^^^^^^^^^^^^^^^^^^^^^^^^^^^^^^^^^^^^^^^^^^^^^
  File "C:\Users\dldms\Desktop\Database\team_project\Backend\venv\Lib\site-packages\anyio\_backends\_asyncio.py", line 2485, in run_sync_in_worker_thread
    return await future
           ^^^^^^^^^^^^
  File "C:\Users\dldms\Desktop\Database\team_project\Backend\venv\Lib\site-packages\anyio\_backends\_asyncio.py", line 976, in run
    result = context.run(func, *args)
             ^^^^^^^^^^^^^^^^^^^^^^^^
  File "C:\Users\dldms\Desktop\Database\team_project\Backend\venv\Lib\site-packages\chromadb\telemetry\opentelemetry\__init__.py", line 143, in wrapper
    return f(*args, **kwargs)
           ^^^^^^^^^^^^^^^^^^
  File "C:\Users\dldms\Desktop\Database\team_project\Backend\venv\Lib\site-packages\chromadb\api\segment.py", line 270, in get_collection
    raise ValueError(f"Collection {name} does not exist.")
ValueError: Collection policy_embeddings does not exist.
[32mINFO[0m:     [12-11-2025 11:42:18] 127.0.0.1:57424 - "GET /api/v1/collections/policy_embeddings HTTP/1.1" 500
[32mINFO[0m:     [12-11-2025 11:42:18] 127.0.0.1:57424 - "POST /api/v1/collections HTTP/1.1" 200
[36mDEBUG[0m:    [12-11-2025 11:43:11] Starting component PersistentLocalHnswSegment
[32mINFO[0m:     [12-11-2025 11:43:12] 127.0.0.1:61692 - "POST /api/v1/collections/fb332954-7713-41c6-8b57-ac953021a821/add HTTP/1.1" 201
[33mWARNING[0m:  [12-11-2025 11:43:16] Number of requested results 3 is greater than number of elements in index 1, updating n_results = 1
[32mINFO[0m:     [12-11-2025 11:43:17] 127.0.0.1:61692 - "POST /api/v1/collections/fb332954-7713-41c6-8b57-ac953021a821/query HTTP/1.1" 200
[32mINFO[0m:     [12-11-2025 11:43:32] Shutting down
[32mINFO[0m:     [12-11-2025 11:43:32] Waiting for application shutdown.
[36mDEBUG[0m:    [12-11-2025 11:43:32] Stopping component System
[36mDEBUG[0m:    [12-11-2025 11:43:32] Stopping component SegmentAPI
[36mDEBUG[0m:    [12-11-2025 11:43:32] Stopping component PersistentLocalHnswSegment
[36mDEBUG[0m:    [12-11-2025 11:43:32] Stopping component LocalSegmentManager
[36mDEBUG[0m:    [12-11-2025 11:43:32] Stopping component Posthog
[36mDEBUG[0m:    [12-11-2025 11:43:32] Stopping component QuotaEnforcer
[36mDEBUG[0m:    [12-11-2025 11:43:32] Stopping component SqliteDB
[36mDEBUG[0m:    [12-11-2025 11:43:32] Stopping component OpenTelemetryClient
[32mINFO[0m:     [12-11-2025 11:43:32] Application shutdown complete.
[32mINFO[0m:     [12-11-2025 11:43:32] Finished server process [[36m2948[0m]
