#
# There is insufficient memory for the Java Runtime Environment to continue.
# Native memory allocation (malloc) failed to allocate 1179536 bytes for Chunk::new
# Possible reasons:
#   The system is out of physical RAM or swap space
#   The process is running with CompressedOops enabled, and the Java Heap may be blocking the growth of the native heap
# Possible solutions:
#   Reduce memory load on the system
#   Increase physical memory or swap space
#   Check if swap backing store is full
#   Decrease Java heap size (-Xmx/-Xms)
#   Decrease number of Java threads
#   Decrease Java thread stack sizes (-Xss)
#   Set larger code cache with -XX:ReservedCodeCacheSize=
#   JVM is running with Unscaled Compressed Oops mode in which the Java heap is
#     placed in the first 4GB address space. The Java Heap base address is the
#     maximum limit for the native heap growth. Please use -XX:HeapBaseMinAddress
#     to set the Java Heap base and to place the Java Heap above 4GB virtual address.
# This output file may be truncated or incomplete.
#
#  Out of Memory Error (arena.cpp:189), pid=25036, tid=5836
#
# JRE version: Java(TM) SE Runtime Environment (17.0.12+8) (build 17.0.12+8-LTS-286)
# Java VM: Java HotSpot(TM) 64-Bit Server VM (17.0.12+8-LTS-286, mixed mode, sharing, tiered, compressed oops, compressed class ptrs, g1 gc, windows-amd64)
# No core dump will be written. Minidumps are not enabled by default on client versions of Windows
#

---------------  S U M M A R Y ------------

Command Line: -Dfile.encoding=UTF-8 -Duser.country=KR -Duser.language=ko -Duser.variant com.ssu.DB_Project.DbProjectApplication

Host: 11th Gen Intel(R) Core(TM) i5-1135G7 @ 2.40GHz, 8 cores, 7G,  Windows 11 , 64 bit Build 26100 (10.0.26100.6725)
Time: Tue Nov 11 22:49:50 2025  Windows 11 , 64 bit Build 26100 (10.0.26100.6725) elapsed time: 30.756744 seconds (0d 0h 0m 30s)

---------------  T H R E A D  ---------------

Current thread (0x000002795c0755b0):  JavaThread "C2 CompilerThread2" daemon [_thread_in_native, id=5836, stack(0x000000df70800000,0x000000df70900000)]


Current CompileTask:
C2:  30757 7629   !   4       java.util.concurrent.ConcurrentHashMap::transfer (849 bytes)

Stack: [0x000000df70800000,0x000000df70900000]
Native frames: (J=compiled Java code, j=interpreted, Vv=VM code, C=native code)
V  [jvm.dll+0x67a04a]
V  [jvm.dll+0x7da4ed]
V  [jvm.dll+0x7dbe33]
V  [jvm.dll+0x7dc4a3]
V  [jvm.dll+0x24508f]
V  [jvm.dll+0xab773]
V  [jvm.dll+0xabd3c]
V  [jvm.dll+0x361b9f]
V  [jvm.dll+0x32c431]
V  [jvm.dll+0x32b8ca]
V  [jvm.dll+0x21683f]
V  [jvm.dll+0x215c6f]
V  [jvm.dll+0x1a2960]
V  [jvm.dll+0x22610b]
V  [jvm.dll+0x2242ab]
V  [jvm.dll+0x79075c]
V  [jvm.dll+0x78abea]
V  [jvm.dll+0x678f35]
C  [ucrtbase.dll+0x37b0]
C  [KERNEL32.DLL+0x2e8d7]
C  [ntdll.dll+0x8c53c]


---------------  P R O C E S S  ---------------

Threads class SMR info:
_java_thread_list=0x0000027957d0c470, length=20, elements={
0x0000027972c6f6d0, 0x00000279113ce2f0, 0x00000279113cf820, 0x00000279113ec110,
0x00000279113ecad0, 0x00000279113ee000, 0x00000279113ef530, 0x00000279113f19b0,
0x00000279113fd970, 0x0000027911401f00, 0x00000279117b0550, 0x00000279117bbc30,
0x00000279593a0da0, 0x000002795939fe70, 0x00000279593a12b0, 0x00000279593a17c0,
0x000002795af4f3d0, 0x000002795af4d060, 0x000002795c078030, 0x000002795c0755b0
}

Java Threads: ( => current thread )
  0x0000027972c6f6d0 JavaThread "main" [_thread_in_Java, id=22180, stack(0x000000df6e200000,0x000000df6e300000)]
  0x00000279113ce2f0 JavaThread "Reference Handler" daemon [_thread_blocked, id=25808, stack(0x000000df6e900000,0x000000df6ea00000)]
  0x00000279113cf820 JavaThread "Finalizer" daemon [_thread_blocked, id=16608, stack(0x000000df6ea00000,0x000000df6eb00000)]
  0x00000279113ec110 JavaThread "Signal Dispatcher" daemon [_thread_blocked, id=8928, stack(0x000000df6eb00000,0x000000df6ec00000)]
  0x00000279113ecad0 JavaThread "Attach Listener" daemon [_thread_blocked, id=2332, stack(0x000000df6ec00000,0x000000df6ed00000)]
  0x00000279113ee000 JavaThread "Service Thread" daemon [_thread_blocked, id=5100, stack(0x000000df6ed00000,0x000000df6ee00000)]
  0x00000279113ef530 JavaThread "Monitor Deflation Thread" daemon [_thread_blocked, id=25920, stack(0x000000df6ee00000,0x000000df6ef00000)]
  0x00000279113f19b0 JavaThread "C2 CompilerThread0" daemon [_thread_in_native, id=17184, stack(0x000000df6ef00000,0x000000df6f000000)]
  0x00000279113fd970 JavaThread "C1 CompilerThread0" daemon [_thread_in_native, id=27284, stack(0x000000df6f000000,0x000000df6f100000)]
  0x0000027911401f00 JavaThread "Sweeper thread" daemon [_thread_blocked, id=21396, stack(0x000000df6f100000,0x000000df6f200000)]
  0x00000279117b0550 JavaThread "Notification Thread" daemon [_thread_blocked, id=19520, stack(0x000000df6f200000,0x000000df6f300000)]
  0x00000279117bbc30 JavaThread "Common-Cleaner" daemon [_thread_blocked, id=22100, stack(0x000000df6f400000,0x000000df6f500000)]
  0x00000279593a0da0 JavaThread "HikariPool-1 housekeeper" daemon [_thread_blocked, id=11268, stack(0x000000df6ff00000,0x000000df70000000)]
  0x000002795939fe70 JavaThread "Catalina-utility-1" [_thread_blocked, id=30600, stack(0x000000df70100000,0x000000df70200000)]
  0x00000279593a12b0 JavaThread "Catalina-utility-2" [_thread_blocked, id=17956, stack(0x000000df70200000,0x000000df70300000)]
  0x00000279593a17c0 JavaThread "container-0" [_thread_blocked, id=26700, stack(0x000000df70300000,0x000000df70400000)]
  0x000002795af4f3d0 JavaThread "Okio Watchdog" daemon [_thread_blocked, id=27512, stack(0x000000df6f900000,0x000000df6fa00000)]
  0x000002795af4d060 JavaThread "OkHttp TaskRunner" daemon [_thread_blocked, id=15280, stack(0x000000df70600000,0x000000df70700000)]
  0x000002795c078030 JavaThread "C2 CompilerThread1" daemon [_thread_in_native, id=22008, stack(0x000000df70700000,0x000000df70800000)]
=>0x000002795c0755b0 JavaThread "C2 CompilerThread2" daemon [_thread_in_native, id=5836, stack(0x000000df70800000,0x000000df70900000)]

Other Threads:
  0x00000279113c3db0 VMThread "VM Thread" [stack: 0x000000df6e800000,0x000000df6e900000] [id=3148]
  0x0000027972ce6590 WatcherThread [stack: 0x000000df6f300000,0x000000df6f400000] [id=29032]
  0x0000027972cc7c50 GCTaskThread "GC Thread#0" [stack: 0x000000df6e300000,0x000000df6e400000] [id=5616]
  0x00000279579896a0 GCTaskThread "GC Thread#1" [stack: 0x000000df6f500000,0x000000df6f600000] [id=16564]
  0x00000279573c3720 GCTaskThread "GC Thread#2" [stack: 0x000000df6f600000,0x000000df6f700000] [id=11448]
  0x000002795793f7d0 GCTaskThread "GC Thread#3" [stack: 0x000000df6f700000,0x000000df6f800000] [id=28832]
  0x0000027957e46370 GCTaskThread "GC Thread#4" [stack: 0x000000df6f800000,0x000000df6f900000] [id=5712]
  0x0000027957fba690 GCTaskThread "GC Thread#5" [stack: 0x000000df6fb00000,0x000000df6fc00000] [id=16112]
  0x0000027957fbaf70 GCTaskThread "GC Thread#6" [stack: 0x000000df6fc00000,0x000000df6fd00000] [id=20444]
  0x000002795847f870 GCTaskThread "GC Thread#7" [stack: 0x000000df6fa00000,0x000000df6fb00000] [id=20220]
  0x0000027972cdaf90 ConcurrentGCThread "G1 Main Marker" [stack: 0x000000df6e400000,0x000000df6e500000] [id=22168]
  0x0000027972cde150 ConcurrentGCThread "G1 Conc#0" [stack: 0x000000df6e500000,0x000000df6e600000] [id=26588]
  0x000002795a770be0 ConcurrentGCThread "G1 Conc#1" [stack: 0x000000df6fd00000,0x000000df6fe00000] [id=17728]
  0x0000027911269150 ConcurrentGCThread "G1 Refine#0" [stack: 0x000000df6e600000,0x000000df6e700000] [id=19540]
  0x00000279583d5ce0 ConcurrentGCThread "G1 Refine#1" [stack: 0x000000df70000000,0x000000df70100000] [id=17996]
  0x00000279583d5fd0 ConcurrentGCThread "G1 Refine#2" [stack: 0x000000df6fe00000,0x000000df6ff00000] [id=30696]
  0x00000279583d62c0 ConcurrentGCThread "G1 Refine#3" [stack: 0x000000df70400000,0x000000df70500000] [id=5096]
  0x00000279591e5710 ConcurrentGCThread "G1 Refine#4" [stack: 0x000000df70900000,0x000000df70a00000] [id=29992]
  0x00000279591e4e40 ConcurrentGCThread "G1 Refine#5" [stack: 0x000000df70a00000,0x000000df70b00000] [id=27516]
  0x000002791126caa0 ConcurrentGCThread "G1 Service" [stack: 0x000000df6e700000,0x000000df6e800000] [id=28692]

Threads with active compile tasks:
C2 CompilerThread0    30869 7649       4       org.aspectj.weaver.patterns.ExactAnnotationTypePattern::matches (782 bytes)
C2 CompilerThread1    30869 7683       4       java.util.stream.AbstractPipeline::wrapAndCopyInto (18 bytes)
C2 CompilerThread2    30870 7629   !   4       java.util.concurrent.ConcurrentHashMap::transfer (849 bytes)

VM state: not at safepoint (normal execution)

VM Mutex/Monitor currently owned by a thread: None

Heap address: 0x0000000084800000, size: 1976 MB, Compressed Oops mode: 32-bit

CDS archive(s) mapped at: [0x0000027912000000-0x0000027912bd0000-0x0000027912bd0000), size 12386304, SharedBaseAddress: 0x0000027912000000, ArchiveRelocationMode: 1.
Compressed class space mapped at: 0x0000027913000000-0x0000027953000000, reserved size: 1073741824
Narrow klass base: 0x0000027912000000, Narrow klass shift: 0, Narrow klass range: 0x100000000

GC Precious Log:
 CPUs: 8 total, 8 available
 Memory: 7900M
 Large Page Support: Disabled
 NUMA Support: Disabled
 Compressed Oops: Enabled (32-bit)
 Heap Region Size: 1M
 Heap Min Capacity: 8M
 Heap Initial Capacity: 124M
 Heap Max Capacity: 1976M
 Pre-touch: Disabled
 Parallel Workers: 8
 Concurrent Workers: 2
 Concurrent Refinement Workers: 8
 Periodic GC: Disabled

Heap:
 garbage-first heap   total 318464K, used 114394K [0x0000000084800000, 0x0000000100000000)
  region size 1024K, 18 young (18432K), 3 survivors (3072K)
 Metaspace       used 75837K, committed 76416K, reserved 1179648K
  class space    used 10059K, committed 10304K, reserved 1048576K

Heap Regions: E=young(eden), S=young(survivor), O=old, HS=humongous(starts), HC=humongous(continues), CS=collection set, F=free, OA=open archive, CA=closed archive, TAMS=top-at-mark-start (previous, next)
|   0|0x0000000084800000, 0x0000000084900000, 0x0000000084900000|100%|HS|  |TAMS 0x0000000084900000, 0x0000000084800000| Complete 
|   1|0x0000000084900000, 0x0000000084a00000, 0x0000000084a00000|100%|HS|  |TAMS 0x0000000084a00000, 0x0000000084900000| Complete 
|   2|0x0000000084a00000, 0x0000000084b00000, 0x0000000084b00000|100%| O|  |TAMS 0x0000000084b00000, 0x0000000084a00000| Untracked 
|   3|0x0000000084b00000, 0x0000000084c00000, 0x0000000084c00000|100%| O|  |TAMS 0x0000000084c00000, 0x0000000084b00000| Untracked 
|   4|0x0000000084c00000, 0x0000000084d00000, 0x0000000084d00000|100%| O|  |TAMS 0x0000000084d00000, 0x0000000084c00000| Untracked 
|   5|0x0000000084d00000, 0x0000000084e00000, 0x0000000084e00000|100%| O|  |TAMS 0x0000000084e00000, 0x0000000084d00000| Untracked 
|   6|0x0000000084e00000, 0x0000000084f00000, 0x0000000084f00000|100%| O|  |TAMS 0x0000000084f00000, 0x0000000084e00000| Untracked 
|   7|0x0000000084f00000, 0x0000000085000000, 0x0000000085000000|100%| O|  |TAMS 0x0000000085000000, 0x0000000084f00000| Untracked 
|   8|0x0000000085000000, 0x0000000085100000, 0x0000000085100000|100%| O|  |TAMS 0x0000000085100000, 0x0000000085000000| Untracked 
|   9|0x0000000085100000, 0x0000000085200000, 0x0000000085200000|100%| O|  |TAMS 0x0000000085200000, 0x0000000085100000| Untracked 
|  10|0x0000000085200000, 0x0000000085300000, 0x0000000085300000|100%| O|  |TAMS 0x0000000085300000, 0x0000000085200000| Untracked 
|  11|0x0000000085300000, 0x0000000085400000, 0x0000000085400000|100%| O|  |TAMS 0x0000000085400000, 0x0000000085300000| Untracked 
|  12|0x0000000085400000, 0x0000000085500000, 0x0000000085500000|100%| O|  |TAMS 0x0000000085500000, 0x0000000085400000| Untracked 
|  13|0x0000000085500000, 0x0000000085600000, 0x0000000085600000|100%| O|  |TAMS 0x0000000085600000, 0x0000000085500000| Untracked 
|  14|0x0000000085600000, 0x0000000085700000, 0x0000000085700000|100%| O|  |TAMS 0x0000000085700000, 0x0000000085600000| Untracked 
|  15|0x0000000085700000, 0x0000000085800000, 0x0000000085800000|100%| O|  |TAMS 0x0000000085800000, 0x0000000085700000| Untracked 
|  16|0x0000000085800000, 0x0000000085900000, 0x0000000085900000|100%| O|  |TAMS 0x0000000085900000, 0x0000000085800000| Untracked 
|  17|0x0000000085900000, 0x0000000085a00000, 0x0000000085a00000|100%| O|  |TAMS 0x0000000085a00000, 0x0000000085900000| Untracked 
|  18|0x0000000085a00000, 0x0000000085b00000, 0x0000000085b00000|100%| O|  |TAMS 0x0000000085b00000, 0x0000000085a00000| Untracked 
|  19|0x0000000085b00000, 0x0000000085c00000, 0x0000000085c00000|100%| O|  |TAMS 0x0000000085c00000, 0x0000000085b00000| Untracked 
|  20|0x0000000085c00000, 0x0000000085c00000, 0x0000000085d00000|  0%| F|  |TAMS 0x0000000085c00000, 0x0000000085c00000| Untracked 
|  21|0x0000000085d00000, 0x0000000085e00000, 0x0000000085e00000|100%| O|  |TAMS 0x0000000085e00000, 0x0000000085d00000| Untracked 
|  22|0x0000000085e00000, 0x0000000085f00000, 0x0000000085f00000|100%| O|  |TAMS 0x0000000085f00000, 0x0000000085e00000| Untracked 
|  23|0x0000000085f00000, 0x0000000086000000, 0x0000000086000000|100%| O|  |TAMS 0x0000000086000000, 0x0000000085f00000| Untracked 
|  24|0x0000000086000000, 0x0000000086100000, 0x0000000086100000|100%| O|  |TAMS 0x0000000086100000, 0x0000000086000000| Untracked 
|  25|0x0000000086100000, 0x0000000086200000, 0x0000000086200000|100%| O|  |TAMS 0x0000000086200000, 0x0000000086100000| Untracked 
|  26|0x0000000086200000, 0x0000000086300000, 0x0000000086300000|100%| O|  |TAMS 0x0000000086300000, 0x0000000086200000| Untracked 
|  27|0x0000000086300000, 0x0000000086400000, 0x0000000086400000|100%| O|  |TAMS 0x0000000086400000, 0x0000000086300000| Untracked 
|  28|0x0000000086400000, 0x0000000086500000, 0x0000000086500000|100%| O|  |TAMS 0x0000000086500000, 0x0000000086400000| Untracked 
|  29|0x0000000086500000, 0x0000000086600000, 0x0000000086600000|100%| O|  |TAMS 0x0000000086600000, 0x0000000086500000| Untracked 
|  30|0x0000000086600000, 0x0000000086700000, 0x0000000086700000|100%| O|  |TAMS 0x0000000086700000, 0x0000000086600000| Untracked 
|  31|0x0000000086700000, 0x0000000086800000, 0x0000000086800000|100%| O|  |TAMS 0x0000000086800000, 0x0000000086700000| Untracked 
|  32|0x0000000086800000, 0x0000000086900000, 0x0000000086900000|100%| O|  |TAMS 0x0000000086900000, 0x0000000086800000| Untracked 
|  33|0x0000000086900000, 0x0000000086900000, 0x0000000086a00000|  0%| F|  |TAMS 0x0000000086900000, 0x0000000086900000| Untracked 
|  34|0x0000000086a00000, 0x0000000086b00000, 0x0000000086b00000|100%| O|  |TAMS 0x0000000086b00000, 0x0000000086a00000| Untracked 
|  35|0x0000000086b00000, 0x0000000086c00000, 0x0000000086c00000|100%| O|  |TAMS 0x0000000086c00000, 0x0000000086b00000| Untracked 
|  36|0x0000000086c00000, 0x0000000086d00000, 0x0000000086d00000|100%| O|  |TAMS 0x0000000086d00000, 0x0000000086c00000| Untracked 
|  37|0x0000000086d00000, 0x0000000086e00000, 0x0000000086e00000|100%| O|  |TAMS 0x0000000086e00000, 0x0000000086d00000| Untracked 
|  38|0x0000000086e00000, 0x0000000086f00000, 0x0000000086f00000|100%| O|  |TAMS 0x0000000086f00000, 0x0000000086e00000| Untracked 
|  39|0x0000000086f00000, 0x0000000087000000, 0x0000000087000000|100%| O|  |TAMS 0x0000000087000000, 0x0000000086f00000| Untracked 
|  40|0x0000000087000000, 0x0000000087100000, 0x0000000087100000|100%| O|  |TAMS 0x0000000087100000, 0x0000000087000000| Untracked 
|  41|0x0000000087100000, 0x0000000087200000, 0x0000000087200000|100%| O|  |TAMS 0x0000000087200000, 0x0000000087100000| Untracked 
|  42|0x0000000087200000, 0x0000000087300000, 0x0000000087300000|100%| O|  |TAMS 0x0000000087300000, 0x0000000087200000| Untracked 
|  43|0x0000000087300000, 0x0000000087400000, 0x0000000087400000|100%| O|  |TAMS 0x0000000087400000, 0x0000000087300000| Untracked 
|  44|0x0000000087400000, 0x0000000087500000, 0x0000000087500000|100%| O|  |TAMS 0x0000000087500000, 0x0000000087400000| Untracked 
|  45|0x0000000087500000, 0x0000000087600000, 0x0000000087600000|100%| O|  |TAMS 0x0000000087600000, 0x0000000087500000| Untracked 
|  46|0x0000000087600000, 0x0000000087700000, 0x0000000087700000|100%|HS|  |TAMS 0x0000000087700000, 0x0000000087600000| Complete 
|  47|0x0000000087700000, 0x0000000087800000, 0x0000000087800000|100%|HC|  |TAMS 0x0000000087800000, 0x0000000087700000| Complete 
|  48|0x0000000087800000, 0x0000000087900000, 0x0000000087900000|100%| O|  |TAMS 0x0000000087900000, 0x0000000087800000| Untracked 
|  49|0x0000000087900000, 0x0000000087a00000, 0x0000000087a00000|100%| O|  |TAMS 0x0000000087a00000, 0x0000000087900000| Untracked 
|  50|0x0000000087a00000, 0x0000000087b00000, 0x0000000087b00000|100%| O|  |TAMS 0x0000000087b00000, 0x0000000087a00000| Untracked 
|  51|0x0000000087b00000, 0x0000000087c00000, 0x0000000087c00000|100%| O|  |TAMS 0x0000000087c00000, 0x0000000087b00000| Untracked 
|  52|0x0000000087c00000, 0x0000000087d00000, 0x0000000087d00000|100%| O|  |TAMS 0x0000000087d00000, 0x0000000087c00000| Untracked 
|  53|0x0000000087d00000, 0x0000000087e00000, 0x0000000087e00000|100%| O|  |TAMS 0x0000000087e00000, 0x0000000087d00000| Untracked 
|  54|0x0000000087e00000, 0x0000000087f00000, 0x0000000087f00000|100%| O|  |TAMS 0x0000000087f00000, 0x0000000087e00000| Untracked 
|  55|0x0000000087f00000, 0x0000000088000000, 0x0000000088000000|100%| O|  |TAMS 0x0000000088000000, 0x0000000087f00000| Untracked 
|  56|0x0000000088000000, 0x0000000088100000, 0x0000000088100000|100%| O|  |TAMS 0x0000000088100000, 0x0000000088000000| Untracked 
|  57|0x0000000088100000, 0x0000000088200000, 0x0000000088200000|100%| O|  |TAMS 0x0000000088200000, 0x0000000088100000| Untracked 
|  58|0x0000000088200000, 0x0000000088300000, 0x0000000088300000|100%| O|  |TAMS 0x0000000088300000, 0x0000000088200000| Untracked 
|  59|0x0000000088300000, 0x0000000088400000, 0x0000000088400000|100%| O|  |TAMS 0x0000000088400000, 0x0000000088300000| Untracked 
|  60|0x0000000088400000, 0x0000000088500000, 0x0000000088500000|100%| O|  |TAMS 0x0000000088500000, 0x0000000088400000| Untracked 
|  61|0x0000000088500000, 0x0000000088600000, 0x0000000088600000|100%| O|  |TAMS 0x0000000088600000, 0x0000000088500000| Complete 
|  62|0x0000000088600000, 0x0000000088700000, 0x0000000088700000|100%| O|  |TAMS 0x0000000088700000, 0x0000000088600000| Untracked 
|  63|0x0000000088700000, 0x0000000088800000, 0x0000000088800000|100%|HS|  |TAMS 0x0000000088800000, 0x0000000088700000| Complete 
|  64|0x0000000088800000, 0x0000000088900000, 0x0000000088900000|100%|HC|  |TAMS 0x0000000088900000, 0x0000000088800000| Complete 
|  65|0x0000000088900000, 0x0000000088a00000, 0x0000000088a00000|100%| O|  |TAMS 0x0000000088a00000, 0x0000000088900000| Untracked 
|  66|0x0000000088a00000, 0x0000000088b00000, 0x0000000088b00000|100%| O|  |TAMS 0x0000000088b00000, 0x0000000088a00000| Untracked 
|  67|0x0000000088b00000, 0x0000000088c00000, 0x0000000088c00000|100%| O|  |TAMS 0x0000000088c00000, 0x0000000088b00000| Untracked 
|  68|0x0000000088c00000, 0x0000000088d00000, 0x0000000088d00000|100%| O|  |TAMS 0x0000000088d00000, 0x0000000088c00000| Untracked 
|  69|0x0000000088d00000, 0x0000000088e00000, 0x0000000088e00000|100%| O|  |TAMS 0x0000000088e00000, 0x0000000088d00000| Untracked 
|  70|0x0000000088e00000, 0x0000000088f00000, 0x0000000088f00000|100%| O|  |TAMS 0x0000000088f00000, 0x0000000088e00000| Untracked 
|  71|0x0000000088f00000, 0x0000000089000000, 0x0000000089000000|100%| O|  |TAMS 0x0000000089000000, 0x0000000088f00000| Untracked 
|  72|0x0000000089000000, 0x0000000089100000, 0x0000000089100000|100%| O|  |TAMS 0x0000000089100000, 0x0000000089000000| Untracked 
|  73|0x0000000089100000, 0x0000000089200000, 0x0000000089200000|100%| O|  |TAMS 0x0000000089200000, 0x0000000089100000| Untracked 
|  74|0x0000000089200000, 0x0000000089300000, 0x0000000089300000|100%| O|  |TAMS 0x0000000089300000, 0x0000000089200000| Complete 
|  75|0x0000000089300000, 0x0000000089400000, 0x0000000089400000|100%| O|  |TAMS 0x0000000089400000, 0x0000000089300000| Untracked 
|  76|0x0000000089400000, 0x0000000089400000, 0x0000000089500000|  0%| F|  |TAMS 0x0000000089400000, 0x0000000089400000| Untracked 
|  77|0x0000000089500000, 0x0000000089500000, 0x0000000089600000|  0%| F|  |TAMS 0x0000000089500000, 0x0000000089500000| Untracked 
|  78|0x0000000089600000, 0x0000000089700000, 0x0000000089700000|100%| O|  |TAMS 0x0000000089700000, 0x0000000089600000| Untracked 
|  79|0x0000000089700000, 0x0000000089800000, 0x0000000089800000|100%| O|  |TAMS 0x0000000089800000, 0x0000000089700000| Untracked 
|  80|0x0000000089800000, 0x0000000089900000, 0x0000000089900000|100%| O|  |TAMS 0x0000000089900000, 0x0000000089800000| Untracked 
|  81|0x0000000089900000, 0x0000000089a00000, 0x0000000089a00000|100%| O|  |TAMS 0x0000000089a00000, 0x0000000089900000| Untracked 
|  82|0x0000000089a00000, 0x0000000089b00000, 0x0000000089b00000|100%| O|  |TAMS 0x0000000089b00000, 0x0000000089a00000| Untracked 
|  83|0x0000000089b00000, 0x0000000089c00000, 0x0000000089c00000|100%| O|  |TAMS 0x0000000089c00000, 0x0000000089b00000| Untracked 
|  84|0x0000000089c00000, 0x0000000089d00000, 0x0000000089d00000|100%| O|  |TAMS 0x0000000089d00000, 0x0000000089c00000| Untracked 
|  85|0x0000000089d00000, 0x0000000089e00000, 0x0000000089e00000|100%| O|  |TAMS 0x0000000089e00000, 0x0000000089d00000| Untracked 
|  86|0x0000000089e00000, 0x0000000089f00000, 0x0000000089f00000|100%| O|  |TAMS 0x0000000089f00000, 0x0000000089e00000| Untracked 
|  87|0x0000000089f00000, 0x000000008a000000, 0x000000008a000000|100%| O|  |TAMS 0x000000008a000000, 0x0000000089f00000| Untracked 
|  88|0x000000008a000000, 0x000000008a100000, 0x000000008a100000|100%| O|  |TAMS 0x000000008a100000, 0x000000008a000000| Untracked 
|  89|0x000000008a100000, 0x000000008a200000, 0x000000008a200000|100%| O|  |TAMS 0x000000008a200000, 0x000000008a100000| Untracked 
|  90|0x000000008a200000, 0x000000008a300000, 0x000000008a300000|100%| O|  |TAMS 0x000000008a300000, 0x000000008a200000| Untracked 
|  91|0x000000008a300000, 0x000000008a400000, 0x000000008a400000|100%| O|  |TAMS 0x000000008a400000, 0x000000008a300000| Untracked 
|  92|0x000000008a400000, 0x000000008a500000, 0x000000008a500000|100%| O|  |TAMS 0x000000008a500000, 0x000000008a400000| Complete 
|  93|0x000000008a500000, 0x000000008a500000, 0x000000008a600000|  0%| F|  |TAMS 0x000000008a500000, 0x000000008a500000| Untracked 
|  94|0x000000008a600000, 0x000000008a700000, 0x000000008a700000|100%|HS|  |TAMS 0x000000008a700000, 0x000000008a600000| Complete 
|  95|0x000000008a700000, 0x000000008a800000, 0x000000008a800000|100%|HC|  |TAMS 0x000000008a800000, 0x000000008a700000| Complete 
|  96|0x000000008a800000, 0x000000008a900000, 0x000000008a900000|100%| O|  |TAMS 0x000000008a900000, 0x000000008a800000| Untracked 
|  97|0x000000008a900000, 0x000000008aa00000, 0x000000008aa00000|100%| O|  |TAMS 0x000000008aa00000, 0x000000008a900000| Untracked 
|  98|0x000000008aa00000, 0x000000008ab00000, 0x000000008ab00000|100%| O|  |TAMS 0x000000008ab00000, 0x000000008aa00000| Untracked 
|  99|0x000000008ab00000, 0x000000008ac00000, 0x000000008ac00000|100%| O|  |TAMS 0x000000008ac00000, 0x000000008ab00000| Complete 
| 100|0x000000008ac00000, 0x000000008ac62c00, 0x000000008ad00000| 38%| O|  |TAMS 0x000000008ac62c00, 0x000000008ac00000| Untracked 
| 101|0x000000008ad00000, 0x000000008ad00000, 0x000000008ae00000|  0%| F|  |TAMS 0x000000008ad00000, 0x000000008ad00000| Untracked 
| 102|0x000000008ae00000, 0x000000008ae00000, 0x000000008af00000|  0%| F|  |TAMS 0x000000008ae00000, 0x000000008ae00000| Untracked 
| 103|0x000000008af00000, 0x000000008af00000, 0x000000008b000000|  0%| F|  |TAMS 0x000000008af00000, 0x000000008af00000| Untracked 
| 104|0x000000008b000000, 0x000000008b000000, 0x000000008b100000|  0%| F|  |TAMS 0x000000008b000000, 0x000000008b000000| Untracked 
| 105|0x000000008b100000, 0x000000008b100000, 0x000000008b200000|  0%| F|  |TAMS 0x000000008b100000, 0x000000008b100000| Untracked 
| 106|0x000000008b200000, 0x000000008b200000, 0x000000008b300000|  0%| F|  |TAMS 0x000000008b200000, 0x000000008b200000| Untracked 
| 107|0x000000008b300000, 0x000000008b300000, 0x000000008b400000|  0%| F|  |TAMS 0x000000008b300000, 0x000000008b300000| Untracked 
| 108|0x000000008b400000, 0x000000008b400000, 0x000000008b500000|  0%| F|  |TAMS 0x000000008b400000, 0x000000008b400000| Untracked 
| 109|0x000000008b500000, 0x000000008b500000, 0x000000008b600000|  0%| F|  |TAMS 0x000000008b500000, 0x000000008b500000| Untracked 
| 110|0x000000008b600000, 0x000000008b600000, 0x000000008b700000|  0%| F|  |TAMS 0x000000008b600000, 0x000000008b600000| Untracked 
| 111|0x000000008b700000, 0x000000008b700000, 0x000000008b800000|  0%| F|  |TAMS 0x000000008b700000, 0x000000008b700000| Untracked 
| 112|0x000000008b800000, 0x000000008b800000, 0x000000008b900000|  0%| F|  |TAMS 0x000000008b800000, 0x000000008b800000| Untracked 
| 113|0x000000008b900000, 0x000000008b900000, 0x000000008ba00000|  0%| F|  |TAMS 0x000000008b900000, 0x000000008b900000| Untracked 
| 114|0x000000008ba00000, 0x000000008ba00000, 0x000000008bb00000|  0%| F|  |TAMS 0x000000008ba00000, 0x000000008ba00000| Untracked 
| 115|0x000000008bb00000, 0x000000008bb00000, 0x000000008bc00000|  0%| F|  |TAMS 0x000000008bb00000, 0x000000008bb00000| Untracked 
| 116|0x000000008bc00000, 0x000000008bc00000, 0x000000008bd00000|  0%| F|  |TAMS 0x000000008bc00000, 0x000000008bc00000| Untracked 
| 117|0x000000008bd00000, 0x000000008bd00000, 0x000000008be00000|  0%| F|  |TAMS 0x000000008bd00000, 0x000000008bd00000| Untracked 
| 118|0x000000008be00000, 0x000000008be00000, 0x000000008bf00000|  0%| F|  |TAMS 0x000000008be00000, 0x000000008be00000| Untracked 
| 119|0x000000008bf00000, 0x000000008bf00000, 0x000000008c000000|  0%| F|  |TAMS 0x000000008bf00000, 0x000000008bf00000| Untracked 
| 120|0x000000008c000000, 0x000000008c000000, 0x000000008c100000|  0%| F|  |TAMS 0x000000008c000000, 0x000000008c000000| Untracked 
| 121|0x000000008c100000, 0x000000008c100000, 0x000000008c200000|  0%| F|  |TAMS 0x000000008c100000, 0x000000008c100000| Untracked 
| 122|0x000000008c200000, 0x000000008c200000, 0x000000008c300000|  0%| F|  |TAMS 0x000000008c200000, 0x000000008c200000| Untracked 
| 123|0x000000008c300000, 0x000000008c300000, 0x000000008c400000|  0%| F|  |TAMS 0x000000008c300000, 0x000000008c300000| Untracked 
| 124|0x000000008c400000, 0x000000008c400000, 0x000000008c500000|  0%| F|  |TAMS 0x000000008c400000, 0x000000008c400000| Untracked 
| 125|0x000000008c500000, 0x000000008c500000, 0x000000008c600000|  0%| F|  |TAMS 0x000000008c500000, 0x000000008c500000| Untracked 
| 126|0x000000008c600000, 0x000000008c600000, 0x000000008c700000|  0%| F|  |TAMS 0x000000008c600000, 0x000000008c600000| Untracked 
| 127|0x000000008c700000, 0x000000008c700000, 0x000000008c800000|  0%| F|  |TAMS 0x000000008c700000, 0x000000008c700000| Untracked 
| 128|0x000000008c800000, 0x000000008c800000, 0x000000008c900000|  0%| F|  |TAMS 0x000000008c800000, 0x000000008c800000| Untracked 
| 129|0x000000008c900000, 0x000000008c900000, 0x000000008ca00000|  0%| F|  |TAMS 0x000000008c900000, 0x000000008c900000| Untracked 
| 130|0x000000008ca00000, 0x000000008ca00000, 0x000000008cb00000|  0%| F|  |TAMS 0x000000008ca00000, 0x000000008ca00000| Untracked 
| 131|0x000000008cb00000, 0x000000008cb00000, 0x000000008cc00000|  0%| F|  |TAMS 0x000000008cb00000, 0x000000008cb00000| Untracked 
| 132|0x000000008cc00000, 0x000000008cc00000, 0x000000008cd00000|  0%| F|  |TAMS 0x000000008cc00000, 0x000000008cc00000| Untracked 
| 133|0x000000008cd00000, 0x000000008cd00000, 0x000000008ce00000|  0%| F|  |TAMS 0x000000008cd00000, 0x000000008cd00000| Untracked 
| 134|0x000000008ce00000, 0x000000008ce00000, 0x000000008cf00000|  0%| F|  |TAMS 0x000000008ce00000, 0x000000008ce00000| Untracked 
| 135|0x000000008cf00000, 0x000000008cf00000, 0x000000008d000000|  0%| F|  |TAMS 0x000000008cf00000, 0x000000008cf00000| Untracked 
| 136|0x000000008d000000, 0x000000008d000000, 0x000000008d100000|  0%| F|  |TAMS 0x000000008d000000, 0x000000008d000000| Untracked 
| 137|0x000000008d100000, 0x000000008d100000, 0x000000008d200000|  0%| F|  |TAMS 0x000000008d100000, 0x000000008d100000| Untracked 
| 138|0x000000008d200000, 0x000000008d200000, 0x000000008d300000|  0%| F|  |TAMS 0x000000008d200000, 0x000000008d200000| Untracked 
| 139|0x000000008d300000, 0x000000008d300000, 0x000000008d400000|  0%| F|  |TAMS 0x000000008d300000, 0x000000008d300000| Untracked 
| 140|0x000000008d400000, 0x000000008d453e20, 0x000000008d500000| 32%| S|CS|TAMS 0x000000008d400000, 0x000000008d400000| Complete 
| 141|0x000000008d500000, 0x000000008d600000, 0x000000008d600000|100%| S|CS|TAMS 0x000000008d500000, 0x000000008d500000| Complete 
| 142|0x000000008d600000, 0x000000008d700000, 0x000000008d700000|100%| S|CS|TAMS 0x000000008d600000, 0x000000008d600000| Complete 
| 143|0x000000008d700000, 0x000000008d700000, 0x000000008d800000|  0%| F|  |TAMS 0x000000008d700000, 0x000000008d700000| Untracked 
| 144|0x000000008d800000, 0x000000008d800000, 0x000000008d900000|  0%| F|  |TAMS 0x000000008d800000, 0x000000008d800000| Untracked 
| 145|0x000000008d900000, 0x000000008d900000, 0x000000008da00000|  0%| F|  |TAMS 0x000000008d900000, 0x000000008d900000| Untracked 
| 146|0x000000008da00000, 0x000000008da00000, 0x000000008db00000|  0%| F|  |TAMS 0x000000008da00000, 0x000000008da00000| Untracked 
| 147|0x000000008db00000, 0x000000008db00000, 0x000000008dc00000|  0%| F|  |TAMS 0x000000008db00000, 0x000000008db00000| Untracked 
| 148|0x000000008dc00000, 0x000000008dc00000, 0x000000008dd00000|  0%| F|  |TAMS 0x000000008dc00000, 0x000000008dc00000| Untracked 
| 149|0x000000008dd00000, 0x000000008dd00000, 0x000000008de00000|  0%| F|  |TAMS 0x000000008dd00000, 0x000000008dd00000| Untracked 
| 150|0x000000008de00000, 0x000000008de00000, 0x000000008df00000|  0%| F|  |TAMS 0x000000008de00000, 0x000000008de00000| Untracked 
| 151|0x000000008df00000, 0x000000008df00000, 0x000000008e000000|  0%| F|  |TAMS 0x000000008df00000, 0x000000008df00000| Untracked 
| 152|0x000000008e000000, 0x000000008e000000, 0x000000008e100000|  0%| F|  |TAMS 0x000000008e000000, 0x000000008e000000| Untracked 
| 153|0x000000008e100000, 0x000000008e100000, 0x000000008e200000|  0%| F|  |TAMS 0x000000008e100000, 0x000000008e100000| Untracked 
| 154|0x000000008e200000, 0x000000008e200000, 0x000000008e300000|  0%| F|  |TAMS 0x000000008e200000, 0x000000008e200000| Untracked 
| 155|0x000000008e300000, 0x000000008e300000, 0x000000008e400000|  0%| F|  |TAMS 0x000000008e300000, 0x000000008e300000| Untracked 
| 156|0x000000008e400000, 0x000000008e400000, 0x000000008e500000|  0%| F|  |TAMS 0x000000008e400000, 0x000000008e400000| Untracked 
| 157|0x000000008e500000, 0x000000008e500000, 0x000000008e600000|  0%| F|  |TAMS 0x000000008e500000, 0x000000008e500000| Untracked 
| 158|0x000000008e600000, 0x000000008e600000, 0x000000008e700000|  0%| F|  |TAMS 0x000000008e600000, 0x000000008e600000| Untracked 
| 159|0x000000008e700000, 0x000000008e700000, 0x000000008e800000|  0%| F|  |TAMS 0x000000008e700000, 0x000000008e700000| Untracked 
| 160|0x000000008e800000, 0x000000008e800000, 0x000000008e900000|  0%| F|  |TAMS 0x000000008e800000, 0x000000008e800000| Untracked 
| 161|0x000000008e900000, 0x000000008e900000, 0x000000008ea00000|  0%| F|  |TAMS 0x000000008e900000, 0x000000008e900000| Untracked 
| 162|0x000000008ea00000, 0x000000008ea00000, 0x000000008eb00000|  0%| F|  |TAMS 0x000000008ea00000, 0x000000008ea00000| Untracked 
| 163|0x000000008eb00000, 0x000000008eb00000, 0x000000008ec00000|  0%| F|  |TAMS 0x000000008eb00000, 0x000000008eb00000| Untracked 
| 164|0x000000008ec00000, 0x000000008ec00000, 0x000000008ed00000|  0%| F|  |TAMS 0x000000008ec00000, 0x000000008ec00000| Untracked 
| 165|0x000000008ed00000, 0x000000008ed00000, 0x000000008ee00000|  0%| F|  |TAMS 0x000000008ed00000, 0x000000008ed00000| Untracked 
| 166|0x000000008ee00000, 0x000000008ee00000, 0x000000008ef00000|  0%| F|  |TAMS 0x000000008ee00000, 0x000000008ee00000| Untracked 
| 167|0x000000008ef00000, 0x000000008ef00000, 0x000000008f000000|  0%| F|  |TAMS 0x000000008ef00000, 0x000000008ef00000| Untracked 
| 168|0x000000008f000000, 0x000000008f000000, 0x000000008f100000|  0%| F|  |TAMS 0x000000008f000000, 0x000000008f000000| Untracked 
| 169|0x000000008f100000, 0x000000008f100000, 0x000000008f200000|  0%| F|  |TAMS 0x000000008f100000, 0x000000008f100000| Untracked 
| 170|0x000000008f200000, 0x000000008f200000, 0x000000008f300000|  0%| F|  |TAMS 0x000000008f200000, 0x000000008f200000| Untracked 
| 171|0x000000008f300000, 0x000000008f300000, 0x000000008f400000|  0%| F|  |TAMS 0x000000008f300000, 0x000000008f300000| Untracked 
| 172|0x000000008f400000, 0x000000008f400000, 0x000000008f500000|  0%| F|  |TAMS 0x000000008f400000, 0x000000008f400000| Untracked 
| 173|0x000000008f500000, 0x000000008f500000, 0x000000008f600000|  0%| F|  |TAMS 0x000000008f500000, 0x000000008f500000| Untracked 
| 174|0x000000008f600000, 0x000000008f600000, 0x000000008f700000|  0%| F|  |TAMS 0x000000008f600000, 0x000000008f600000| Untracked 
| 175|0x000000008f700000, 0x000000008f700000, 0x000000008f800000|  0%| F|  |TAMS 0x000000008f700000, 0x000000008f700000| Untracked 
| 176|0x000000008f800000, 0x000000008f800000, 0x000000008f900000|  0%| F|  |TAMS 0x000000008f800000, 0x000000008f800000| Untracked 
| 177|0x000000008f900000, 0x000000008f900000, 0x000000008fa00000|  0%| F|  |TAMS 0x000000008f900000, 0x000000008f900000| Untracked 
| 178|0x000000008fa00000, 0x000000008fa00000, 0x000000008fb00000|  0%| F|  |TAMS 0x000000008fa00000, 0x000000008fa00000| Untracked 
| 179|0x000000008fb00000, 0x000000008fb00000, 0x000000008fc00000|  0%| F|  |TAMS 0x000000008fb00000, 0x000000008fb00000| Untracked 
| 180|0x000000008fc00000, 0x000000008fc00000, 0x000000008fd00000|  0%| F|  |TAMS 0x000000008fc00000, 0x000000008fc00000| Untracked 
| 181|0x000000008fd00000, 0x000000008fd00000, 0x000000008fe00000|  0%| F|  |TAMS 0x000000008fd00000, 0x000000008fd00000| Untracked 
| 182|0x000000008fe00000, 0x000000008fe00000, 0x000000008ff00000|  0%| F|  |TAMS 0x000000008fe00000, 0x000000008fe00000| Untracked 
| 183|0x000000008ff00000, 0x000000008ff00000, 0x0000000090000000|  0%| F|  |TAMS 0x000000008ff00000, 0x000000008ff00000| Untracked 
| 184|0x0000000090000000, 0x0000000090000000, 0x0000000090100000|  0%| F|  |TAMS 0x0000000090000000, 0x0000000090000000| Untracked 
| 185|0x0000000090100000, 0x0000000090100000, 0x0000000090200000|  0%| F|  |TAMS 0x0000000090100000, 0x0000000090100000| Untracked 
| 186|0x0000000090200000, 0x0000000090200000, 0x0000000090300000|  0%| F|  |TAMS 0x0000000090200000, 0x0000000090200000| Untracked 
| 187|0x0000000090300000, 0x0000000090300000, 0x0000000090400000|  0%| F|  |TAMS 0x0000000090300000, 0x0000000090300000| Untracked 
| 188|0x0000000090400000, 0x0000000090400000, 0x0000000090500000|  0%| F|  |TAMS 0x0000000090400000, 0x0000000090400000| Untracked 
| 189|0x0000000090500000, 0x0000000090500000, 0x0000000090600000|  0%| F|  |TAMS 0x0000000090500000, 0x0000000090500000| Untracked 
| 190|0x0000000090600000, 0x0000000090600000, 0x0000000090700000|  0%| F|  |TAMS 0x0000000090600000, 0x0000000090600000| Untracked 
| 191|0x0000000090700000, 0x0000000090700000, 0x0000000090800000|  0%| F|  |TAMS 0x0000000090700000, 0x0000000090700000| Untracked 
| 192|0x0000000090800000, 0x0000000090800000, 0x0000000090900000|  0%| F|  |TAMS 0x0000000090800000, 0x0000000090800000| Untracked 
| 193|0x0000000090900000, 0x0000000090900000, 0x0000000090a00000|  0%| F|  |TAMS 0x0000000090900000, 0x0000000090900000| Untracked 
| 194|0x0000000090a00000, 0x0000000090a00000, 0x0000000090b00000|  0%| F|  |TAMS 0x0000000090a00000, 0x0000000090a00000| Untracked 
| 195|0x0000000090b00000, 0x0000000090b00000, 0x0000000090c00000|  0%| F|  |TAMS 0x0000000090b00000, 0x0000000090b00000| Untracked 
| 196|0x0000000090c00000, 0x0000000090c00000, 0x0000000090d00000|  0%| F|  |TAMS 0x0000000090c00000, 0x0000000090c00000| Untracked 
| 197|0x0000000090d00000, 0x0000000090d00000, 0x0000000090e00000|  0%| F|  |TAMS 0x0000000090d00000, 0x0000000090d00000| Untracked 
| 198|0x0000000090e00000, 0x0000000090e00000, 0x0000000090f00000|  0%| F|  |TAMS 0x0000000090e00000, 0x0000000090e00000| Untracked 
| 199|0x0000000090f00000, 0x0000000090f00000, 0x0000000091000000|  0%| F|  |TAMS 0x0000000090f00000, 0x0000000090f00000| Untracked 
| 200|0x0000000091000000, 0x0000000091000000, 0x0000000091100000|  0%| F|  |TAMS 0x0000000091000000, 0x0000000091000000| Untracked 
| 201|0x0000000091100000, 0x0000000091100000, 0x0000000091200000|  0%| F|  |TAMS 0x0000000091100000, 0x0000000091100000| Untracked 
| 202|0x0000000091200000, 0x0000000091200000, 0x0000000091300000|  0%| F|  |TAMS 0x0000000091200000, 0x0000000091200000| Untracked 
| 203|0x0000000091300000, 0x0000000091300000, 0x0000000091400000|  0%| F|  |TAMS 0x0000000091300000, 0x0000000091300000| Untracked 
| 204|0x0000000091400000, 0x0000000091400000, 0x0000000091500000|  0%| F|  |TAMS 0x0000000091400000, 0x0000000091400000| Untracked 
| 205|0x0000000091500000, 0x0000000091500000, 0x0000000091600000|  0%| F|  |TAMS 0x0000000091500000, 0x0000000091500000| Untracked 
| 206|0x0000000091600000, 0x0000000091600000, 0x0000000091700000|  0%| F|  |TAMS 0x0000000091600000, 0x0000000091600000| Untracked 
| 207|0x0000000091700000, 0x0000000091700000, 0x0000000091800000|  0%| F|  |TAMS 0x0000000091700000, 0x0000000091700000| Untracked 
| 208|0x0000000091800000, 0x0000000091800000, 0x0000000091900000|  0%| F|  |TAMS 0x0000000091800000, 0x0000000091800000| Untracked 
| 209|0x0000000091900000, 0x0000000091900000, 0x0000000091a00000|  0%| F|  |TAMS 0x0000000091900000, 0x0000000091900000| Untracked 
| 210|0x0000000091a00000, 0x0000000091a00000, 0x0000000091b00000|  0%| F|  |TAMS 0x0000000091a00000, 0x0000000091a00000| Untracked 
| 211|0x0000000091b00000, 0x0000000091b00000, 0x0000000091c00000|  0%| F|  |TAMS 0x0000000091b00000, 0x0000000091b00000| Untracked 
| 212|0x0000000091c00000, 0x0000000091c00000, 0x0000000091d00000|  0%| F|  |TAMS 0x0000000091c00000, 0x0000000091c00000| Untracked 
| 213|0x0000000091d00000, 0x0000000091d00000, 0x0000000091e00000|  0%| F|  |TAMS 0x0000000091d00000, 0x0000000091d00000| Untracked 
| 214|0x0000000091e00000, 0x0000000091e00000, 0x0000000091f00000|  0%| F|  |TAMS 0x0000000091e00000, 0x0000000091e00000| Untracked 
| 215|0x0000000091f00000, 0x0000000091f00000, 0x0000000092000000|  0%| F|  |TAMS 0x0000000091f00000, 0x0000000091f00000| Untracked 
| 216|0x0000000092000000, 0x0000000092000000, 0x0000000092100000|  0%| F|  |TAMS 0x0000000092000000, 0x0000000092000000| Untracked 
| 217|0x0000000092100000, 0x0000000092100000, 0x0000000092200000|  0%| F|  |TAMS 0x0000000092100000, 0x0000000092100000| Untracked 
| 218|0x0000000092200000, 0x0000000092200000, 0x0000000092300000|  0%| F|  |TAMS 0x0000000092200000, 0x0000000092200000| Untracked 
| 219|0x0000000092300000, 0x0000000092300000, 0x0000000092400000|  0%| F|  |TAMS 0x0000000092300000, 0x0000000092300000| Untracked 
| 220|0x0000000092400000, 0x0000000092400000, 0x0000000092500000|  0%| F|  |TAMS 0x0000000092400000, 0x0000000092400000| Untracked 
| 221|0x0000000092500000, 0x0000000092500000, 0x0000000092600000|  0%| F|  |TAMS 0x0000000092500000, 0x0000000092500000| Untracked 
| 222|0x0000000092600000, 0x0000000092600000, 0x0000000092700000|  0%| F|  |TAMS 0x0000000092600000, 0x0000000092600000| Untracked 
| 223|0x0000000092700000, 0x0000000092700000, 0x0000000092800000|  0%| F|  |TAMS 0x0000000092700000, 0x0000000092700000| Untracked 
| 224|0x0000000092800000, 0x0000000092800000, 0x0000000092900000|  0%| F|  |TAMS 0x0000000092800000, 0x0000000092800000| Untracked 
| 225|0x0000000092900000, 0x0000000092900000, 0x0000000092a00000|  0%| F|  |TAMS 0x0000000092900000, 0x0000000092900000| Untracked 
| 226|0x0000000092a00000, 0x0000000092a00000, 0x0000000092b00000|  0%| F|  |TAMS 0x0000000092a00000, 0x0000000092a00000| Untracked 
| 227|0x0000000092b00000, 0x0000000092b00000, 0x0000000092c00000|  0%| F|  |TAMS 0x0000000092b00000, 0x0000000092b00000| Untracked 
| 228|0x0000000092c00000, 0x0000000092c00000, 0x0000000092d00000|  0%| F|  |TAMS 0x0000000092c00000, 0x0000000092c00000| Untracked 
| 229|0x0000000092d00000, 0x0000000092d00000, 0x0000000092e00000|  0%| F|  |TAMS 0x0000000092d00000, 0x0000000092d00000| Untracked 
| 230|0x0000000092e00000, 0x0000000092e00000, 0x0000000092f00000|  0%| F|  |TAMS 0x0000000092e00000, 0x0000000092e00000| Untracked 
| 231|0x0000000092f00000, 0x0000000092f00000, 0x0000000093000000|  0%| F|  |TAMS 0x0000000092f00000, 0x0000000092f00000| Untracked 
| 232|0x0000000093000000, 0x0000000093000000, 0x0000000093100000|  0%| F|  |TAMS 0x0000000093000000, 0x0000000093000000| Untracked 
| 233|0x0000000093100000, 0x0000000093100000, 0x0000000093200000|  0%| F|  |TAMS 0x0000000093100000, 0x0000000093100000| Untracked 
| 234|0x0000000093200000, 0x0000000093200000, 0x0000000093300000|  0%| F|  |TAMS 0x0000000093200000, 0x0000000093200000| Untracked 
| 235|0x0000000093300000, 0x0000000093300000, 0x0000000093400000|  0%| F|  |TAMS 0x0000000093300000, 0x0000000093300000| Untracked 
| 236|0x0000000093400000, 0x0000000093400000, 0x0000000093500000|  0%| F|  |TAMS 0x0000000093400000, 0x0000000093400000| Untracked 
| 237|0x0000000093500000, 0x0000000093500000, 0x0000000093600000|  0%| F|  |TAMS 0x0000000093500000, 0x0000000093500000| Untracked 
| 238|0x0000000093600000, 0x0000000093600000, 0x0000000093700000|  0%| F|  |TAMS 0x0000000093600000, 0x0000000093600000| Untracked 
| 239|0x0000000093700000, 0x0000000093700000, 0x0000000093800000|  0%| F|  |TAMS 0x0000000093700000, 0x0000000093700000| Untracked 
| 240|0x0000000093800000, 0x0000000093800000, 0x0000000093900000|  0%| F|  |TAMS 0x0000000093800000, 0x0000000093800000| Untracked 
| 241|0x0000000093900000, 0x0000000093900000, 0x0000000093a00000|  0%| F|  |TAMS 0x0000000093900000, 0x0000000093900000| Untracked 
| 242|0x0000000093a00000, 0x0000000093a00000, 0x0000000093b00000|  0%| F|  |TAMS 0x0000000093a00000, 0x0000000093a00000| Untracked 
| 243|0x0000000093b00000, 0x0000000093b00000, 0x0000000093c00000|  0%| F|  |TAMS 0x0000000093b00000, 0x0000000093b00000| Untracked 
| 244|0x0000000093c00000, 0x0000000093c00000, 0x0000000093d00000|  0%| F|  |TAMS 0x0000000093c00000, 0x0000000093c00000| Untracked 
| 245|0x0000000093d00000, 0x0000000093d00000, 0x0000000093e00000|  0%| F|  |TAMS 0x0000000093d00000, 0x0000000093d00000| Untracked 
| 246|0x0000000093e00000, 0x0000000093e00000, 0x0000000093f00000|  0%| F|  |TAMS 0x0000000093e00000, 0x0000000093e00000| Untracked 
| 247|0x0000000093f00000, 0x0000000093f00000, 0x0000000094000000|  0%| F|  |TAMS 0x0000000093f00000, 0x0000000093f00000| Untracked 
| 248|0x0000000094000000, 0x0000000094000000, 0x0000000094100000|  0%| F|  |TAMS 0x0000000094000000, 0x0000000094000000| Untracked 
| 249|0x0000000094100000, 0x0000000094100000, 0x0000000094200000|  0%| F|  |TAMS 0x0000000094100000, 0x0000000094100000| Untracked 
| 250|0x0000000094200000, 0x0000000094200000, 0x0000000094300000|  0%| F|  |TAMS 0x0000000094200000, 0x0000000094200000| Untracked 
| 251|0x0000000094300000, 0x0000000094300000, 0x0000000094400000|  0%| F|  |TAMS 0x0000000094300000, 0x0000000094300000| Untracked 
| 252|0x0000000094400000, 0x0000000094400000, 0x0000000094500000|  0%| F|  |TAMS 0x0000000094400000, 0x0000000094400000| Untracked 
| 253|0x0000000094500000, 0x0000000094500000, 0x0000000094600000|  0%| F|  |TAMS 0x0000000094500000, 0x0000000094500000| Untracked 
| 254|0x0000000094600000, 0x0000000094600000, 0x0000000094700000|  0%| F|  |TAMS 0x0000000094600000, 0x0000000094600000| Untracked 
| 255|0x0000000094700000, 0x0000000094700000, 0x0000000094800000|  0%| F|  |TAMS 0x0000000094700000, 0x0000000094700000| Untracked 
| 256|0x0000000094800000, 0x0000000094800000, 0x0000000094900000|  0%| F|  |TAMS 0x0000000094800000, 0x0000000094800000| Untracked 
| 257|0x0000000094900000, 0x0000000094900000, 0x0000000094a00000|  0%| F|  |TAMS 0x0000000094900000, 0x0000000094900000| Untracked 
| 258|0x0000000094a00000, 0x0000000094a00000, 0x0000000094b00000|  0%| F|  |TAMS 0x0000000094a00000, 0x0000000094a00000| Untracked 
| 259|0x0000000094b00000, 0x0000000094b00000, 0x0000000094c00000|  0%| F|  |TAMS 0x0000000094b00000, 0x0000000094b00000| Untracked 
| 260|0x0000000094c00000, 0x0000000094c00000, 0x0000000094d00000|  0%| F|  |TAMS 0x0000000094c00000, 0x0000000094c00000| Untracked 
| 261|0x0000000094d00000, 0x0000000094d00000, 0x0000000094e00000|  0%| F|  |TAMS 0x0000000094d00000, 0x0000000094d00000| Untracked 
| 262|0x0000000094e00000, 0x0000000094e00000, 0x0000000094f00000|  0%| F|  |TAMS 0x0000000094e00000, 0x0000000094e00000| Untracked 
| 263|0x0000000094f00000, 0x0000000094f00000, 0x0000000095000000|  0%| F|  |TAMS 0x0000000094f00000, 0x0000000094f00000| Untracked 
| 264|0x0000000095000000, 0x0000000095000000, 0x0000000095100000|  0%| F|  |TAMS 0x0000000095000000, 0x0000000095000000| Untracked 
| 265|0x0000000095100000, 0x0000000095100000, 0x0000000095200000|  0%| F|  |TAMS 0x0000000095100000, 0x0000000095100000| Untracked 
| 266|0x0000000095200000, 0x0000000095200000, 0x0000000095300000|  0%| F|  |TAMS 0x0000000095200000, 0x0000000095200000| Untracked 
| 267|0x0000000095300000, 0x0000000095300000, 0x0000000095400000|  0%| F|  |TAMS 0x0000000095300000, 0x0000000095300000| Untracked 
| 268|0x0000000095400000, 0x0000000095400000, 0x0000000095500000|  0%| F|  |TAMS 0x0000000095400000, 0x0000000095400000| Untracked 
| 269|0x0000000095500000, 0x0000000095500000, 0x0000000095600000|  0%| F|  |TAMS 0x0000000095500000, 0x0000000095500000| Untracked 
| 270|0x0000000095600000, 0x0000000095600000, 0x0000000095700000|  0%| F|  |TAMS 0x0000000095600000, 0x0000000095600000| Untracked 
| 271|0x0000000095700000, 0x0000000095700000, 0x0000000095800000|  0%| F|  |TAMS 0x0000000095700000, 0x0000000095700000| Untracked 
| 272|0x0000000095800000, 0x0000000095800000, 0x0000000095900000|  0%| F|  |TAMS 0x0000000095800000, 0x0000000095800000| Untracked 
| 273|0x0000000095900000, 0x0000000095900000, 0x0000000095a00000|  0%| F|  |TAMS 0x0000000095900000, 0x0000000095900000| Untracked 
| 274|0x0000000095a00000, 0x0000000095a00000, 0x0000000095b00000|  0%| F|  |TAMS 0x0000000095a00000, 0x0000000095a00000| Untracked 
| 275|0x0000000095b00000, 0x0000000095b00000, 0x0000000095c00000|  0%| F|  |TAMS 0x0000000095b00000, 0x0000000095b00000| Untracked 
| 276|0x0000000095c00000, 0x0000000095c00000, 0x0000000095d00000|  0%| F|  |TAMS 0x0000000095c00000, 0x0000000095c00000| Untracked 
| 277|0x0000000095d00000, 0x0000000095d00000, 0x0000000095e00000|  0%| F|  |TAMS 0x0000000095d00000, 0x0000000095d00000| Untracked 
| 278|0x0000000095e00000, 0x0000000095e00000, 0x0000000095f00000|  0%| F|  |TAMS 0x0000000095e00000, 0x0000000095e00000| Untracked 
| 279|0x0000000095f00000, 0x0000000095f00000, 0x0000000096000000|  0%| F|  |TAMS 0x0000000095f00000, 0x0000000095f00000| Untracked 
| 280|0x0000000096000000, 0x0000000096000000, 0x0000000096100000|  0%| F|  |TAMS 0x0000000096000000, 0x0000000096000000| Untracked 
| 281|0x0000000096100000, 0x0000000096100000, 0x0000000096200000|  0%| F|  |TAMS 0x0000000096100000, 0x0000000096100000| Untracked 
| 282|0x0000000096200000, 0x0000000096200000, 0x0000000096300000|  0%| F|  |TAMS 0x0000000096200000, 0x0000000096200000| Untracked 
| 283|0x0000000096300000, 0x0000000096300000, 0x0000000096400000|  0%| F|  |TAMS 0x0000000096300000, 0x0000000096300000| Untracked 
| 284|0x0000000096400000, 0x0000000096400000, 0x0000000096500000|  0%| F|  |TAMS 0x0000000096400000, 0x0000000096400000| Untracked 
| 285|0x0000000096500000, 0x0000000096500000, 0x0000000096600000|  0%| F|  |TAMS 0x0000000096500000, 0x0000000096500000| Untracked 
| 286|0x0000000096600000, 0x0000000096600000, 0x0000000096700000|  0%| F|  |TAMS 0x0000000096600000, 0x0000000096600000| Untracked 
| 287|0x0000000096700000, 0x0000000096700000, 0x0000000096800000|  0%| F|  |TAMS 0x0000000096700000, 0x0000000096700000| Untracked 
| 288|0x0000000096800000, 0x0000000096800000, 0x0000000096900000|  0%| F|  |TAMS 0x0000000096800000, 0x0000000096800000| Untracked 
| 289|0x0000000096900000, 0x0000000096900000, 0x0000000096a00000|  0%| F|  |TAMS 0x0000000096900000, 0x0000000096900000| Untracked 
| 290|0x0000000096a00000, 0x0000000096a00000, 0x0000000096b00000|  0%| F|  |TAMS 0x0000000096a00000, 0x0000000096a00000| Untracked 
| 291|0x0000000096b00000, 0x0000000096b00000, 0x0000000096c00000|  0%| F|  |TAMS 0x0000000096b00000, 0x0000000096b00000| Untracked 
| 292|0x0000000096c00000, 0x0000000096c00000, 0x0000000096d00000|  0%| F|  |TAMS 0x0000000096c00000, 0x0000000096c00000| Untracked 
| 293|0x0000000096d00000, 0x0000000096d00000, 0x0000000096e00000|  0%| F|  |TAMS 0x0000000096d00000, 0x0000000096d00000| Untracked 
| 294|0x0000000096e00000, 0x0000000096e80800, 0x0000000096f00000| 50%| E|  |TAMS 0x0000000096e00000, 0x0000000096e00000| Complete 
| 295|0x0000000096f00000, 0x0000000097000000, 0x0000000097000000|100%| E|CS|TAMS 0x0000000096f00000, 0x0000000096f00000| Complete 
| 296|0x0000000097000000, 0x0000000097100000, 0x0000000097100000|100%| E|CS|TAMS 0x0000000097000000, 0x0000000097000000| Complete 
| 297|0x0000000097100000, 0x0000000097200000, 0x0000000097200000|100%| E|CS|TAMS 0x0000000097100000, 0x0000000097100000| Complete 
| 298|0x0000000097200000, 0x0000000097300000, 0x0000000097300000|100%| E|CS|TAMS 0x0000000097200000, 0x0000000097200000| Complete 
| 299|0x0000000097300000, 0x0000000097400000, 0x0000000097400000|100%| E|CS|TAMS 0x0000000097300000, 0x0000000097300000| Complete 
| 300|0x0000000097400000, 0x0000000097500000, 0x0000000097500000|100%| E|CS|TAMS 0x0000000097400000, 0x0000000097400000| Complete 
| 301|0x0000000097500000, 0x0000000097600000, 0x0000000097600000|100%| E|CS|TAMS 0x0000000097500000, 0x0000000097500000| Complete 
| 302|0x0000000097600000, 0x0000000097700000, 0x0000000097700000|100%| E|CS|TAMS 0x0000000097600000, 0x0000000097600000| Complete 
| 303|0x0000000097700000, 0x0000000097800000, 0x0000000097800000|100%| E|CS|TAMS 0x0000000097700000, 0x0000000097700000| Complete 
| 304|0x0000000097800000, 0x0000000097900000, 0x0000000097900000|100%| E|CS|TAMS 0x0000000097800000, 0x0000000097800000| Complete 
| 305|0x0000000097900000, 0x0000000097a00000, 0x0000000097a00000|100%| E|CS|TAMS 0x0000000097900000, 0x0000000097900000| Complete 
| 306|0x0000000097a00000, 0x0000000097b00000, 0x0000000097b00000|100%| E|CS|TAMS 0x0000000097a00000, 0x0000000097a00000| Complete 
| 307|0x0000000097b00000, 0x0000000097c00000, 0x0000000097c00000|100%| E|CS|TAMS 0x0000000097b00000, 0x0000000097b00000| Complete 
| 308|0x0000000097c00000, 0x0000000097d00000, 0x0000000097d00000|100%| E|CS|TAMS 0x0000000097c00000, 0x0000000097c00000| Complete 
| 309|0x0000000097d00000, 0x0000000097e00000, 0x0000000097e00000|100%| E|CS|TAMS 0x0000000097d00000, 0x0000000097d00000| Complete 
| 310|0x0000000097e00000, 0x0000000097f00000, 0x0000000097f00000|100%| E|CS|TAMS 0x0000000097e00000, 0x0000000097e00000| Complete 

Card table byte_map: [0x000002797b390000,0x000002797b770000] _byte_map_base: 0x000002797af6c000

Marking Bits (Prev, Next): (CMBitMap*) 0x0000027972cc8270, (CMBitMap*) 0x0000027972cc82b0
 Prev Bits: [0x000002797bb50000, 0x000002797da30000)
 Next Bits: [0x000002797da30000, 0x000002797f910000)

Polling page: 0x0000027971450000

Metaspace:

Usage:
  Non-class:     64.32 MB used.
      Class:      9.83 MB used.
       Both:     74.15 MB used.

Virtual space:
  Non-class space:      128.00 MB reserved,      64.62 MB ( 50%) committed,  2 nodes.
      Class space:        1.00 GB reserved,      10.06 MB ( <1%) committed,  1 nodes.
             Both:        1.12 GB reserved,      74.69 MB (  6%) committed. 

Chunk freelists:
   Non-Class:  15.41 MB
       Class:  5.88 MB
        Both:  21.29 MB

MaxMetaspaceSize: unlimited
CompressedClassSpaceSize: 1.00 GB
Initial GC threshold: 21.00 MB
Current GC threshold: 122.50 MB
CDS: on
MetaspaceReclaimPolicy: balanced
 - commit_granule_bytes: 65536.
 - commit_granule_words: 8192.
 - virtual_space_node_default_size: 8388608.
 - enlarge_chunks_in_place: 1.
 - new_chunks_are_fully_committed: 0.
 - uncommit_free_chunks: 1.
 - use_allocation_guard: 0.
 - handle_deallocations: 1.


Internal statistics:

num_allocs_failed_limit: 9.
num_arena_births: 770.
num_arena_deaths: 0.
num_vsnodes_births: 3.
num_vsnodes_deaths: 0.
num_space_committed: 1195.
num_space_uncommitted: 0.
num_chunks_returned_to_freelist: 9.
num_chunks_taken_from_freelist: 3512.
num_chunk_merges: 9.
num_chunk_splits: 2585.
num_chunks_enlarged: 2064.
num_inconsistent_stats: 0.

CodeHeap 'non-profiled nmethods': size=120000Kb used=4754Kb max_used=5349Kb free=115245Kb
 bounds [0x0000027907ad0000, 0x0000027908010000, 0x000002790f000000]
CodeHeap 'profiled nmethods': size=120000Kb used=12931Kb max_used=13616Kb free=107068Kb
 bounds [0x0000027900000000, 0x0000027900d50000, 0x0000027907530000]
CodeHeap 'non-nmethods': size=5760Kb used=1400Kb max_used=1462Kb free=4359Kb
 bounds [0x0000027907530000, 0x00000279077a0000, 0x0000027907ad0000]
 total_blobs=7181 nmethods=6443 adapters=649
 compilation: enabled
              stopped_count=0, restarted_count=0
 full_count=0

Compilation events (20 events):
Event: 30.544 Thread 0x00000279113fd970 7626       3       org.springframework.beans.factory.support.DefaultListableBeanFactory::resolveMultipleBeans (343 bytes)
Event: 30.547 Thread 0x000002795c0755b0 7628       4       java.io.File::isInvalid (47 bytes)
Event: 30.551 Thread 0x00000279113fd970 nmethod 7626 0x00000279006b4690 code [0x00000279006b4ba0, 0x00000279006b7c58]
Event: 30.552 Thread 0x00000279113fd970 7627       3       jdk.internal.reflect.ByteVectorImpl::put (27 bytes)
Event: 30.553 Thread 0x00000279113fd970 nmethod 7627 0x0000027900b8e710 code [0x0000027900b8e8c0, 0x0000027900b8eaa8]
Event: 30.556 Thread 0x000002795c0755b0 nmethod 7628 0x0000027907f42d10 code [0x0000027907f42ea0, 0x0000027907f43148]
Event: 30.559 Thread 0x000002795c078030 nmethod 7625 0x0000027907bde710 code [0x0000027907bde8a0, 0x0000027907bdee18]
Event: 30.584 Thread 0x000002795c0755b0 7629   !   4       java.util.concurrent.ConcurrentHashMap::transfer (849 bytes)
Event: 30.603 Thread 0x00000279113fd970 7630       3       java.io.WinNTFileSystem::prefixLength (91 bytes)
Event: 30.606 Thread 0x00000279113fd970 nmethod 7630 0x000002790093f690 code [0x000002790093f9c0, 0x0000027900940e58]
Event: 30.611 Thread 0x00000279113fd970 7631       3       org.springframework.beans.factory.BeanFactoryUtils::beanNamesForTypeIncludingAncestors (78 bytes)
Event: 30.612 Thread 0x00000279113fd970 nmethod 7631 0x00000279003e2490 code [0x00000279003e26c0, 0x00000279003e3068]
Event: 30.613 Thread 0x000002795c078030 7632       4       java.lang.invoke.TypeConvertingMethodAdapter::descriptorToName (36 bytes)
Event: 30.628 Thread 0x000002795c078030 nmethod 7632 0x0000027907c8a990 code [0x0000027907c8ab40, 0x0000027907c8b178]
Event: 30.681 Thread 0x00000279113fd970 7633       3       java.util.logging.LogManager$LoggerContext::getGlobalLogger (6 bytes)
Event: 30.682 Thread 0x00000279113fd970 nmethod 7633 0x0000027900419590 code [0x0000027900419720, 0x0000027900419838]
Event: 30.684 Thread 0x000002795c078030 7634       4       java.util.jar.JarFile::getEntry (35 bytes)
Event: 30.740 Thread 0x00000279113fd970 7639       1       org.springframework.boot.context.properties.bind.Bindable::getBindMethod (5 bytes)
Event: 30.741 Thread 0x00000279113fd970 nmethod 7639 0x0000027907fb3a10 code [0x0000027907fb3ba0, 0x0000027907fb3c78]
Event: 30.745 Thread 0x000002795c078030 nmethod 7634 0x0000027907c3e710 code [0x0000027907c3e900, 0x0000027907c3f6c0]

GC Heap History (20 events):
Event: 22.942 GC heap before
{Heap before GC invocations=21 (full 0):
 garbage-first heap   total 65536K, used 41396K [0x0000000084800000, 0x0000000100000000)
  region size 1024K, 9 young (9216K), 3 survivors (3072K)
 Metaspace       used 66686K, committed 67200K, reserved 1114112K
  class space    used 8870K, committed 9088K, reserved 1048576K
}
Event: 22.950 GC heap after
{Heap after GC invocations=22 (full 0):
 garbage-first heap   total 65536K, used 38178K [0x0000000084800000, 0x0000000100000000)
  region size 1024K, 2 young (2048K), 2 survivors (2048K)
 Metaspace       used 66686K, committed 67200K, reserved 1114112K
  class space    used 8870K, committed 9088K, reserved 1048576K
}
Event: 23.064 GC heap before
{Heap before GC invocations=22 (full 0):
 garbage-first heap   total 80896K, used 51490K [0x0000000084800000, 0x0000000100000000)
  region size 1024K, 14 young (14336K), 2 survivors (2048K)
 Metaspace       used 66691K, committed 67200K, reserved 1114112K
  class space    used 8870K, committed 9088K, reserved 1048576K
}
Event: 23.074 GC heap after
{Heap after GC invocations=23 (full 0):
 garbage-first heap   total 80896K, used 42836K [0x0000000084800000, 0x0000000100000000)
  region size 1024K, 2 young (2048K), 2 survivors (2048K)
 Metaspace       used 66691K, committed 67200K, reserved 1114112K
  class space    used 8870K, committed 9088K, reserved 1048576K
}
Event: 23.081 GC heap before
{Heap before GC invocations=24 (full 0):
 garbage-first heap   total 80896K, used 42836K [0x0000000084800000, 0x0000000100000000)
  region size 1024K, 3 young (3072K), 2 survivors (2048K)
 Metaspace       used 66691K, committed 67200K, reserved 1114112K
  class space    used 8870K, committed 9088K, reserved 1048576K
}
Event: 23.088 GC heap after
{Heap after GC invocations=25 (full 0):
 garbage-first heap   total 80896K, used 43510K [0x0000000084800000, 0x0000000100000000)
  region size 1024K, 1 young (1024K), 1 survivors (1024K)
 Metaspace       used 66691K, committed 67200K, reserved 1114112K
  class space    used 8870K, committed 9088K, reserved 1048576K
}
Event: 23.321 GC heap before
{Heap before GC invocations=26 (full 0):
 garbage-first heap   total 89088K, used 63990K [0x0000000084800000, 0x0000000100000000)
  region size 1024K, 17 young (17408K), 1 survivors (1024K)
 Metaspace       used 66804K, committed 67264K, reserved 1114112K
  class space    used 8885K, committed 9088K, reserved 1048576K
}
Event: 23.342 GC heap after
{Heap after GC invocations=27 (full 0):
 garbage-first heap   total 89088K, used 59392K [0x0000000084800000, 0x0000000100000000)
  region size 1024K, 3 young (3072K), 3 survivors (3072K)
 Metaspace       used 66804K, committed 67264K, reserved 1114112K
  class space    used 8885K, committed 9088K, reserved 1048576K
}
Event: 23.396 GC heap before
{Heap before GC invocations=27 (full 0):
 garbage-first heap   total 89088K, used 66560K [0x0000000084800000, 0x0000000100000000)
  region size 1024K, 11 young (11264K), 3 survivors (3072K)
 Metaspace       used 66804K, committed 67264K, reserved 1114112K
  class space    used 8885K, committed 9088K, reserved 1048576K
}
Event: 23.412 GC heap after
{Heap after GC invocations=28 (full 0):
 garbage-first heap   total 178176K, used 62175K [0x0000000084800000, 0x0000000100000000)
  region size 1024K, 2 young (2048K), 2 survivors (2048K)
 Metaspace       used 66804K, committed 67264K, reserved 1114112K
  class space    used 8885K, committed 9088K, reserved 1048576K
}
Event: 25.566 GC heap before
{Heap before GC invocations=28 (full 0):
 garbage-first heap   total 178176K, used 121567K [0x0000000084800000, 0x0000000100000000)
  region size 1024K, 54 young (55296K), 2 survivors (2048K)
 Metaspace       used 70880K, committed 71424K, reserved 1114112K
  class space    used 9345K, committed 9600K, reserved 1048576K
}
Event: 25.602 GC heap after
{Heap after GC invocations=29 (full 0):
 garbage-first heap   total 178176K, used 83554K [0x0000000084800000, 0x0000000100000000)
  region size 1024K, 7 young (7168K), 7 survivors (7168K)
 Metaspace       used 70880K, committed 71424K, reserved 1114112K
  class space    used 9345K, committed 9600K, reserved 1048576K
}
Event: 25.883 GC heap before
{Heap before GC invocations=29 (full 0):
 garbage-first heap   total 178176K, used 121442K [0x0000000084800000, 0x0000000100000000)
  region size 1024K, 42 young (43008K), 7 survivors (7168K)
 Metaspace       used 70916K, committed 71488K, reserved 1114112K
  class space    used 9347K, committed 9600K, reserved 1048576K
}
Event: 25.927 GC heap after
{Heap after GC invocations=30 (full 0):
 garbage-first heap   total 178176K, used 101126K [0x0000000084800000, 0x0000000100000000)
  region size 1024K, 6 young (6144K), 6 survivors (6144K)
 Metaspace       used 70916K, committed 71488K, reserved 1114112K
  class space    used 9347K, committed 9600K, reserved 1048576K
}
Event: 27.735 GC heap before
{Heap before GC invocations=31 (full 0):
 garbage-first heap   total 178176K, used 125702K [0x0000000084800000, 0x0000000100000000)
  region size 1024K, 36 young (36864K), 6 survivors (6144K)
 Metaspace       used 72161K, committed 72704K, reserved 1114112K
  class space    used 9512K, committed 9792K, reserved 1048576K
}
Event: 27.763 GC heap after
{Heap after GC invocations=32 (full 0):
 garbage-first heap   total 178176K, used 101376K [0x0000000084800000, 0x0000000100000000)
  region size 1024K, 5 young (5120K), 5 survivors (5120K)
 Metaspace       used 72161K, committed 72704K, reserved 1114112K
  class space    used 9512K, committed 9792K, reserved 1048576K
}
Event: 28.124 GC heap before
{Heap before GC invocations=32 (full 0):
 garbage-first heap   total 178176K, used 104448K [0x0000000084800000, 0x0000000100000000)
  region size 1024K, 8 young (8192K), 5 survivors (5120K)
 Metaspace       used 72314K, committed 72832K, reserved 1114112K
  class space    used 9538K, committed 9792K, reserved 1048576K
}
Event: 28.137 GC heap after
{Heap after GC invocations=33 (full 0):
 garbage-first heap   total 178176K, used 101771K [0x0000000084800000, 0x0000000100000000)
  region size 1024K, 1 young (1024K), 1 survivors (1024K)
 Metaspace       used 72314K, committed 72832K, reserved 1114112K
  class space    used 9538K, committed 9792K, reserved 1048576K
}
Event: 30.114 GC heap before
{Heap before GC invocations=33 (full 0):
 garbage-first heap   total 178176K, used 132491K [0x0000000084800000, 0x0000000100000000)
  region size 1024K, 31 young (31744K), 1 survivors (1024K)
 Metaspace       used 74189K, committed 74688K, reserved 1114112K
  class space    used 9819K, committed 10048K, reserved 1048576K
}
Event: 30.125 GC heap after
{Heap after GC invocations=34 (full 0):
 garbage-first heap   total 318464K, used 103130K [0x0000000084800000, 0x0000000100000000)
  region size 1024K, 3 young (3072K), 3 survivors (3072K)
 Metaspace       used 74189K, committed 74688K, reserved 1114112K
  class space    used 9819K, committed 10048K, reserved 1048576K
}

Deoptimization events (20 events):
Event: 30.161 Thread 0x00000279117b0550 DEOPT PACKING pc=0x0000027907ca4250 sp=0x000000df6f2fe680
Event: 30.161 Thread 0x00000279117b0550 DEOPT UNPACKING pc=0x0000027907585ba3 sp=0x000000df6f2fe618 mode 2
Event: 30.496 Thread 0x0000027972c6f6d0 Uncommon trap: trap_request=0xffffff45 fr.pc=0x0000027907f70394 relative=0x0000000000002034
Event: 30.496 Thread 0x0000027972c6f6d0 Uncommon trap: reason=unstable_if action=reinterpret pc=0x0000027907f70394 method=jdk.internal.reflect.Reflection.verifyMemberAccess(Ljava/lang/Class;Ljava/lang/Class;Ljava/lang/Class;I)Z @ 25 c2
Event: 30.496 Thread 0x0000027972c6f6d0 DEOPT PACKING pc=0x0000027907f70394 sp=0x000000df6e2fb4c0
Event: 30.496 Thread 0x0000027972c6f6d0 DEOPT UNPACKING pc=0x0000027907585ba3 sp=0x000000df6e2fb328 mode 2
Event: 30.507 Thread 0x0000027972c6f6d0 Uncommon trap: trap_request=0xffffff45 fr.pc=0x0000027907bcef34 relative=0x00000000000002f4
Event: 30.507 Thread 0x0000027972c6f6d0 Uncommon trap: reason=unstable_if action=reinterpret pc=0x0000027907bcef34 method=java.io.WinNTFileSystem.prefixLength(Ljava/lang/String;)I @ 42 c2
Event: 30.507 Thread 0x0000027972c6f6d0 DEOPT PACKING pc=0x0000027907bcef34 sp=0x000000df6e2fc190
Event: 30.507 Thread 0x0000027972c6f6d0 DEOPT UNPACKING pc=0x0000027907585ba3 sp=0x000000df6e2fc108 mode 2
Event: 30.539 Thread 0x0000027972c6f6d0 DEOPT PACKING pc=0x00000279004ac96d sp=0x000000df6e2fd720
Event: 30.539 Thread 0x0000027972c6f6d0 DEOPT UNPACKING pc=0x00000279075866e3 sp=0x000000df6e2fcba8 mode 0
Event: 30.584 Thread 0x0000027972c6f6d0 DEOPT PACKING pc=0x0000027900c3012a sp=0x000000df6e2fe670
Event: 30.585 Thread 0x0000027972c6f6d0 DEOPT UNPACKING pc=0x00000279075866e3 sp=0x000000df6e2fdb80 mode 0
Event: 30.682 Thread 0x0000027972c6f6d0 Uncommon trap: trap_request=0xffffff54 fr.pc=0x0000027907bd7c38 relative=0x00000000000008b8
Event: 30.682 Thread 0x0000027972c6f6d0 Uncommon trap: reason=speculate_null_assert action=make_not_entrant pc=0x0000027907bd7c38 method=java.util.jar.JarFile.getVersionedEntry(Ljava/lang/String;Ljava/util/jar/JarEntry;)Ljava/util/jar/JarEntry; @ 115 c2
Event: 30.682 Thread 0x0000027972c6f6d0 DEOPT PACKING pc=0x0000027907bd7c38 sp=0x000000df6e2fbb00
Event: 30.682 Thread 0x0000027972c6f6d0 DEOPT UNPACKING pc=0x0000027907585ba3 sp=0x000000df6e2fba58 mode 2
Event: 30.736 Thread 0x0000027972c6f6d0 DEOPT PACKING pc=0x00000279000a62dc sp=0x000000df6e2fcdb0
Event: 30.736 Thread 0x0000027972c6f6d0 DEOPT UNPACKING pc=0x00000279075866e3 sp=0x000000df6e2fc330 mode 0

Classes unloaded (0 events):
No events

Classes redefined (0 events):
No events

Internal exceptions (20 events):
Event: 22.430 Thread 0x0000027972c6f6d0 Exception <a 'java/lang/NoSuchMethodError'{0x00000000880626b0}: 'int java.lang.invoke.DirectMethodHandle$Holder.invokeStaticInit(java.lang.Object, java.lang.Object, java.lang.Object, java.lang.Object)'> (0x00000000880626b0) 
thrown [s\open\src\hotspot\share\interpreter\linkResolver.cpp, line 759]
Event: 24.560 Thread 0x0000027972c6f6d0 Exception <a 'java/lang/IncompatibleClassChangeError'{0x000000008d30c9e8}: Found class java.lang.Object, but interface was expected> (0x000000008d30c9e8) 
thrown [s\open\src\hotspot\share\interpreter\linkResolver.cpp, line 826]
Event: 24.616 Thread 0x0000027972c6f6d0 Implicit null exception at 0x0000027907de04a6 to 0x0000027907de4aac
Event: 24.638 Thread 0x0000027972c6f6d0 Exception <a 'java/lang/IncompatibleClassChangeError'{0x000000008d1b2da0}: Found class java.lang.Object, but interface was expected> (0x000000008d1b2da0) 
thrown [s\open\src\hotspot\share\interpreter\linkResolver.cpp, line 826]
Event: 24.777 Thread 0x0000027972c6f6d0 Exception <a 'java/lang/IncompatibleClassChangeError'{0x000000008ce118c8}: Found class java.lang.Object, but interface was expected> (0x000000008ce118c8) 
thrown [s\open\src\hotspot\share\interpreter\linkResolver.cpp, line 826]
Event: 25.248 Thread 0x0000027972c6f6d0 Exception <a 'java/lang/IncompatibleClassChangeError'{0x000000008c7ce1d8}: Found class java.lang.Object, but interface was expected> (0x000000008c7ce1d8) 
thrown [s\open\src\hotspot\share\interpreter\linkResolver.cpp, line 826]
Event: 25.456 Thread 0x0000027972c6f6d0 Implicit null exception at 0x0000027907f00d8c to 0x0000027907f00e2c
Event: 25.656 Thread 0x0000027972c6f6d0 Implicit null exception at 0x0000027907c6fd3a to 0x0000027907c6ff28
Event: 26.362 Thread 0x0000027972c6f6d0 Exception <a 'sun/nio/fs/WindowsException'{0x000000008f0dca70}> (0x000000008f0dca70) 
thrown [s\open\src\hotspot\share\prims\jni.cpp, line 516]
Event: 27.763 Thread 0x0000027972c6f6d0 Implicit null exception at 0x0000027907b3212c to 0x0000027907b3297c
Event: 27.989 Thread 0x0000027972c6f6d0 Exception <a 'java/lang/IncompatibleClassChangeError'{0x000000008f4f7b88}: Found class java.lang.Object, but interface was expected> (0x000000008f4f7b88) 
thrown [s\open\src\hotspot\share\interpreter\linkResolver.cpp, line 826]
Event: 28.344 Thread 0x0000027972c6f6d0 Exception <a 'java/lang/NoSuchMethodError'{0x000000008f36f118}: 'void java.lang.invoke.DirectMethodHandle$Holder.invokeVirtual(java.lang.Object, java.lang.Object, long)'> (0x000000008f36f118) 
thrown [s\open\src\hotspot\share\interpreter\linkResolver.cpp, line 759]
Event: 28.678 Thread 0x0000027972c6f6d0 Implicit null exception at 0x0000027907d40ff3 to 0x0000027907d41509
Event: 29.435 Thread 0x0000027972c6f6d0 Exception <a 'java/lang/IncompatibleClassChangeError'{0x000000008e63a6f8}: Found class java.lang.Object, but interface was expected> (0x000000008e63a6f8) 
thrown [s\open\src\hotspot\share\interpreter\linkResolver.cpp, line 826]
Event: 29.509 Thread 0x0000027972c6f6d0 Exception <a 'java/lang/NoSuchMethodError'{0x000000008e458d80}: 'java.lang.Object java.lang.invoke.DirectMethodHandle$Holder.newInvokeSpecial(java.lang.Object, java.lang.Object, java.lang.Object, java.lang.Object, java.lang.Object, java.lang.Object, java.lang.Object, java.lang.Object, java.lang.Object)'> (0x000000008e458d80) 
thrown [s\open\src\hotspot\share\interpreter\linkResolver.cpp, line 759]
Event: 29.510 Thread 0x0000027972c6f6d0 Exception <a 'java/lang/NoSuchMethodError'{0x000000008e45da30}: 'java.lang.Object java.lang.invoke.Invokers$Holder.linkToTargetMethod(java.lang.Object, java.lang.Object, java.lang.Object, java.lang.Object, java.lang.Object, java.lang.Object, java.lang.Object, java.lang.Object, java.lang.Object)'> (0x000000008e45da30) 
thrown [s\open\src\hotspot\share\interpreter\linkResolver.cpp, line 759]
Event: 30.102 Thread 0x0000027972c6f6d0 Exception <a 'java/lang/NoSuchMethodError'{0x000000008d7ab850}: 'double java.lang.invoke.DirectMethodHandle$Holder.invokeStatic(java.lang.Object, java.lang.Object)'> (0x000000008d7ab850) 
thrown [s\open\src\hotspot\share\interpreter\linkResolver.cpp, line 759]
Event: 30.108 Thread 0x0000027972c6f6d0 Exception <a 'java/lang/NoSuchMethodError'{0x000000008d7d6d78}: 'int java.lang.invoke.DirectMethodHandle$Holder.invokeStatic(java.lang.Object, java.lang.Object, java.lang.Object, java.lang.Object, java.lang.Object)'> (0x000000008d7d6d78) 
thrown [s\open\src\hotspot\share\interpreter\linkResolver.cpp, line 759]
Event: 30.164 Thread 0x00000279117b0550 Exception <a 'java/lang/NoSuchMethodError'{0x0000000097e1f3d8}: 'long java.lang.invoke.DirectMethodHandle$Holder.invokeStatic(java.lang.Object, java.lang.Object, java.lang.Object)'> (0x0000000097e1f3d8) 
thrown [s\open\src\hotspot\share\interpreter\linkResolver.cpp, line 759]
Event: 30.524 Thread 0x0000027972c6f6d0 Exception <a 'java/lang/IncompatibleClassChangeError'{0x0000000097754f50}: Found class java.lang.Object, but interface was expected> (0x0000000097754f50) 
thrown [s\open\src\hotspot\share\interpreter\linkResolver.cpp, line 826]

VM Operations (20 events):
Event: 28.463 Executing VM operation: HandshakeAllThreads
Event: 28.463 Executing VM operation: HandshakeAllThreads done
Event: 28.490 Executing VM operation: HandshakeAllThreads
Event: 28.491 Executing VM operation: HandshakeAllThreads done
Event: 28.551 Executing VM operation: HandshakeAllThreads
Event: 28.551 Executing VM operation: HandshakeAllThreads done
Event: 29.557 Executing VM operation: Cleanup
Event: 29.557 Executing VM operation: Cleanup done
Event: 29.801 Executing VM operation: HandshakeAllThreads
Event: 29.801 Executing VM operation: HandshakeAllThreads done
Event: 29.973 Executing VM operation: HandshakeAllThreads
Event: 29.973 Executing VM operation: HandshakeAllThreads done
Event: 30.114 Executing VM operation: G1CollectForAllocation
Event: 30.125 Executing VM operation: G1CollectForAllocation done
Event: 30.324 Executing VM operation: HandshakeAllThreads
Event: 30.324 Executing VM operation: HandshakeAllThreads done
Event: 30.325 Executing VM operation: G1Concurrent
Event: 30.336 Executing VM operation: G1Concurrent done
Event: 30.459 Executing VM operation: G1Concurrent
Event: 30.459 Executing VM operation: G1Concurrent done

Events (20 events):
Event: 30.181 loading class java/util/stream/ReduceOps$10
Event: 30.182 loading class java/util/stream/ReduceOps$10 done
Event: 30.182 loading class java/util/stream/ReduceOps$8ReducingSink
Event: 30.182 loading class java/util/stream/Sink$OfLong
Event: 30.182 loading class java/util/stream/Sink$OfLong done
Event: 30.182 loading class java/util/stream/ReduceOps$8ReducingSink done
Event: 30.182 loading class java/util/stream/ReferencePipeline$5$1
Event: 30.183 loading class java/util/stream/ReferencePipeline$5$1 done
Event: 30.481 loading class sun/misc/Unsafe
Event: 30.482 loading class sun/misc/Unsafe done
Event: 30.498 loading class java/nio/ShortBuffer
Event: 30.499 loading class java/nio/ShortBuffer done
Event: 30.499 loading class java/nio/FloatBuffer
Event: 30.500 loading class java/nio/FloatBuffer done
Event: 30.500 loading class java/nio/DoubleBuffer
Event: 30.500 loading class java/nio/DoubleBuffer done
Event: 30.685 loading class java/util/IdentityHashMap$EntrySpliterator
Event: 30.686 loading class java/util/IdentityHashMap$IdentityHashMapSpliterator
Event: 30.686 loading class java/util/IdentityHashMap$IdentityHashMapSpliterator done
Event: 30.686 loading class java/util/IdentityHashMap$EntrySpliterator done


Dynamic libraries:
0x00007ff69ac40000 - 0x00007ff69ac50000 	C:\Program Files\Java\jdk-17\bin\java.exe
0x00007ffa290a0000 - 0x00007ffa29308000 	C:\WINDOWS\SYSTEM32\ntdll.dll
0x00007ffa28930000 - 0x00007ffa289f9000 	C:\WINDOWS\System32\KERNEL32.DLL
0x00007ffa26730000 - 0x00007ffa26b22000 	C:\WINDOWS\System32\KERNELBASE.dll
0x00007ffa26460000 - 0x00007ffa265ab000 	C:\WINDOWS\System32\ucrtbase.dll
0x00007ff9fd0e0000 - 0x00007ff9fd0f9000 	C:\Program Files\Java\jdk-17\bin\jli.dll
0x00007ffa27350000 - 0x00007ffa27404000 	C:\WINDOWS\System32\ADVAPI32.dll
0x00007ffa272a0000 - 0x00007ffa27349000 	C:\WINDOWS\System32\msvcrt.dll
0x00007ffa27640000 - 0x00007ffa276e6000 	C:\WINDOWS\System32\sechost.dll
0x00007ff9fc530000 - 0x00007ff9fc54b000 	C:\Program Files\Java\jdk-17\bin\VCRUNTIME140.dll
0x00007ffa28ce0000 - 0x00007ffa28df8000 	C:\WINDOWS\System32\RPCRT4.dll
0x00007ffa27470000 - 0x00007ffa27635000 	C:\WINDOWS\System32\USER32.dll
0x00007ffa262c0000 - 0x00007ffa262e7000 	C:\WINDOWS\System32\win32u.dll
0x00007ffa28cb0000 - 0x00007ffa28cdb000 	C:\WINDOWS\System32\GDI32.dll
0x00007ffa26d40000 - 0x00007ffa26e6d000 	C:\WINDOWS\System32\gdi32full.dll
0x00007ffa26c90000 - 0x00007ffa26d33000 	C:\WINDOWS\System32\msvcp_win.dll
0x00007ffa25640000 - 0x00007ffa258d3000 	C:\WINDOWS\WinSxS\amd64_microsoft.windows.common-controls_6595b64144ccf1df_6.0.26100.6899_none_3e0efeeae32e88c1\COMCTL32.dll
0x00007ffa1c5f0000 - 0x00007ffa1c5fb000 	C:\WINDOWS\SYSTEM32\VERSION.dll
0x00007ffa28860000 - 0x00007ffa2888f000 	C:\WINDOWS\System32\IMM32.DLL
0x00007ffa18310000 - 0x00007ffa1831c000 	C:\Program Files\Java\jdk-17\bin\vcruntime140_1.dll
0x00007ff9d7c80000 - 0x00007ff9d7d0e000 	C:\Program Files\Java\jdk-17\bin\msvcp140.dll
0x00007ff973b40000 - 0x00007ff974720000 	C:\Program Files\Java\jdk-17\bin\server\jvm.dll
0x00007ffa28ca0000 - 0x00007ffa28ca8000 	C:\WINDOWS\System32\PSAPI.DLL
0x00007ffa13aa0000 - 0x00007ffa13aaa000 	C:\WINDOWS\SYSTEM32\WSOCK32.dll
0x00007ffa27770000 - 0x00007ffa277e4000 	C:\WINDOWS\System32\WS2_32.dll
0x00007ffa23160000 - 0x00007ffa23195000 	C:\WINDOWS\SYSTEM32\WINMM.dll
0x00007ffa246d0000 - 0x00007ffa246eb000 	C:\WINDOWS\SYSTEM32\kernel.appcore.dll
0x00007ff9f7200000 - 0x00007ff9f720a000 	C:\Program Files\Java\jdk-17\bin\jimage.dll
0x00007ffa259f0000 - 0x00007ffa25c32000 	C:\WINDOWS\SYSTEM32\DBGHELP.DLL
0x00007ffa27900000 - 0x00007ffa27c7b000 	C:\WINDOWS\System32\combase.dll
0x00007ffa27820000 - 0x00007ffa278f7000 	C:\WINDOWS\System32\OLEAUT32.dll
0x00007ffa258e0000 - 0x00007ffa2591c000 	C:\WINDOWS\SYSTEM32\dbgcore.DLL
0x00007ffa26bf0000 - 0x00007ffa26c88000 	C:\WINDOWS\System32\bcryptPrimitives.dll
0x00007ff9ecc70000 - 0x00007ff9ecc95000 	C:\Program Files\Java\jdk-17\bin\java.dll
0x00007ff9c60b0000 - 0x00007ff9c6187000 	C:\Program Files\Java\jdk-17\bin\jsvml.dll
0x00007ffa28110000 - 0x00007ffa2885d000 	C:\WINDOWS\System32\SHELL32.dll
0x00007ffa262f0000 - 0x00007ffa2645b000 	C:\WINDOWS\System32\wintypes.dll
0x00007ffa23400000 - 0x00007ffa23c5d000 	C:\WINDOWS\SYSTEM32\windows.storage.dll
0x00007ffa28a00000 - 0x00007ffa28af2000 	C:\WINDOWS\System32\SHCORE.dll
0x00007ffa288b0000 - 0x00007ffa28912000 	C:\WINDOWS\System32\shlwapi.dll
0x00007ffa26150000 - 0x00007ffa26179000 	C:\WINDOWS\SYSTEM32\profapi.dll
0x00007ff9f70b0000 - 0x00007ff9f70c9000 	C:\Program Files\Java\jdk-17\bin\net.dll
0x00007ffa1cb50000 - 0x00007ffa1cc6f000 	C:\WINDOWS\SYSTEM32\WINHTTP.dll
0x00007ffa24bf0000 - 0x00007ffa24c5b000 	C:\WINDOWS\system32\mswsock.dll
0x00007ff9f5440000 - 0x00007ff9f5456000 	C:\Program Files\Java\jdk-17\bin\nio.dll
0x00007ff9f7140000 - 0x00007ff9f7158000 	C:\Program Files\Java\jdk-17\bin\zip.dll
0x00007ff9ecc50000 - 0x00007ff9ecc5e000 	C:\Program Files\Java\jdk-17\bin\sunmscapi.dll
0x00007ffa265b0000 - 0x00007ffa26727000 	C:\WINDOWS\System32\CRYPT32.dll
0x00007ffa252c0000 - 0x00007ffa252f0000 	C:\WINDOWS\SYSTEM32\ncrypt.dll
0x00007ffa25270000 - 0x00007ffa252af000 	C:\WINDOWS\SYSTEM32\NTASN1.dll
0x00007ff9f3460000 - 0x00007ff9f3470000 	C:\Program Files\Java\jdk-17\bin\verify.dll
0x00007ffa25d60000 - 0x00007ffa25d7b000 	C:\WINDOWS\SYSTEM32\CRYPTSP.dll
0x00007ffa24d00000 - 0x00007ffa24d3b000 	C:\WINDOWS\system32\rsaenh.dll
0x00007ffa24c90000 - 0x00007ffa24cbb000 	C:\WINDOWS\SYSTEM32\USERENV.dll
0x00007ffa26120000 - 0x00007ffa26146000 	C:\WINDOWS\SYSTEM32\bcrypt.dll
0x00007ffa25120000 - 0x00007ffa2512c000 	C:\WINDOWS\SYSTEM32\CRYPTBASE.dll
0x00007ffa241c0000 - 0x00007ffa241f4000 	C:\WINDOWS\SYSTEM32\IPHLPAPI.DLL
0x00007ffa28920000 - 0x00007ffa2892a000 	C:\WINDOWS\System32\NSI.dll
0x00007ffa1cd90000 - 0x00007ffa1cdae000 	C:\WINDOWS\SYSTEM32\dhcpcsvc6.DLL
0x00007ffa1cd50000 - 0x00007ffa1cd73000 	C:\WINDOWS\SYSTEM32\dhcpcsvc.DLL
0x00007ffa242a0000 - 0x00007ffa243c6000 	C:\WINDOWS\SYSTEM32\DNSAPI.dll
0x00007ff9eceb0000 - 0x00007ff9eceba000 	C:\Program Files\Java\jdk-17\bin\management.dll
0x00007ff9ecc60000 - 0x00007ff9ecc6b000 	C:\Program Files\Java\jdk-17\bin\management_ext.dll
0x00007ffa18840000 - 0x00007ffa1884b000 	C:\Windows\System32\rasadhlp.dll
0x00007ffa1e8a0000 - 0x00007ffa1e926000 	C:\WINDOWS\System32\fwpuclnt.dll

dbghelp: loaded successfully - version: 4.0.5 - missing functions: none
symbol engine: initialized successfully - sym options: 0x614 - pdb path: .;C:\Program Files\Java\jdk-17\bin;C:\WINDOWS\SYSTEM32;C:\WINDOWS\WinSxS\amd64_microsoft.windows.common-controls_6595b64144ccf1df_6.0.26100.6899_none_3e0efeeae32e88c1;C:\Program Files\Java\jdk-17\bin\server

VM Arguments:
jvm_args: -Dfile.encoding=UTF-8 -Duser.country=KR -Duser.language=ko -Duser.variant 
java_command: com.ssu.DB_Project.DbProjectApplication
java_class_path (initial): C:\Users\dldms\Desktop\Database\team_project\Backend\build\classes\java\main;C:\Users\dldms\Desktop\Database\team_project\Backend\build\resources\main;C:\Users\dldms\.gradle\caches\modules-2\files-2.1\org.springframework.boot\spring-boot-starter-web\3.2.6\8a06aa9bee3a1de70595a92a91b702c9923c49fc\spring-boot-starter-web-3.2.6.jar;C:\Users\dldms\.gradle\caches\modules-2\files-2.1\org.springframework.boot\spring-boot-starter-data-jpa\3.2.6\cf69a3c85d76746b3cf1828c6bb69a07bd7a19a8\spring-boot-starter-data-jpa-3.2.6.jar;C:\Users\dldms\.gradle\caches\modules-2\files-2.1\org.springframework.boot\spring-boot-starter-thymeleaf\3.2.6\73ef136b3c7b192ad42891f5838573f3abe6f5\spring-boot-starter-thymeleaf-3.2.6.jar;C:\Users\dldms\.gradle\caches\modules-2\files-2.1\org.springframework.boot\spring-boot-starter-webflux\3.2.6\167aff5f66ff0c630e9bbf0a64d09846cf8c129a\spring-boot-starter-webflux-3.2.6.jar;C:\Users\dldms\.gradle\caches\modules-2\files-2.1\org.springframework.boot\spring-boot-starter-json\3.2.6\829e99fdb67aa7a09493416afd954e8b2cb90075\spring-boot-starter-json-3.2.6.jar;C:\Users\dldms\.gradle\caches\modules-2\files-2.1\org.springframework.boot\spring-boot-starter-actuator\3.2.6\43223a6e284434ca319c1cbf3e114cc6283a7fbb\spring-boot-starter-actuator-3.2.6.jar;C:\Users\dldms\.gradle\caches\modules-2\files-2.1\org.springframework.boot\spring-boot-actuator-autoconfigure\3.2.6\fa2228c10f3af2ec3c8da5b4f77339396fb7677f\spring-boot-actuator-autoconfigure-3.2.6.jar;C:\Users\dldms\.gradle\caches\modules-2\files-2.1\com.fasterxml.jackson.datatype\jackson-datatype-jdk8\2.15.4\694777f182334a21bf1aeab1b04cc4398c801f3f\jackson-datatype-jdk8-2.15.4.jar;C:\Users\dldms\.gradle\caches\modules-2\files-2.1\com.fasterxml.jackson.module\jackson-module-parameter-names\2.15.4\e654497a08359db2521b69b5f710e00836915d8c\jackson-module-parameter-names-2.15.4.jar;C:\Users\dldms\.gradle\caches\modules-2\files-2.1\io.github.bonigarcia\webdrivermanager\5.8.0\7f80f4f267d38b9eedfd
Launcher Type: SUN_STANDARD

[Global flags]
     intx CICompilerCount                          = 4                                         {product} {ergonomic}
     uint ConcGCThreads                            = 2                                         {product} {ergonomic}
     uint G1ConcRefinementThreads                  = 8                                         {product} {ergonomic}
   size_t G1HeapRegionSize                         = 1048576                                   {product} {ergonomic}
    uintx GCDrainStackTargetSize                   = 64                                        {product} {ergonomic}
   size_t InitialHeapSize                          = 130023424                                 {product} {ergonomic}
   size_t MarkStackSize                            = 4194304                                   {product} {ergonomic}
   size_t MaxHeapSize                              = 2071986176                                {product} {ergonomic}
   size_t MaxNewSize                               = 1242562560                                {product} {ergonomic}
   size_t MinHeapDeltaBytes                        = 1048576                                   {product} {ergonomic}
   size_t MinHeapSize                              = 8388608                                   {product} {ergonomic}
    uintx NonNMethodCodeHeapSize                   = 5839372                                {pd product} {ergonomic}
    uintx NonProfiledCodeHeapSize                  = 122909434                              {pd product} {ergonomic}
    uintx ProfiledCodeHeapSize                     = 122909434                              {pd product} {ergonomic}
    uintx ReservedCodeCacheSize                    = 251658240                              {pd product} {ergonomic}
     bool SegmentedCodeCache                       = true                                      {product} {ergonomic}
   size_t SoftMaxHeapSize                          = 2071986176                             {manageable} {ergonomic}
     bool UseCompressedClassPointers               = true                           {product lp64_product} {ergonomic}
     bool UseCompressedOops                        = true                           {product lp64_product} {ergonomic}
     bool UseG1GC                                  = true                                      {product} {ergonomic}
     bool UseLargePagesIndividualAllocation        = false                                  {pd product} {ergonomic}

Logging:
Log output configuration:
 #0: stdout all=warning uptime,level,tags
 #1: stderr all=off uptime,level,tags

Environment Variables:
JAVA_HOME=C:\Program Files\Java\jdk-17
PATH=C:\Program Files\Eclipse Adoptium\jdk-21.0.9.10-hotspot\bin;C:\msys64\mingw64\bin;C:\msys64\usr\bin;C:\Program Files\Git\cmd;C:\Python3.12\Scripts\;C:\Python3.12\;C:\Users\dldms\anaconda.new;C:\Users\dldms\anaconda.new\Library\mingw-w64\bin;C:\Users\dldms\anaconda.new\Library\usr\bin;C:\Users\dldms\anaconda.new\Library\bin;C:\Users\dldms\anaconda.new\Scripts;C:\Users\dldms\AppData\Local\Microsoft\WindowsApps;C:\Users\dldms\AppData\Local\Programs\Microsoft VS Code\bin;C:\Users\dldms\AppData\Local\GitHubDesktop\bin;C:\Program Files\JetBrains\IntelliJ IDEA Community Edition 2025.2.1\bin
USERNAME=dldms
OS=Windows_NT
PROCESSOR_IDENTIFIER=Intel64 Family 6 Model 140 Stepping 1, GenuineIntel



---------------  S Y S T E M  ---------------

OS:
 Windows 11 , 64 bit Build 26100 (10.0.26100.6725)
OS uptime: 1 days 7:19 hours
Hyper-V role detected

CPU: total 8 (initial active 8) (4 cores per cpu, 2 threads per core) family 6 model 140 stepping 1 microcode 0x9a, cx8, cmov, fxsr, ht, mmx, 3dnowpref, sse, sse2, sse3, ssse3, sse4.1, sse4.2, popcnt, lzcnt, tsc, tscinvbit, avx, avx2, aes, erms, clmul, bmi1, bmi2, adx, avx512f, avx512dq, avx512cd, avx512bw, avx512vl, sha, fma, vzeroupper, avx512_vpopcntdq, avx512_vpclmulqdq, avx512_vaes, avx512_vnni, clflush, clflushopt, clwb, avx512_vbmi2, avx512_vbmi, hv

Memory: 4k page, system-wide physical 7900M (657M free)
TotalPageFile size 21383M (AvailPageFile size 2M)
current process WorkingSet (physical memory assigned to process): 405M, peak: 405M
current process commit charge ("private bytes"): 582M, peak: 583M

vm_info: Java HotSpot(TM) 64-Bit Server VM (17.0.12+8-LTS-286) for windows-amd64 JRE (17.0.12+8-LTS-286), built on Jun  5 2024 06:46:59 by "mach5one" with MS VC++ 17.6 (VS2022)

END.
