#
# There is insufficient memory for the Java Runtime Environment to continue.
# Native memory allocation (mmap) failed to map 65536 bytes for Failed to commit metaspace.
# Possible reasons:
#   The system is out of physical RAM or swap space
#   The process is running with CompressedOops enabled, and the Java Heap may be blocking the growth of the native heap
# Possible solutions:
#   Reduce memory load on the system
#   Increase physical memory or swap space
#   Check if swap backing store is full
#   Decrease Java heap size (-Xmx/-Xms)
#   Decrease number of Java threads
#   Decrease Java thread stack sizes (-Xss)
#   Set larger code cache with -XX:ReservedCodeCacheSize=
#   JVM is running with Unscaled Compressed Oops mode in which the Java heap is
#     placed in the first 4GB address space. The Java Heap base address is the
#     maximum limit for the native heap growth. Please use -XX:HeapBaseMinAddress
#     to set the Java Heap base and to place the Java Heap above 4GB virtual address.
# This output file may be truncated or incomplete.
#
#  Out of Memory Error (virtualSpaceNode.cpp:110), pid=26812, tid=2932
#
# JRE version: Java(TM) SE Runtime Environment (17.0.12+8) (build 17.0.12+8-LTS-286)
# Java VM: Java HotSpot(TM) 64-Bit Server VM (17.0.12+8-LTS-286, mixed mode, emulated-client, sharing, tiered, compressed oops, compressed class ptrs, g1 gc, windows-amd64)
# No core dump will be written. Minidumps are not enabled by default on client versions of Windows
#

---------------  S U M M A R Y ------------

Command Line: -XX:TieredStopAtLevel=1 -Dfile.encoding=x-windows-949 -Duser.country=KR -Duser.language=ko -Duser.variant com.ssu.DB_Project.DbProjectApplication

Host: 11th Gen Intel(R) Core(TM) i5-1135G7 @ 2.40GHz, 8 cores, 7G,  Windows 11 , 64 bit Build 26100 (10.0.26100.6725)
Time: Tue Nov 11 22:31:38 2025  Windows 11 , 64 bit Build 26100 (10.0.26100.6725) elapsed time: 3.072445 seconds (0d 0h 0m 3s)

---------------  T H R E A D  ---------------

Current thread (0x000002362636a130):  JavaThread "main" [_thread_in_vm, id=2932, stack(0x000000f323d00000,0x000000f323e00000)]

Stack: [0x000000f323d00000,0x000000f323e00000]
Native frames: (J=compiled Java code, j=interpreted, Vv=VM code, C=native code)
V  [jvm.dll+0x67a04a]
V  [jvm.dll+0x7da4ed]
V  [jvm.dll+0x7dbe33]
V  [jvm.dll+0x7dc4a3]
V  [jvm.dll+0x24508f]
V  [jvm.dll+0x7d60bb]
V  [jvm.dll+0x6206c6]
V  [jvm.dll+0x1bed07]
V  [jvm.dll+0x623022]
V  [jvm.dll+0x621086]
V  [jvm.dll+0x62af77]
V  [jvm.dll+0x1e84b2]
V  [jvm.dll+0x1e89d5]
V  [jvm.dll+0x1e931b]
V  [jvm.dll+0x1dea41]
V  [jvm.dll+0x53f78c]
V  [jvm.dll+0x7553b8]
V  [jvm.dll+0x7554a4]
V  [jvm.dll+0x40d1af]
V  [jvm.dll+0x413c39]
C  [java.dll+0x17ec]

Java frames: (J=compiled Java code, j=interpreted, Vv=VM code)
J 923  java.lang.ClassLoader.defineClass1(Ljava/lang/ClassLoader;Ljava/lang/String;[BIILjava/security/ProtectionDomain;Ljava/lang/String;)Ljava/lang/Class; java.base@17.0.12 (0 bytes) @ 0x000002362e088be3 [0x000002362e088b20+0x00000000000000c3]
J 933 c1 java.lang.ClassLoader.defineClass(Ljava/lang/String;[BIILjava/security/ProtectionDomain;)Ljava/lang/Class; java.base@17.0.12 (43 bytes) @ 0x000002362e08bcdc [0x000002362e08bbe0+0x00000000000000fc]
J 800 c1 jdk.internal.loader.BuiltinClassLoader.defineClass(Ljava/lang/String;Ljdk/internal/loader/Resource;)Ljava/lang/Class; java.base@17.0.12 (121 bytes) @ 0x000002362e05dd64 [0x000002362e05d8a0+0x00000000000004c4]
J 799 c1 jdk.internal.loader.BuiltinClassLoader.findClassOnClassPathOrNull(Ljava/lang/String;)Ljava/lang/Class; java.base@17.0.12 (64 bytes) @ 0x000002362e05c034 [0x000002362e05bd80+0x00000000000002b4]
J 504 c1 jdk.internal.loader.BuiltinClassLoader.loadClassOrNull(Ljava/lang/String;Z)Ljava/lang/Class; java.base@17.0.12 (143 bytes) @ 0x000002362dfeac5c [0x000002362dfea800+0x000000000000045c]
J 714 c1 jdk.internal.loader.ClassLoaders$AppClassLoader.loadClass(Ljava/lang/String;Z)Ljava/lang/Class; java.base@17.0.12 (40 bytes) @ 0x000002362e03a924 [0x000002362e03a7e0+0x0000000000000144]
J 713 c1 java.lang.ClassLoader.loadClass(Ljava/lang/String;)Ljava/lang/Class; java.base@17.0.12 (7 bytes) @ 0x000002362e039d64 [0x000002362e039d20+0x0000000000000044]
v  ~StubRoutines::call_stub
j  org.springframework.core.ReactiveAdapterRegistry$ReactorRegistrar.registerAdapters(Lorg/springframework/core/ReactiveAdapterRegistry;)V+3
j  org.springframework.core.ReactiveAdapterRegistry.<init>()V+36
j  org.springframework.core.ReactiveAdapterRegistry.getSharedInstance()Lorg/springframework/core/ReactiveAdapterRegistry;+25
j  org.springframework.data.util.ReactiveWrappers$RegistryHolder.<clinit>()V+9
v  ~StubRoutines::call_stub
j  org.springframework.data.util.ReactiveWrappers.findDescriptor(Ljava/lang/Class;)Ljava/util/Optional;+6
j  org.springframework.data.util.ReactiveWrappers.isNoValueType(Ljava/lang/Class;)Z+7
j  org.springframework.data.util.ReactiveWrappers.isWrapper(Ljava/lang/Class;)Z+7
j  org.springframework.data.util.ReactiveWrappers.lambda$supports$0(Ljava/lang/Class;)Ljava/lang/Boolean;+4
j  org.springframework.data.util.ReactiveWrappers$$Lambda$456+0x000002363a2df878.apply(Ljava/lang/Object;)Ljava/lang/Object;+4
J 1979 c1 java.util.concurrent.ConcurrentMap.computeIfAbsent(Ljava/lang/Object;Ljava/util/function/Function;)Ljava/lang/Object; java.base@17.0.12 (51 bytes) @ 0x000002362e22646c [0x000002362e2263e0+0x000000000000008c]
j  org.springframework.data.util.ReactiveWrappers.supports(Ljava/lang/Class;)Z+15
j  org.springframework.data.util.ReactiveWrappers$$Lambda$455+0x000002363a2df630.test(Ljava/lang/Object;)Z+4
j  java.util.stream.MatchOps$1MatchSink.accept(Ljava/lang/Object;)V+12 java.base@17.0.12
j  java.util.stream.Streams$StreamBuilderImpl.tryAdvance(Ljava/util/function/Consumer;)Z+19 java.base@17.0.12
j  java.util.stream.Streams$ConcatSpliterator.tryAdvance(Ljava/util/function/Consumer;)Z+12 java.base@17.0.12
j  java.util.stream.ReferencePipeline$7$1.accept(Ljava/lang/Object;)V+81 java.base@17.0.12
J 1164 c1 java.util.Spliterators$ArraySpliterator.tryAdvance(Ljava/util/function/Consumer;)Z java.base@17.0.12 (58 bytes) @ 0x000002362e0e02dc [0x000002362e0e0240+0x000000000000009c]
j  java.util.stream.ReferencePipeline.forEachWithCancel(Ljava/util/Spliterator;Ljava/util/stream/Sink;)Z+13 java.base@17.0.12
j  java.util.stream.AbstractPipeline.copyIntoWithCancel(Ljava/util/stream/Sink;Ljava/util/Spliterator;)Z+32 java.base@17.0.12
J 1332 c1 java.util.stream.AbstractPipeline.copyInto(Ljava/util/stream/Sink;Ljava/util/Spliterator;)V java.base@17.0.12 (54 bytes) @ 0x000002362e116b04 [0x000002362e116a00+0x0000000000000104]
J 1331 c1 java.util.stream.AbstractPipeline.wrapAndCopyInto(Ljava/util/stream/Sink;Ljava/util/Spliterator;)Ljava/util/stream/Sink; java.base@17.0.12 (18 bytes) @ 0x000002362e115f84 [0x000002362e115ec0+0x00000000000000c4]
j  java.util.stream.MatchOps$MatchOp.evaluateSequential(Ljava/util/stream/PipelineHelper;Ljava/util/Spliterator;)Ljava/lang/Boolean;+14 java.base@17.0.12
j  java.util.stream.MatchOps$MatchOp.evaluateSequential(Ljava/util/stream/PipelineHelper;Ljava/util/Spliterator;)Ljava/lang/Object;+3 java.base@17.0.12
J 2080 c1 java.util.stream.AbstractPipeline.evaluate(Ljava/util/stream/TerminalOp;)Ljava/lang/Object; java.base@17.0.12 (94 bytes) @ 0x000002362e2516f4 [0x000002362e251600+0x00000000000000f4]
j  java.util.stream.ReferencePipeline.anyMatch(Ljava/util/function/Predicate;)Z+8 java.base@17.0.12
j  org.springframework.data.util.ReactiveWrappers.usesReactiveType(Ljava/lang/Class;)Z+28
j  org.springframework.data.repository.core.support.AbstractRepositoryMetadata.isReactiveRepository()Z+4
j  org.springframework.data.repository.config.RepositoryConfigurationExtensionSupport.useRepositoryConfiguration(Lorg/springframework/data/repository/core/RepositoryMetadata;)Z+1
j  org.springframework.data.repository.config.RepositoryConfigurationExtensionSupport.getRepositoryConfigurations(Lorg/springframework/data/repository/config/RepositoryConfigurationSource;Lorg/springframework/core/io/ResourceLoader;Z)Ljava/util/Collection;+141
j  org.springframework.data.repository.config.RepositoryConfigurationDelegate.registerRepositoriesIn(Lorg/springframework/beans/factory/support/BeanDefinitionRegistry;Lorg/springframework/data/repository/config/RepositoryConfigurationExtension;)Ljava/util/List;+205
j  org.springframework.boot.autoconfigure.data.AbstractRepositoryConfigurationSourceSupport.registerBeanDefinitions(Lorg/springframework/core/type/AnnotationMetadata;Lorg/springframework/beans/factory/support/BeanDefinitionRegistry;Lorg/springframework/beans/factory/support/BeanNameGenerator;)V+30
j  org.springframework.context.annotation.ConfigurationClassBeanDefinitionReader.lambda$loadBeanDefinitionsFromRegistrars$1(Lorg/springframework/context/annotation/ImportBeanDefinitionRegistrar;Lorg/springframework/core/type/AnnotationMetadata;)V+10
j  org.springframework.context.annotation.ConfigurationClassBeanDefinitionReader$$Lambda$406+0x000002363a298900.accept(Ljava/lang/Object;Ljava/lang/Object;)V+12
J 2216 c1 java.util.LinkedHashMap.forEach(Ljava/util/function/BiConsumer;)V java.base@17.0.12 (65 bytes) @ 0x000002362e285b3c [0x000002362e285ac0+0x000000000000007c]
j  org.springframework.context.annotation.ConfigurationClassBeanDefinitionReader.loadBeanDefinitionsFromRegistrars(Ljava/util/Map;)V+7
j  org.springframework.context.annotation.ConfigurationClassBeanDefinitionReader.loadBeanDefinitionsForConfigurationClass(Lorg/springframework/context/annotation/ConfigurationClass;Lorg/springframework/context/annotation/ConfigurationClassBeanDefinitionReader$TrackedConditionEvaluator;)V+126
j  org.springframework.context.annotation.ConfigurationClassBeanDefinitionReader.loadBeanDefinitions(Ljava/util/Set;)V+40
j  org.springframework.context.annotation.ConfigurationClassPostProcessor.processConfigBeanDefinitions(Lorg/springframework/beans/factory/support/BeanDefinitionRegistry;)V+379
j  org.springframework.context.annotation.ConfigurationClassPostProcessor.postProcessBeanDefinitionRegistry(Lorg/springframework/beans/factory/support/BeanDefinitionRegistry;)V+81
j  org.springframework.context.support.PostProcessorRegistrationDelegate.invokeBeanDefinitionRegistryPostProcessors(Ljava/util/Collection;Lorg/springframework/beans/factory/support/BeanDefinitionRegistry;Lorg/springframework/core/metrics/ApplicationStartup;)V+59
j  org.springframework.context.support.PostProcessorRegistrationDelegate.invokeBeanFactoryPostProcessors(Lorg/springframework/beans/factory/config/ConfigurableListableBeanFactory;Ljava/util/List;)V+238
j  org.springframework.context.support.AbstractApplicationContext.invokeBeanFactoryPostProcessors(Lorg/springframework/beans/factory/config/ConfigurableListableBeanFactory;)V+5
j  org.springframework.context.support.AbstractApplicationContext.refresh()V+62
j  org.springframework.boot.web.servlet.context.ServletWebServerApplicationContext.refresh()V+1
j  org.springframework.boot.SpringApplication.refresh(Lorg/springframework/context/ConfigurableApplicationContext;)V+1
j  org.springframework.boot.SpringApplication.refreshContext(Lorg/springframework/context/ConfigurableApplicationContext;)V+16
j  org.springframework.boot.SpringApplication.run([Ljava/lang/String;)Lorg/springframework/context/ConfigurableApplicationContext;+110
j  org.springframework.boot.SpringApplication.run([Ljava/lang/Class;[Ljava/lang/String;)Lorg/springframework/context/ConfigurableApplicationContext;+9
j  org.springframework.boot.SpringApplication.run(Ljava/lang/Class;[Ljava/lang/String;)Lorg/springframework/context/ConfigurableApplicationContext;+9
j  com.ssu.DB_Project.DbProjectApplication.main([Ljava/lang/String;)V+3
v  ~StubRoutines::call_stub

---------------  P R O C E S S  ---------------

Threads class SMR info:
_java_thread_list=0x000002367eda86a0, length=14, elements={
0x000002362636a130, 0x00000236388fdc60, 0x00000236389011a0, 0x00000236389175e0,
0x0000023638917eb0, 0x0000023638918780, 0x0000023638919140, 0x0000023638919bb0,
0x000002363891f5a0, 0x000002363895e2b0, 0x000002363895e7d0, 0x0000023638a32ba0,
0x0000023638bbb2d0, 0x0000023638bbfc00
}

Java Threads: ( => current thread )
=>0x000002362636a130 JavaThread "main" [_thread_in_vm, id=2932, stack(0x000000f323d00000,0x000000f323e00000)]
  0x00000236388fdc60 JavaThread "Reference Handler" daemon [_thread_blocked, id=11720, stack(0x000000f324400000,0x000000f324500000)]
  0x00000236389011a0 JavaThread "Finalizer" daemon [_thread_blocked, id=16388, stack(0x000000f324500000,0x000000f324600000)]
  0x00000236389175e0 JavaThread "Signal Dispatcher" daemon [_thread_blocked, id=22380, stack(0x000000f324600000,0x000000f324700000)]
  0x0000023638917eb0 JavaThread "Attach Listener" daemon [_thread_blocked, id=18396, stack(0x000000f324700000,0x000000f324800000)]
  0x0000023638918780 JavaThread "Service Thread" daemon [_thread_blocked, id=18080, stack(0x000000f324800000,0x000000f324900000)]
  0x0000023638919140 JavaThread "Monitor Deflation Thread" daemon [_thread_blocked, id=14732, stack(0x000000f324900000,0x000000f324a00000)]
  0x0000023638919bb0 JavaThread "C1 CompilerThread0" daemon [_thread_blocked, id=17900, stack(0x000000f324a00000,0x000000f324b00000)]
  0x000002363891f5a0 JavaThread "Sweeper thread" daemon [_thread_blocked, id=17468, stack(0x000000f324b00000,0x000000f324c00000)]
  0x000002363895e2b0 JavaThread "C1 CompilerThread1" daemon [_thread_blocked, id=4016, stack(0x000000f324c00000,0x000000f324d00000)]
  0x000002363895e7d0 JavaThread "C1 CompilerThread2" daemon [_thread_blocked, id=1720, stack(0x000000f324d00000,0x000000f324e00000)]
  0x0000023638a32ba0 JavaThread "C1 CompilerThread3" daemon [_thread_blocked, id=17668, stack(0x000000f324e00000,0x000000f324f00000)]
  0x0000023638bbb2d0 JavaThread "Notification Thread" daemon [_thread_blocked, id=12036, stack(0x000000f324f00000,0x000000f325000000)]
  0x0000023638bbfc00 JavaThread "Common-Cleaner" daemon [_thread_blocked, id=27460, stack(0x000000f325100000,0x000000f325200000)]

Other Threads:
  0x00000236388f8fb0 VMThread "VM Thread" [stack: 0x000000f324300000,0x000000f324400000] [id=25636]
  0x0000023638bbb7b0 WatcherThread [stack: 0x000000f325000000,0x000000f325100000] [id=14836]
  0x00000236263c4240 GCTaskThread "GC Thread#0" [stack: 0x000000f323e00000,0x000000f323f00000] [id=27232]
  0x000002367e7045b0 GCTaskThread "GC Thread#1" [stack: 0x000000f325200000,0x000000f325300000] [id=28120]
  0x000002367e74efe0 GCTaskThread "GC Thread#2" [stack: 0x000000f325300000,0x000000f325400000] [id=14588]
  0x000002367e74f2a0 GCTaskThread "GC Thread#3" [stack: 0x000000f325400000,0x000000f325500000] [id=25388]
  0x000002367e8b3a30 GCTaskThread "GC Thread#4" [stack: 0x000000f325500000,0x000000f325600000] [id=25708]
  0x000002367e8b3cf0 GCTaskThread "GC Thread#5" [stack: 0x000000f325600000,0x000000f325700000] [id=8232]
  0x000002367ec90bf0 GCTaskThread "GC Thread#6" [stack: 0x000000f325700000,0x000000f325800000] [id=27036]
  0x000002367ec914d0 GCTaskThread "GC Thread#7" [stack: 0x000000f325800000,0x000000f325900000] [id=27308]
  0x00000236263d57a0 ConcurrentGCThread "G1 Main Marker" [stack: 0x000000f323f00000,0x000000f324000000] [id=12692]
  0x00000236263d70c0 ConcurrentGCThread "G1 Conc#0" [stack: 0x000000f324000000,0x000000f324100000] [id=6832]
  0x000002362640e6a0 ConcurrentGCThread "G1 Refine#0" [stack: 0x000000f324100000,0x000000f324200000] [id=11240]
  0x00000236387a4120 ConcurrentGCThread "G1 Service" [stack: 0x000000f324200000,0x000000f324300000] [id=30432]

Threads with active compile tasks:

VM state: not at safepoint (normal execution)

VM Mutex/Monitor currently owned by a thread:  ([mutex/lock_event])
[0x00000236263667f0] Metaspace_lock - owner thread: 0x000002362636a130

Heap address: 0x0000000084800000, size: 1976 MB, Compressed Oops mode: 32-bit

CDS archive(s) mapped at: [0x0000023639000000-0x0000023639bd0000-0x0000023639bd0000), size 12386304, SharedBaseAddress: 0x0000023639000000, ArchiveRelocationMode: 1.
Compressed class space mapped at: 0x000002363a000000-0x000002367a000000, reserved size: 1073741824
Narrow klass base: 0x0000023639000000, Narrow klass shift: 0, Narrow klass range: 0x100000000

GC Precious Log:
 CPUs: 8 total, 8 available
 Memory: 7900M
 Large Page Support: Disabled
 NUMA Support: Disabled
 Compressed Oops: Enabled (32-bit)
 Heap Region Size: 1M
 Heap Min Capacity: 8M
 Heap Initial Capacity: 124M
 Heap Max Capacity: 1976M
 Pre-touch: Disabled
 Parallel Workers: 8
 Concurrent Workers: 2
 Concurrent Refinement Workers: 8
 Periodic GC: Disabled

Heap:
 garbage-first heap   total 126976K, used 71144K [0x0000000084800000, 0x0000000100000000)
  region size 1024K, 61 young (62464K), 5 survivors (5120K)
 Metaspace       used 20342K, committed 20608K, reserved 1114112K
  class space    used 2852K, committed 3008K, reserved 1048576K

Heap Regions: E=young(eden), S=young(survivor), O=old, HS=humongous(starts), HC=humongous(continues), CS=collection set, F=free, OA=open archive, CA=closed archive, TAMS=top-at-mark-start (previous, next)
|   0|0x0000000084800000, 0x0000000084900000, 0x0000000084900000|100%|HS|  |TAMS 0x0000000084800000, 0x0000000084800000| Complete 
|   1|0x0000000084900000, 0x0000000084a00000, 0x0000000084a00000|100%|HS|  |TAMS 0x0000000084900000, 0x0000000084900000| Complete 
|   2|0x0000000084a00000, 0x0000000084b00000, 0x0000000084b00000|100%| O|  |TAMS 0x0000000084a00000, 0x0000000084a00000| Untracked 
|   3|0x0000000084b00000, 0x0000000084c00000, 0x0000000084c00000|100%| O|  |TAMS 0x0000000084b00000, 0x0000000084b00000| Untracked 
|   4|0x0000000084c00000, 0x0000000084d00000, 0x0000000084d00000|100%| O|  |TAMS 0x0000000084c00000, 0x0000000084c00000| Untracked 
|   5|0x0000000084d00000, 0x0000000084e00000, 0x0000000084e00000|100%| O|  |TAMS 0x0000000084d00000, 0x0000000084d00000| Untracked 
|   6|0x0000000084e00000, 0x0000000084f00000, 0x0000000084f00000|100%| O|  |TAMS 0x0000000084e00000, 0x0000000084e00000| Untracked 
|   7|0x0000000084f00000, 0x0000000085000000, 0x0000000085000000|100%| O|  |TAMS 0x0000000084f00000, 0x0000000084f00000| Untracked 
|   8|0x0000000085000000, 0x0000000085100000, 0x0000000085100000|100%| O|  |TAMS 0x0000000085000000, 0x0000000085000000| Untracked 
|   9|0x0000000085100000, 0x00000000851e6e00, 0x0000000085200000| 90%| O|  |TAMS 0x0000000085100000, 0x0000000085100000| Untracked 
|  10|0x0000000085200000, 0x0000000085200000, 0x0000000085300000|  0%| F|  |TAMS 0x0000000085200000, 0x0000000085200000| Untracked 
|  11|0x0000000085300000, 0x0000000085300000, 0x0000000085400000|  0%| F|  |TAMS 0x0000000085300000, 0x0000000085300000| Untracked 
|  12|0x0000000085400000, 0x0000000085400000, 0x0000000085500000|  0%| F|  |TAMS 0x0000000085400000, 0x0000000085400000| Untracked 
|  13|0x0000000085500000, 0x0000000085500000, 0x0000000085600000|  0%| F|  |TAMS 0x0000000085500000, 0x0000000085500000| Untracked 
|  14|0x0000000085600000, 0x0000000085600000, 0x0000000085700000|  0%| F|  |TAMS 0x0000000085600000, 0x0000000085600000| Untracked 
|  15|0x0000000085700000, 0x0000000085700000, 0x0000000085800000|  0%| F|  |TAMS 0x0000000085700000, 0x0000000085700000| Untracked 
|  16|0x0000000085800000, 0x0000000085800000, 0x0000000085900000|  0%| F|  |TAMS 0x0000000085800000, 0x0000000085800000| Untracked 
|  17|0x0000000085900000, 0x0000000085900000, 0x0000000085a00000|  0%| F|  |TAMS 0x0000000085900000, 0x0000000085900000| Untracked 
|  18|0x0000000085a00000, 0x0000000085a00000, 0x0000000085b00000|  0%| F|  |TAMS 0x0000000085a00000, 0x0000000085a00000| Untracked 
|  19|0x0000000085b00000, 0x0000000085b00000, 0x0000000085c00000|  0%| F|  |TAMS 0x0000000085b00000, 0x0000000085b00000| Untracked 
|  20|0x0000000085c00000, 0x0000000085c00000, 0x0000000085d00000|  0%| F|  |TAMS 0x0000000085c00000, 0x0000000085c00000| Untracked 
|  21|0x0000000085d00000, 0x0000000085d00000, 0x0000000085e00000|  0%| F|  |TAMS 0x0000000085d00000, 0x0000000085d00000| Untracked 
|  22|0x0000000085e00000, 0x0000000085e00000, 0x0000000085f00000|  0%| F|  |TAMS 0x0000000085e00000, 0x0000000085e00000| Untracked 
|  23|0x0000000085f00000, 0x0000000085f00000, 0x0000000086000000|  0%| F|  |TAMS 0x0000000085f00000, 0x0000000085f00000| Untracked 
|  24|0x0000000086000000, 0x0000000086000000, 0x0000000086100000|  0%| F|  |TAMS 0x0000000086000000, 0x0000000086000000| Untracked 
|  25|0x0000000086100000, 0x0000000086100000, 0x0000000086200000|  0%| F|  |TAMS 0x0000000086100000, 0x0000000086100000| Untracked 
|  26|0x0000000086200000, 0x0000000086200000, 0x0000000086300000|  0%| F|  |TAMS 0x0000000086200000, 0x0000000086200000| Untracked 
|  27|0x0000000086300000, 0x0000000086300000, 0x0000000086400000|  0%| F|  |TAMS 0x0000000086300000, 0x0000000086300000| Untracked 
|  28|0x0000000086400000, 0x0000000086400000, 0x0000000086500000|  0%| F|  |TAMS 0x0000000086400000, 0x0000000086400000| Untracked 
|  29|0x0000000086500000, 0x0000000086500000, 0x0000000086600000|  0%| F|  |TAMS 0x0000000086500000, 0x0000000086500000| Untracked 
|  30|0x0000000086600000, 0x0000000086600000, 0x0000000086700000|  0%| F|  |TAMS 0x0000000086600000, 0x0000000086600000| Untracked 
|  31|0x0000000086700000, 0x0000000086700000, 0x0000000086800000|  0%| F|  |TAMS 0x0000000086700000, 0x0000000086700000| Untracked 
|  32|0x0000000086800000, 0x0000000086800000, 0x0000000086900000|  0%| F|  |TAMS 0x0000000086800000, 0x0000000086800000| Untracked 
|  33|0x0000000086900000, 0x0000000086900000, 0x0000000086a00000|  0%| F|  |TAMS 0x0000000086900000, 0x0000000086900000| Untracked 
|  34|0x0000000086a00000, 0x0000000086a00000, 0x0000000086b00000|  0%| F|  |TAMS 0x0000000086a00000, 0x0000000086a00000| Untracked 
|  35|0x0000000086b00000, 0x0000000086b00000, 0x0000000086c00000|  0%| F|  |TAMS 0x0000000086b00000, 0x0000000086b00000| Untracked 
|  36|0x0000000086c00000, 0x0000000086c00000, 0x0000000086d00000|  0%| F|  |TAMS 0x0000000086c00000, 0x0000000086c00000| Untracked 
|  37|0x0000000086d00000, 0x0000000086d00000, 0x0000000086e00000|  0%| F|  |TAMS 0x0000000086d00000, 0x0000000086d00000| Untracked 
|  38|0x0000000086e00000, 0x0000000086e00000, 0x0000000086f00000|  0%| F|  |TAMS 0x0000000086e00000, 0x0000000086e00000| Untracked 
|  39|0x0000000086f00000, 0x0000000086f00000, 0x0000000087000000|  0%| F|  |TAMS 0x0000000086f00000, 0x0000000086f00000| Untracked 
|  40|0x0000000087000000, 0x0000000087000000, 0x0000000087100000|  0%| F|  |TAMS 0x0000000087000000, 0x0000000087000000| Untracked 
|  41|0x0000000087100000, 0x0000000087100000, 0x0000000087200000|  0%| F|  |TAMS 0x0000000087100000, 0x0000000087100000| Untracked 
|  42|0x0000000087200000, 0x0000000087200000, 0x0000000087300000|  0%| F|  |TAMS 0x0000000087200000, 0x0000000087200000| Untracked 
|  43|0x0000000087300000, 0x0000000087300000, 0x0000000087400000|  0%| F|  |TAMS 0x0000000087300000, 0x0000000087300000| Untracked 
|  44|0x0000000087400000, 0x0000000087400000, 0x0000000087500000|  0%| F|  |TAMS 0x0000000087400000, 0x0000000087400000| Untracked 
|  45|0x0000000087500000, 0x0000000087500000, 0x0000000087600000|  0%| F|  |TAMS 0x0000000087500000, 0x0000000087500000| Untracked 
|  46|0x0000000087600000, 0x0000000087600000, 0x0000000087700000|  0%| F|  |TAMS 0x0000000087600000, 0x0000000087600000| Untracked 
|  47|0x0000000087700000, 0x0000000087700000, 0x0000000087800000|  0%| F|  |TAMS 0x0000000087700000, 0x0000000087700000| Untracked 
|  48|0x0000000087800000, 0x0000000087800000, 0x0000000087900000|  0%| F|  |TAMS 0x0000000087800000, 0x0000000087800000| Untracked 
|  49|0x0000000087900000, 0x0000000087900000, 0x0000000087a00000|  0%| F|  |TAMS 0x0000000087900000, 0x0000000087900000| Untracked 
|  50|0x0000000087a00000, 0x0000000087a00000, 0x0000000087b00000|  0%| F|  |TAMS 0x0000000087a00000, 0x0000000087a00000| Untracked 
|  51|0x0000000087b00000, 0x0000000087b00000, 0x0000000087c00000|  0%| F|  |TAMS 0x0000000087b00000, 0x0000000087b00000| Untracked 
|  52|0x0000000087c00000, 0x0000000087c00000, 0x0000000087d00000|  0%| F|  |TAMS 0x0000000087c00000, 0x0000000087c00000| Untracked 
|  53|0x0000000087d00000, 0x0000000087d00000, 0x0000000087e00000|  0%| F|  |TAMS 0x0000000087d00000, 0x0000000087d00000| Untracked 
|  54|0x0000000087e00000, 0x0000000087e00000, 0x0000000087f00000|  0%| F|  |TAMS 0x0000000087e00000, 0x0000000087e00000| Untracked 
|  55|0x0000000087f00000, 0x0000000087f00000, 0x0000000088000000|  0%| F|  |TAMS 0x0000000087f00000, 0x0000000087f00000| Untracked 
|  56|0x0000000088000000, 0x0000000088000000, 0x0000000088100000|  0%| F|  |TAMS 0x0000000088000000, 0x0000000088000000| Untracked 
|  57|0x0000000088100000, 0x0000000088100000, 0x0000000088200000|  0%| F|  |TAMS 0x0000000088100000, 0x0000000088100000| Untracked 
|  58|0x0000000088200000, 0x0000000088200000, 0x0000000088300000|  0%| F|  |TAMS 0x0000000088200000, 0x0000000088200000| Untracked 
|  59|0x0000000088300000, 0x0000000088300000, 0x0000000088400000|  0%| F|  |TAMS 0x0000000088300000, 0x0000000088300000| Untracked 
|  60|0x0000000088400000, 0x0000000088400000, 0x0000000088500000|  0%| F|  |TAMS 0x0000000088400000, 0x0000000088400000| Untracked 
|  61|0x0000000088500000, 0x0000000088500000, 0x0000000088600000|  0%| F|  |TAMS 0x0000000088500000, 0x0000000088500000| Untracked 
|  62|0x0000000088600000, 0x0000000088600000, 0x0000000088700000|  0%| F|  |TAMS 0x0000000088600000, 0x0000000088600000| Untracked 
|  63|0x0000000088700000, 0x0000000088780800, 0x0000000088800000| 50%| E|  |TAMS 0x0000000088700000, 0x0000000088700000| Complete 
|  64|0x0000000088800000, 0x0000000088900000, 0x0000000088900000|100%| E|CS|TAMS 0x0000000088800000, 0x0000000088800000| Complete 
|  65|0x0000000088900000, 0x0000000088a00000, 0x0000000088a00000|100%| E|CS|TAMS 0x0000000088900000, 0x0000000088900000| Complete 
|  66|0x0000000088a00000, 0x0000000088b00000, 0x0000000088b00000|100%| E|CS|TAMS 0x0000000088a00000, 0x0000000088a00000| Complete 
|  67|0x0000000088b00000, 0x0000000088c00000, 0x0000000088c00000|100%| E|CS|TAMS 0x0000000088b00000, 0x0000000088b00000| Complete 
|  68|0x0000000088c00000, 0x0000000088d00000, 0x0000000088d00000|100%| E|CS|TAMS 0x0000000088c00000, 0x0000000088c00000| Complete 
|  69|0x0000000088d00000, 0x0000000088e00000, 0x0000000088e00000|100%| E|CS|TAMS 0x0000000088d00000, 0x0000000088d00000| Complete 
|  70|0x0000000088e00000, 0x0000000088f00000, 0x0000000088f00000|100%| E|CS|TAMS 0x0000000088e00000, 0x0000000088e00000| Complete 
|  71|0x0000000088f00000, 0x0000000089000000, 0x0000000089000000|100%| E|CS|TAMS 0x0000000088f00000, 0x0000000088f00000| Complete 
|  72|0x0000000089000000, 0x0000000089093220, 0x0000000089100000| 57%| S|CS|TAMS 0x0000000089000000, 0x0000000089000000| Complete 
|  73|0x0000000089100000, 0x0000000089200000, 0x0000000089200000|100%| S|CS|TAMS 0x0000000089100000, 0x0000000089100000| Complete 
|  74|0x0000000089200000, 0x0000000089300000, 0x0000000089300000|100%| S|CS|TAMS 0x0000000089200000, 0x0000000089200000| Complete 
|  75|0x0000000089300000, 0x0000000089400000, 0x0000000089400000|100%| S|CS|TAMS 0x0000000089300000, 0x0000000089300000| Complete 
|  76|0x0000000089400000, 0x0000000089500000, 0x0000000089500000|100%| S|CS|TAMS 0x0000000089400000, 0x0000000089400000| Complete 
|  77|0x0000000089500000, 0x0000000089600000, 0x0000000089600000|100%| E|CS|TAMS 0x0000000089500000, 0x0000000089500000| Complete 
|  78|0x0000000089600000, 0x0000000089700000, 0x0000000089700000|100%| E|CS|TAMS 0x0000000089600000, 0x0000000089600000| Complete 
|  79|0x0000000089700000, 0x0000000089800000, 0x0000000089800000|100%| E|CS|TAMS 0x0000000089700000, 0x0000000089700000| Complete 
|  80|0x0000000089800000, 0x0000000089900000, 0x0000000089900000|100%| E|CS|TAMS 0x0000000089800000, 0x0000000089800000| Complete 
|  81|0x0000000089900000, 0x0000000089a00000, 0x0000000089a00000|100%| E|CS|TAMS 0x0000000089900000, 0x0000000089900000| Complete 
|  82|0x0000000089a00000, 0x0000000089b00000, 0x0000000089b00000|100%| E|CS|TAMS 0x0000000089a00000, 0x0000000089a00000| Complete 
|  83|0x0000000089b00000, 0x0000000089c00000, 0x0000000089c00000|100%| E|CS|TAMS 0x0000000089b00000, 0x0000000089b00000| Complete 
|  84|0x0000000089c00000, 0x0000000089d00000, 0x0000000089d00000|100%| E|CS|TAMS 0x0000000089c00000, 0x0000000089c00000| Complete 
|  85|0x0000000089d00000, 0x0000000089e00000, 0x0000000089e00000|100%| E|CS|TAMS 0x0000000089d00000, 0x0000000089d00000| Complete 
|  86|0x0000000089e00000, 0x0000000089f00000, 0x0000000089f00000|100%| E|CS|TAMS 0x0000000089e00000, 0x0000000089e00000| Complete 
|  87|0x0000000089f00000, 0x000000008a000000, 0x000000008a000000|100%| E|CS|TAMS 0x0000000089f00000, 0x0000000089f00000| Complete 
|  88|0x000000008a000000, 0x000000008a100000, 0x000000008a100000|100%| E|CS|TAMS 0x000000008a000000, 0x000000008a000000| Complete 
|  89|0x000000008a100000, 0x000000008a200000, 0x000000008a200000|100%| E|CS|TAMS 0x000000008a100000, 0x000000008a100000| Complete 
|  90|0x000000008a200000, 0x000000008a300000, 0x000000008a300000|100%| E|CS|TAMS 0x000000008a200000, 0x000000008a200000| Complete 
|  91|0x000000008a300000, 0x000000008a400000, 0x000000008a400000|100%| E|CS|TAMS 0x000000008a300000, 0x000000008a300000| Complete 
|  92|0x000000008a400000, 0x000000008a500000, 0x000000008a500000|100%| E|CS|TAMS 0x000000008a400000, 0x000000008a400000| Complete 
|  93|0x000000008a500000, 0x000000008a600000, 0x000000008a600000|100%| E|CS|TAMS 0x000000008a500000, 0x000000008a500000| Complete 
|  94|0x000000008a600000, 0x000000008a700000, 0x000000008a700000|100%| E|CS|TAMS 0x000000008a600000, 0x000000008a600000| Complete 
|  95|0x000000008a700000, 0x000000008a800000, 0x000000008a800000|100%| E|CS|TAMS 0x000000008a700000, 0x000000008a700000| Complete 
|  96|0x000000008a800000, 0x000000008a900000, 0x000000008a900000|100%| E|CS|TAMS 0x000000008a800000, 0x000000008a800000| Complete 
|  97|0x000000008a900000, 0x000000008aa00000, 0x000000008aa00000|100%| E|CS|TAMS 0x000000008a900000, 0x000000008a900000| Complete 
|  98|0x000000008aa00000, 0x000000008ab00000, 0x000000008ab00000|100%| E|CS|TAMS 0x000000008aa00000, 0x000000008aa00000| Complete 
|  99|0x000000008ab00000, 0x000000008ac00000, 0x000000008ac00000|100%| E|CS|TAMS 0x000000008ab00000, 0x000000008ab00000| Complete 
| 100|0x000000008ac00000, 0x000000008ad00000, 0x000000008ad00000|100%| E|CS|TAMS 0x000000008ac00000, 0x000000008ac00000| Complete 
| 101|0x000000008ad00000, 0x000000008ae00000, 0x000000008ae00000|100%| E|CS|TAMS 0x000000008ad00000, 0x000000008ad00000| Complete 
| 102|0x000000008ae00000, 0x000000008af00000, 0x000000008af00000|100%| E|CS|TAMS 0x000000008ae00000, 0x000000008ae00000| Complete 
| 103|0x000000008af00000, 0x000000008b000000, 0x000000008b000000|100%| E|CS|TAMS 0x000000008af00000, 0x000000008af00000| Complete 
| 104|0x000000008b000000, 0x000000008b100000, 0x000000008b100000|100%| E|CS|TAMS 0x000000008b000000, 0x000000008b000000| Complete 
| 105|0x000000008b100000, 0x000000008b200000, 0x000000008b200000|100%| E|CS|TAMS 0x000000008b100000, 0x000000008b100000| Complete 
| 106|0x000000008b200000, 0x000000008b300000, 0x000000008b300000|100%| E|CS|TAMS 0x000000008b200000, 0x000000008b200000| Complete 
| 107|0x000000008b300000, 0x000000008b400000, 0x000000008b400000|100%| E|CS|TAMS 0x000000008b300000, 0x000000008b300000| Complete 
| 108|0x000000008b400000, 0x000000008b500000, 0x000000008b500000|100%| E|CS|TAMS 0x000000008b400000, 0x000000008b400000| Complete 
| 109|0x000000008b500000, 0x000000008b600000, 0x000000008b600000|100%| E|CS|TAMS 0x000000008b500000, 0x000000008b500000| Complete 
| 110|0x000000008b600000, 0x000000008b700000, 0x000000008b700000|100%| E|CS|TAMS 0x000000008b600000, 0x000000008b600000| Complete 
| 111|0x000000008b700000, 0x000000008b800000, 0x000000008b800000|100%| E|CS|TAMS 0x000000008b700000, 0x000000008b700000| Complete 
| 112|0x000000008b800000, 0x000000008b900000, 0x000000008b900000|100%| E|CS|TAMS 0x000000008b800000, 0x000000008b800000| Complete 
| 113|0x000000008b900000, 0x000000008ba00000, 0x000000008ba00000|100%| E|CS|TAMS 0x000000008b900000, 0x000000008b900000| Complete 
| 114|0x000000008ba00000, 0x000000008bb00000, 0x000000008bb00000|100%| E|CS|TAMS 0x000000008ba00000, 0x000000008ba00000| Complete 
| 115|0x000000008bb00000, 0x000000008bc00000, 0x000000008bc00000|100%| E|CS|TAMS 0x000000008bb00000, 0x000000008bb00000| Complete 
| 116|0x000000008bc00000, 0x000000008bd00000, 0x000000008bd00000|100%| E|CS|TAMS 0x000000008bc00000, 0x000000008bc00000| Complete 
| 117|0x000000008bd00000, 0x000000008be00000, 0x000000008be00000|100%| E|CS|TAMS 0x000000008bd00000, 0x000000008bd00000| Complete 
| 118|0x000000008be00000, 0x000000008bf00000, 0x000000008bf00000|100%| E|CS|TAMS 0x000000008be00000, 0x000000008be00000| Complete 
| 119|0x000000008bf00000, 0x000000008c000000, 0x000000008c000000|100%| E|CS|TAMS 0x000000008bf00000, 0x000000008bf00000| Complete 
| 120|0x000000008c000000, 0x000000008c100000, 0x000000008c100000|100%| E|CS|TAMS 0x000000008c000000, 0x000000008c000000| Complete 
| 121|0x000000008c100000, 0x000000008c200000, 0x000000008c200000|100%| E|CS|TAMS 0x000000008c100000, 0x000000008c100000| Complete 
| 122|0x000000008c200000, 0x000000008c300000, 0x000000008c300000|100%| E|CS|TAMS 0x000000008c200000, 0x000000008c200000| Complete 
| 123|0x000000008c300000, 0x000000008c400000, 0x000000008c400000|100%| E|CS|TAMS 0x000000008c300000, 0x000000008c300000| Complete 

Card table byte_map: [0x00000236318e0000,0x0000023631cc0000] _byte_map_base: 0x00000236314bc000

Marking Bits (Prev, Next): (CMBitMap*) 0x00000236263c5770, (CMBitMap*) 0x00000236263c57b0
 Prev Bits: [0x00000236320a0000, 0x0000023633f80000)
 Next Bits: [0x0000023633f80000, 0x0000023635e60000)

Polling page: 0x0000023624aa0000

Metaspace:

Usage:
  Non-class:     17.08 MB used.
      Class:      2.79 MB used.
       Both:     19.87 MB used.

Virtual space:
  Non-class space:       64.00 MB reserved,      17.19 MB ( 27%) committed,  1 nodes.
      Class space:        1.00 GB reserved,       2.94 MB ( <1%) committed,  1 nodes.
             Both:        1.06 GB reserved,      20.12 MB (  2%) committed. 

Chunk freelists:
   Non-Class:  13.92 MB
       Class:  12.91 MB
        Both:  26.83 MB

MaxMetaspaceSize: unlimited
CompressedClassSpaceSize: 1.00 GB
Initial GC threshold: 21.00 MB
Current GC threshold: 21.00 MB
CDS: on
MetaspaceReclaimPolicy: balanced
 - commit_granule_bytes: 65536.
 - commit_granule_words: 8192.
 - virtual_space_node_default_size: 8388608.
 - enlarge_chunks_in_place: 1.
 - new_chunks_are_fully_committed: 0.
 - uncommit_free_chunks: 1.
 - use_allocation_guard: 0.
 - handle_deallocations: 1.


Internal statistics:

num_allocs_failed_limit: 0.
num_arena_births: 242.
num_arena_deaths: 0.
num_vsnodes_births: 2.
num_vsnodes_deaths: 0.
num_space_committed: 322.
num_space_uncommitted: 0.
num_chunks_returned_to_freelist: 0.
num_chunks_taken_from_freelist: 973.
num_chunk_merges: 0.
num_chunk_splits: 693.
num_chunks_enlarged: 556.
num_inconsistent_stats: 0.

CodeCache: size=49152Kb used=7530Kb max_used=7530Kb free=41621Kb
 bounds [0x000002362dc70000, 0x000002362e3d0000, 0x0000023630c70000]
 total_blobs=3485 nmethods=2994 adapters=415
 compilation: enabled
              stopped_count=0, restarted_count=0
 full_count=0

Compilation events (20 events):
Event: 2.887 Thread 0x0000023638a32ba0 nmethod 2978 0x000002362e3c3c90 code [0x000002362e3c3e20, 0x000002362e3c3ef8]
Event: 2.887 Thread 0x0000023638a32ba0 2981       1       java.nio.file.Files$AcceptAllFilter::accept (2 bytes)
Event: 2.887 Thread 0x000002363895e2b0 nmethod 2980 0x000002362e3c3f90 code [0x000002362e3c4120, 0x000002362e3c41f8]
Event: 2.888 Thread 0x000002363895e2b0 2982       1       org.springframework.util.AntPathMatcher::doMatch (650 bytes)
Event: 2.888 Thread 0x0000023638a32ba0 nmethod 2981 0x000002362e3c4290 code [0x000002362e3c4420, 0x000002362e3c44f8]
Event: 2.888 Thread 0x000002363895e7d0 nmethod 2979 0x000002362e3c4590 code [0x000002362e3c4760, 0x000002362e3c49e8]
Event: 2.888 Thread 0x0000023638919bb0 nmethod 2977 0x000002362e3c4b90 code [0x000002362e3c4dc0, 0x000002362e3c53e8]
Event: 2.888 Thread 0x0000023638919bb0 2983       1       org.springframework.core.io.FileSystemResource::hashCode (8 bytes)
Event: 2.888 Thread 0x0000023638919bb0 nmethod 2983 0x000002362e3c5790 code [0x000002362e3c5920, 0x000002362e3c5a08]
Event: 2.889 Thread 0x000002363895e2b0 nmethod 2982 0x000002362e3c5a90 code [0x000002362e3c5e20, 0x000002362e3c6f38]
Event: 2.890 Thread 0x000002363895e7d0 2984       1       org.springframework.context.annotation.ClassPathScanningCandidateComponentProvider::getMetadataReaderFactory (23 bytes)
Event: 2.890 Thread 0x000002363895e7d0 nmethod 2984 0x000002362e3c7d90 code [0x000002362e3c7f40, 0x000002362e3c81f8]
Event: 2.892 Thread 0x000002363895e7d0 2985       1       org.springframework.core.type.filter.AbstractTypeHierarchyTraversingFilter::matchClassName (2 bytes)
Event: 2.892 Thread 0x000002363895e7d0 nmethod 2985 0x000002362e3c8310 code [0x000002362e3c84a0, 0x000002362e3c8578]
Event: 2.899 Thread 0x000002363895e7d0 2986       1       java.lang.invoke.DirectMethodHandle::make (21 bytes)
Event: 2.899 Thread 0x000002363895e7d0 nmethod 2986 0x000002362e3c8610 code [0x000002362e3c87c0, 0x000002362e3c8938]
Event: 2.906 Thread 0x0000023638a32ba0 2989       1       java.lang.invoke.MethodType::erase (8 bytes)
Event: 2.906 Thread 0x000002363895e2b0 2991       1       java.lang.invoke.VarHandleReferences$FieldInstanceReadWrite::compareAndSet (48 bytes)
Event: 2.907 Thread 0x0000023638a32ba0 nmethod 2989 0x000002362e3c9310 code [0x000002362e3c94a0, 0x000002362e3c9578]
Event: 2.907 Thread 0x000002363895e2b0 nmethod 2991 0x000002362e3c9610 code [0x000002362e3c9820, 0x000002362e3c9d88]

GC Heap History (6 events):
Event: 1.076 GC heap before
{Heap before GC invocations=0 (full 0):
 garbage-first heap   total 126976K, used 25600K [0x0000000084800000, 0x0000000100000000)
  region size 1024K, 23 young (23552K), 0 survivors (0K)
 Metaspace       used 2970K, committed 3136K, reserved 1114112K
  class space    used 376K, committed 448K, reserved 1048576K
}
Event: 1.084 GC heap after
{Heap after GC invocations=1 (full 0):
 garbage-first heap   total 126976K, used 10041K [0x0000000084800000, 0x0000000100000000)
  region size 1024K, 3 young (3072K), 3 survivors (3072K)
 Metaspace       used 2970K, committed 3136K, reserved 1114112K
  class space    used 376K, committed 448K, reserved 1048576K
}
Event: 1.619 GC heap before
{Heap before GC invocations=1 (full 0):
 garbage-first heap   total 126976K, used 33593K [0x0000000084800000, 0x0000000100000000)
  region size 1024K, 26 young (26624K), 3 survivors (3072K)
 Metaspace       used 6679K, committed 6912K, reserved 1114112K
  class space    used 959K, committed 1088K, reserved 1048576K
}
Event: 1.624 GC heap after
{Heap after GC invocations=2 (full 0):
 garbage-first heap   total 126976K, used 11584K [0x0000000084800000, 0x0000000100000000)
  region size 1024K, 2 young (2048K), 2 survivors (2048K)
 Metaspace       used 6679K, committed 6912K, reserved 1114112K
  class space    used 959K, committed 1088K, reserved 1048576K
}
Event: 2.135 GC heap before
{Heap before GC invocations=2 (full 0):
 garbage-first heap   total 126976K, used 56640K [0x0000000084800000, 0x0000000100000000)
  region size 1024K, 47 young (48128K), 2 survivors (2048K)
 Metaspace       used 15357K, committed 15680K, reserved 1114112K
  class space    used 2105K, committed 2240K, reserved 1048576K
}
Event: 2.143 GC heap after
{Heap after GC invocations=3 (full 0):
 garbage-first heap   total 126976K, used 14824K [0x0000000084800000, 0x0000000100000000)
  region size 1024K, 5 young (5120K), 5 survivors (5120K)
 Metaspace       used 15357K, committed 15680K, reserved 1114112K
  class space    used 2105K, committed 2240K, reserved 1048576K
}

Deoptimization events (0 events):
No events

Classes unloaded (0 events):
No events

Classes redefined (0 events):
No events

Internal exceptions (20 events):
Event: 1.643 Thread 0x000002362636a130 Exception <a 'java/lang/NoSuchMethodError'{0x000000008c3ffbd0}: 'java.lang.Object java.lang.invoke.Invokers$Holder.linkToTargetMethod(java.lang.Object, long, java.lang.Object)'> (0x000000008c3ffbd0) 
thrown [s\open\src\hotspot\share\interpreter\linkResolver.cpp, line 759]
Event: 1.657 Thread 0x000002362636a130 Exception <a 'java/lang/NoSuchMethodError'{0x000000008c120e58}: 'void java.lang.invoke.DirectMethodHandle$Holder.invokeVirtual(java.lang.Object, java.lang.Object, java.lang.Object, java.lang.Object)'> (0x000000008c120e58) 
thrown [s\open\src\hotspot\share\interpreter\linkResolver.cpp, line 759]
Event: 1.698 Thread 0x000002362636a130 Exception <a 'java/lang/NoSuchMethodError'{0x000000008bfa0c90}: 'void java.lang.invoke.DirectMethodHandle$Holder.invokeSpecial(java.lang.Object, java.lang.Object, java.lang.Object)'> (0x000000008bfa0c90) 
thrown [s\open\src\hotspot\share\interpreter\linkResolver.cpp, line 759]
Event: 1.718 Thread 0x000002362636a130 Exception <a 'java/lang/NoSuchMethodError'{0x000000008bedc1c8}: 'void java.lang.invoke.DirectMethodHandle$Holder.invokeStatic(java.lang.Object, java.lang.Object, int)'> (0x000000008bedc1c8) 
thrown [s\open\src\hotspot\share\interpreter\linkResolver.cpp, line 759]
Event: 1.724 Thread 0x000002362636a130 Exception <a 'java/lang/IncompatibleClassChangeError'{0x000000008bd4c128}: Found class java.lang.Object, but interface was expected> (0x000000008bd4c128) 
thrown [s\open\src\hotspot\share\interpreter\linkResolver.cpp, line 826]
Event: 1.724 Thread 0x000002367e90ff10 Exception <a 'java/lang/NoClassDefFoundError'{0x000000008bd214e0}: jakarta/validation/Validation> (0x000000008bd214e0) 
thrown [s\open\src\hotspot\share\classfile\systemDictionary.cpp, line 245]
Event: 2.020 Thread 0x000002362636a130 Exception <a 'sun/nio/fs/WindowsException'{0x0000000089ec8cd8}> (0x0000000089ec8cd8) 
thrown [s\open\src\hotspot\share\prims\jni.cpp, line 516]
Event: 2.020 Thread 0x000002362636a130 Exception <a 'java/lang/NoSuchMethodError'{0x0000000089eca650}: 'int java.lang.invoke.DirectMethodHandle$Holder.invokeSpecial(java.lang.Object, java.lang.Object, java.lang.Object, java.lang.Object, java.lang.Object)'> (0x0000000089eca650) 
thrown [s\open\src\hotspot\share\interpreter\linkResolver.cpp, line 759]
Event: 2.022 Thread 0x000002362636a130 Exception <a 'java/lang/NoSuchMethodError'{0x0000000089ed3450}: 'void java.lang.invoke.DirectMethodHandle$Holder.invokeVirtual(java.lang.Object, java.lang.Object)'> (0x0000000089ed3450) 
thrown [s\open\src\hotspot\share\interpreter\linkResolver.cpp, line 759]
Event: 2.030 Thread 0x000002367e90ff10 Exception <a 'java/lang/NoSuchMethodError'{0x0000000089c03b28}: 'long java.lang.invoke.DirectMethodHandle$Holder.invokeSpecial(java.lang.Object, java.lang.Object)'> (0x0000000089c03b28) 
thrown [s\open\src\hotspot\share\interpreter\linkResolver.cpp, line 759]
Event: 2.032 Thread 0x000002367e90ff10 Exception <a 'java/lang/NoSuchMethodError'{0x0000000089c0e978}: 'long java.lang.invoke.DirectMethodHandle$Holder.invokeStatic(java.lang.Object, java.lang.Object)'> (0x0000000089c0e978) 
thrown [s\open\src\hotspot\share\interpreter\linkResolver.cpp, line 759]
Event: 2.032 Thread 0x000002367e90ff10 Exception <a 'java/lang/NoSuchMethodError'{0x0000000089c11f78}: 'long java.lang.invoke.DirectMethodHandle$Holder.invokeStaticInit(java.lang.Object, java.lang.Object)'> (0x0000000089c11f78) 
thrown [s\open\src\hotspot\share\interpreter\linkResolver.cpp, line 759]
Event: 2.033 Thread 0x000002367e90ff10 Exception <a 'java/lang/NoSuchMethodError'{0x0000000089c1fb20}: 'long java.lang.invoke.DirectMethodHandle$Holder.invokeInterface(java.lang.Object, java.lang.Object)'> (0x0000000089c1fb20) 
thrown [s\open\src\hotspot\share\interpreter\linkResolver.cpp, line 759]
Event: 2.033 Thread 0x000002367e90ff10 Exception <a 'java/lang/IncompatibleClassChangeError'{0x0000000089c230b0}: Found class java.lang.Object, but interface was expected> (0x0000000089c230b0) 
thrown [s\open\src\hotspot\share\interpreter\linkResolver.cpp, line 826]
Event: 2.046 Thread 0x000002367e90ff10 Exception <a 'java/lang/NoSuchMethodError'{0x0000000089b26a28}: 'java.lang.Object java.lang.invoke.DirectMethodHandle$Holder.invokeVirtual(java.lang.Object, java.lang.Object, java.lang.Object, java.lang.Object)'> (0x0000000089b26a28) 
thrown [s\open\src\hotspot\share\interpreter\linkResolver.cpp, line 759]
Event: 2.237 Thread 0x000002362636a130 Exception <a 'java/lang/IncompatibleClassChangeError'{0x000000008ba05180}: Found class java.lang.Object, but interface was expected> (0x000000008ba05180) 
thrown [s\open\src\hotspot\share\interpreter\linkResolver.cpp, line 826]
Event: 2.878 Thread 0x000002362636a130 Exception <a 'sun/nio/fs/WindowsException'{0x0000000089583f28}> (0x0000000089583f28) 
thrown [s\open\src\hotspot\share\prims\jni.cpp, line 516]
Event: 3.041 Thread 0x000002362636a130 Exception <a 'java/lang/NoSuchMethodError'{0x00000000889a70a8}: 'int java.lang.invoke.DirectMethodHandle$Holder.invokeStatic(java.lang.Object)'> (0x00000000889a70a8) 
thrown [s\open\src\hotspot\share\interpreter\linkResolver.cpp, line 759]
Event: 3.042 Thread 0x000002362636a130 Exception <a 'java/lang/NoSuchMethodError'{0x00000000889aa9f8}: 'int java.lang.invoke.DirectMethodHandle$Holder.invokeStaticInit(java.lang.Object)'> (0x00000000889aa9f8) 
thrown [s\open\src\hotspot\share\interpreter\linkResolver.cpp, line 759]
Event: 3.042 Thread 0x000002362636a130 Exception <a 'java/lang/NoSuchMethodError'{0x00000000889b0148}: 'int java.lang.invoke.DirectMethodHandle$Holder.invokeVirtual(java.lang.Object, java.lang.Object, java.lang.Object)'> (0x00000000889b0148) 
thrown [s\open\src\hotspot\share\interpreter\linkResolver.cpp, line 759]

VM Operations (20 events):
Event: 2.001 Executing VM operation: HandshakeAllThreads
Event: 2.001 Executing VM operation: HandshakeAllThreads done
Event: 2.112 Executing VM operation: HandshakeAllThreads
Event: 2.112 Executing VM operation: HandshakeAllThreads done
Event: 2.112 Executing VM operation: ICBufferFull
Event: 2.112 Executing VM operation: ICBufferFull done
Event: 2.135 Executing VM operation: G1CollectForAllocation
Event: 2.143 Executing VM operation: G1CollectForAllocation done
Event: 2.569 Executing VM operation: ICBufferFull
Event: 2.569 Executing VM operation: ICBufferFull done
Event: 2.864 Executing VM operation: HandshakeAllThreads
Event: 2.864 Executing VM operation: HandshakeAllThreads done
Event: 2.865 Executing VM operation: HandshakeAllThreads
Event: 2.865 Executing VM operation: HandshakeAllThreads done
Event: 2.871 Executing VM operation: HandshakeAllThreads
Event: 2.871 Executing VM operation: HandshakeAllThreads done
Event: 2.872 Executing VM operation: HandshakeAllThreads
Event: 2.872 Executing VM operation: HandshakeAllThreads done
Event: 2.873 Executing VM operation: HandshakeAllThreads
Event: 2.873 Executing VM operation: HandshakeAllThreads done

Events (20 events):
Event: 2.414 loading class java/beans/PropertyVetoException
Event: 2.414 loading class java/beans/PropertyVetoException done
Event: 2.794 loading class java/lang/UnsupportedClassVersionError
Event: 2.794 loading class java/lang/ClassFormatError
Event: 2.794 loading class java/lang/ClassFormatError done
Event: 2.794 loading class java/lang/UnsupportedClassVersionError done
Event: 2.870 loading class java/util/Collections$UnmodifiableMap$UnmodifiableEntrySet
Event: 2.870 loading class java/util/Collections$UnmodifiableMap$UnmodifiableEntrySet done
Event: 2.871 loading class java/util/Collections$UnmodifiableMap$UnmodifiableEntrySet$1
Event: 2.871 loading class java/util/Collections$UnmodifiableMap$UnmodifiableEntrySet$1 done
Event: 2.871 loading class java/util/Collections$UnmodifiableMap$UnmodifiableEntrySet$UnmodifiableEntry
Event: 2.871 loading class java/util/Collections$UnmodifiableMap$UnmodifiableEntrySet$UnmodifiableEntry done
Event: 2.918 loading class java/util/stream/Streams$ConcatSpliterator$OfRef
Event: 2.918 loading class java/util/stream/Streams$ConcatSpliterator
Event: 2.918 loading class java/util/stream/Streams$ConcatSpliterator done
Event: 2.918 loading class java/util/stream/Streams$ConcatSpliterator$OfRef done
Event: 2.919 loading class java/util/stream/Streams$2
Event: 2.919 loading class java/util/stream/Streams$2 done
Event: 3.043 loading class java/util/concurrent/Flow$Publisher
Event: 3.043 loading class java/util/concurrent/Flow$Publisher done


Dynamic libraries:
0x00007ff69ac40000 - 0x00007ff69ac50000 	C:\Program Files\Java\jdk-17\bin\java.exe
0x00007ffa290a0000 - 0x00007ffa29308000 	C:\WINDOWS\SYSTEM32\ntdll.dll
0x00007ffa28930000 - 0x00007ffa289f9000 	C:\WINDOWS\System32\KERNEL32.DLL
0x00007ffa26730000 - 0x00007ffa26b22000 	C:\WINDOWS\System32\KERNELBASE.dll
0x00007ffa26460000 - 0x00007ffa265ab000 	C:\WINDOWS\System32\ucrtbase.dll
0x00007ff9fd0e0000 - 0x00007ff9fd0f9000 	C:\Program Files\Java\jdk-17\bin\jli.dll
0x00007ff9fc530000 - 0x00007ff9fc54b000 	C:\Program Files\Java\jdk-17\bin\VCRUNTIME140.dll
0x00007ffa27350000 - 0x00007ffa27404000 	C:\WINDOWS\System32\ADVAPI32.dll
0x00007ffa272a0000 - 0x00007ffa27349000 	C:\WINDOWS\System32\msvcrt.dll
0x00007ffa27640000 - 0x00007ffa276e6000 	C:\WINDOWS\System32\sechost.dll
0x00007ffa28ce0000 - 0x00007ffa28df8000 	C:\WINDOWS\System32\RPCRT4.dll
0x00007ffa27470000 - 0x00007ffa27635000 	C:\WINDOWS\System32\USER32.dll
0x00007ffa262c0000 - 0x00007ffa262e7000 	C:\WINDOWS\System32\win32u.dll
0x00007ffa28cb0000 - 0x00007ffa28cdb000 	C:\WINDOWS\System32\GDI32.dll
0x00007ffa26d40000 - 0x00007ffa26e6d000 	C:\WINDOWS\System32\gdi32full.dll
0x00007ffa26c90000 - 0x00007ffa26d33000 	C:\WINDOWS\System32\msvcp_win.dll
0x00007ffa25640000 - 0x00007ffa258d3000 	C:\WINDOWS\WinSxS\amd64_microsoft.windows.common-controls_6595b64144ccf1df_6.0.26100.6899_none_3e0efeeae32e88c1\COMCTL32.dll
0x00007ffa1c5f0000 - 0x00007ffa1c5fb000 	C:\WINDOWS\SYSTEM32\VERSION.dll
0x00007ffa28860000 - 0x00007ffa2888f000 	C:\WINDOWS\System32\IMM32.DLL
0x00007ffa18310000 - 0x00007ffa1831c000 	C:\Program Files\Java\jdk-17\bin\vcruntime140_1.dll
0x00007ff9d7c80000 - 0x00007ff9d7d0e000 	C:\Program Files\Java\jdk-17\bin\msvcp140.dll
0x00007ff973b40000 - 0x00007ff974720000 	C:\Program Files\Java\jdk-17\bin\server\jvm.dll
0x00007ffa28ca0000 - 0x00007ffa28ca8000 	C:\WINDOWS\System32\PSAPI.DLL
0x00007ffa23160000 - 0x00007ffa23195000 	C:\WINDOWS\SYSTEM32\WINMM.dll
0x00007ffa13aa0000 - 0x00007ffa13aaa000 	C:\WINDOWS\SYSTEM32\WSOCK32.dll
0x00007ffa27770000 - 0x00007ffa277e4000 	C:\WINDOWS\System32\WS2_32.dll
0x00007ffa246d0000 - 0x00007ffa246eb000 	C:\WINDOWS\SYSTEM32\kernel.appcore.dll
0x00007ff9f7200000 - 0x00007ff9f720a000 	C:\Program Files\Java\jdk-17\bin\jimage.dll
0x00007ffa259f0000 - 0x00007ffa25c32000 	C:\WINDOWS\SYSTEM32\DBGHELP.DLL
0x00007ffa27900000 - 0x00007ffa27c7b000 	C:\WINDOWS\System32\combase.dll
0x00007ffa27820000 - 0x00007ffa278f7000 	C:\WINDOWS\System32\OLEAUT32.dll
0x00007ffa258e0000 - 0x00007ffa2591c000 	C:\WINDOWS\SYSTEM32\dbgcore.DLL
0x00007ffa26bf0000 - 0x00007ffa26c88000 	C:\WINDOWS\System32\bcryptPrimitives.dll
0x00007ff9ecc70000 - 0x00007ff9ecc95000 	C:\Program Files\Java\jdk-17\bin\java.dll
0x00007ff9c60b0000 - 0x00007ff9c6187000 	C:\Program Files\Java\jdk-17\bin\jsvml.dll
0x00007ffa28110000 - 0x00007ffa2885d000 	C:\WINDOWS\System32\SHELL32.dll
0x00007ffa262f0000 - 0x00007ffa2645b000 	C:\WINDOWS\System32\wintypes.dll
0x00007ffa23400000 - 0x00007ffa23c5d000 	C:\WINDOWS\SYSTEM32\windows.storage.dll
0x00007ffa28a00000 - 0x00007ffa28af2000 	C:\WINDOWS\System32\SHCORE.dll
0x00007ffa288b0000 - 0x00007ffa28912000 	C:\WINDOWS\System32\shlwapi.dll
0x00007ffa26150000 - 0x00007ffa26179000 	C:\WINDOWS\SYSTEM32\profapi.dll
0x00007ff9f70b0000 - 0x00007ff9f70c9000 	C:\Program Files\Java\jdk-17\bin\net.dll
0x00007ffa1cb50000 - 0x00007ffa1cc6f000 	C:\WINDOWS\SYSTEM32\WINHTTP.dll
0x00007ffa24bf0000 - 0x00007ffa24c5b000 	C:\WINDOWS\system32\mswsock.dll
0x00007ff9f5440000 - 0x00007ff9f5456000 	C:\Program Files\Java\jdk-17\bin\nio.dll
0x00007ff9f7140000 - 0x00007ff9f7158000 	C:\Program Files\Java\jdk-17\bin\zip.dll
0x00007ff9ecc50000 - 0x00007ff9ecc5e000 	C:\Program Files\Java\jdk-17\bin\sunmscapi.dll
0x00007ffa265b0000 - 0x00007ffa26727000 	C:\WINDOWS\System32\CRYPT32.dll
0x00007ffa252c0000 - 0x00007ffa252f0000 	C:\WINDOWS\SYSTEM32\ncrypt.dll
0x00007ffa25270000 - 0x00007ffa252af000 	C:\WINDOWS\SYSTEM32\NTASN1.dll

dbghelp: loaded successfully - version: 4.0.5 - missing functions: none
symbol engine: initialized successfully - sym options: 0x614 - pdb path: .;C:\Program Files\Java\jdk-17\bin;C:\WINDOWS\SYSTEM32;C:\WINDOWS\WinSxS\amd64_microsoft.windows.common-controls_6595b64144ccf1df_6.0.26100.6899_none_3e0efeeae32e88c1;C:\Program Files\Java\jdk-17\bin\server

VM Arguments:
jvm_args: -XX:TieredStopAtLevel=1 -Dfile.encoding=x-windows-949 -Duser.country=KR -Duser.language=ko -Duser.variant 
java_command: com.ssu.DB_Project.DbProjectApplication
java_class_path (initial): C:\Users\dldms\Desktop\Database\team_project\Backend\build\classes\java\main;C:\Users\dldms\Desktop\Database\team_project\Backend\build\resources\main;C:\Users\dldms\.gradle\caches\modules-2\files-2.1\com.fasterxml.jackson.datatype\jackson-datatype-jdk8\2.15.4\694777f182334a21bf1aeab1b04cc4398c801f3f\jackson-datatype-jdk8-2.15.4.jar;C:\Users\dldms\.gradle\caches\modules-2\files-2.1\com.fasterxml.jackson.module\jackson-module-parameter-names\2.15.4\e654497a08359db2521b69b5f710e00836915d8c\jackson-module-parameter-names-2.15.4.jar;C:\Users\dldms\.gradle\caches\modules-2\files-2.1\io.github.bonigarcia\webdrivermanager\5.8.0\7f80f4f267d38b9eedfd5327f142164e48939dd8\webdrivermanager-5.8.0.jar;C:\Users\dldms\.gradle\caches\modules-2\files-2.1\com.github.docker-java\docker-java\3.3.6\1a48fee9da600c8a6a76d4e7e8e74d7f85b65b74\docker-java-3.3.6.jar;C:\Users\dldms\.gradle\caches\modules-2\files-2.1\com.github.docker-java\docker-java-core\3.3.6\5914c06fd3c5070954abe2327dd7ab22b39ad134\docker-java-core-3.3.6.jar;C:\Users\dldms\.gradle\caches\modules-2\files-2.1\com.fasterxml.jackson.core\jackson-databind\2.15.4\560309fc381f77d4d15c4a4cdaa0db5025c4fd13\jackson-databind-2.15.4.jar;C:\Users\dldms\.gradle\caches\modules-2\files-2.1\com.github.docker-java\docker-java-api\3.3.6\8e152880bfe595c81a25501e21a6d7b1d4df97be\docker-java-api-3.3.6.jar;C:\Users\dldms\.gradle\caches\modules-2\files-2.1\com.fasterxml.jackson.core\jackson-annotations\2.15.4\5223ea5a9bf52cdc9c5e537a0e52f2432eaf208b\jackson-annotations-2.15.4.jar;C:\Users\dldms\.gradle\caches\modules-2\files-2.1\com.fasterxml.jackson.core\jackson-core\2.15.4\aebe84b45360debad94f692a4074c6aceb535fa0\jackson-core-2.15.4.jar;C:\Users\dldms\.gradle\caches\modules-2\files-2.1\com.fasterxml.jackson.datatype\jackson-datatype-jsr310\2.15.4\7de629770a4559db57128d35ccae7d2fddd35db3\jackson-datatype-jsr310-2.15.4.jar;C:\Users\dldms\.gradle\caches\modules-2\files-2.1\dev.langchain4j\langchain4j\0.32.0\17767daa908f0
Launcher Type: SUN_STANDARD

[Global flags]
     intx CICompilerCount                          = 4                                         {product} {ergonomic}
     uint ConcGCThreads                            = 2                                         {product} {ergonomic}
     uint G1ConcRefinementThreads                  = 8                                         {product} {ergonomic}
   size_t G1HeapRegionSize                         = 1048576                                   {product} {ergonomic}
    uintx GCDrainStackTargetSize                   = 64                                        {product} {ergonomic}
   size_t InitialHeapSize                          = 130023424                                 {product} {ergonomic}
   size_t MarkStackSize                            = 4194304                                   {product} {ergonomic}
   size_t MaxHeapSize                              = 2071986176                                {product} {ergonomic}
   size_t MaxNewSize                               = 1242562560                                {product} {ergonomic}
   size_t MinHeapDeltaBytes                        = 1048576                                   {product} {ergonomic}
   size_t MinHeapSize                              = 8388608                                   {product} {ergonomic}
    uintx NonProfiledCodeHeapSize                  = 0                                      {pd product} {ergonomic}
     bool ProfileInterpreter                       = false                                  {pd product} {command line}
    uintx ProfiledCodeHeapSize                     = 0                                      {pd product} {ergonomic}
   size_t SoftMaxHeapSize                          = 2071986176                             {manageable} {ergonomic}
     intx TieredStopAtLevel                        = 1                                         {product} {command line}
     bool UseCompressedClassPointers               = true                           {product lp64_product} {ergonomic}
     bool UseCompressedOops                        = true                           {product lp64_product} {ergonomic}
     bool UseG1GC                                  = true                                      {product} {ergonomic}
     bool UseLargePagesIndividualAllocation        = false                                  {pd product} {ergonomic}

Logging:
Log output configuration:
 #0: stdout all=warning uptime,level,tags
 #1: stderr all=off uptime,level,tags

Environment Variables:
JAVA_HOME=C:\Program Files\Java\jdk-17
PATH=C:\Program Files\Eclipse Adoptium\jdk-21.0.9.10-hotspot\bin;C:\msys64\mingw64\bin;C:\msys64\usr\bin;C:\Program Files\Git\cmd;C:\Python3.12\Scripts\;C:\Python3.12\;C:\Users\dldms\anaconda.new;C:\Users\dldms\anaconda.new\Library\mingw-w64\bin;C:\Users\dldms\anaconda.new\Library\usr\bin;C:\Users\dldms\anaconda.new\Library\bin;C:\Users\dldms\anaconda.new\Scripts;C:\Users\dldms\AppData\Local\Microsoft\WindowsApps;C:\Users\dldms\AppData\Local\Programs\Microsoft VS Code\bin;C:\Users\dldms\AppData\Local\GitHubDesktop\bin;C:\Program Files\JetBrains\IntelliJ IDEA Community Edition 2025.2.1\bin
USERNAME=dldms
OS=Windows_NT
PROCESSOR_IDENTIFIER=Intel64 Family 6 Model 140 Stepping 1, GenuineIntel



---------------  S Y S T E M  ---------------

OS:
 Windows 11 , 64 bit Build 26100 (10.0.26100.6725)
OS uptime: 1 days 7:01 hours
Hyper-V role detected

CPU: total 8 (initial active 8) (4 cores per cpu, 2 threads per core) family 6 model 140 stepping 1 microcode 0x9a, cx8, cmov, fxsr, ht, mmx, 3dnowpref, sse, sse2, sse3, ssse3, sse4.1, sse4.2, popcnt, lzcnt, tsc, tscinvbit, avx, avx2, aes, erms, clmul, bmi1, bmi2, adx, avx512f, avx512dq, avx512cd, avx512bw, avx512vl, sha, fma, vzeroupper, avx512_vpopcntdq, avx512_vpclmulqdq, avx512_vaes, avx512_vnni, clflush, clflushopt, clwb, avx512_vbmi2, avx512_vbmi, hv

Memory: 4k page, system-wide physical 7900M (719M free)
TotalPageFile size 20382M (AvailPageFile size 0M)
current process WorkingSet (physical memory assigned to process): 146M, peak: 146M
current process commit charge ("private bytes"): 245M, peak: 245M

vm_info: Java HotSpot(TM) 64-Bit Server VM (17.0.12+8-LTS-286) for windows-amd64 JRE (17.0.12+8-LTS-286), built on Jun  5 2024 06:46:59 by "mach5one" with MS VC++ 17.6 (VS2022)

END.
