#
# There is insufficient memory for the Java Runtime Environment to continue.
# Native memory allocation (malloc) failed to allocate 1230576 bytes for Chunk::new
# Possible reasons:
#   The system is out of physical RAM or swap space
#   The process is running with CompressedOops enabled, and the Java Heap may be blocking the growth of the native heap
# Possible solutions:
#   Reduce memory load on the system
#   Increase physical memory or swap space
#   Check if swap backing store is full
#   Decrease Java heap size (-Xmx/-Xms)
#   Decrease number of Java threads
#   Decrease Java thread stack sizes (-Xss)
#   Set larger code cache with -XX:ReservedCodeCacheSize=
#   JVM is running with Unscaled Compressed Oops mode in which the Java heap is
#     placed in the first 4GB address space. The Java Heap base address is the
#     maximum limit for the native heap growth. Please use -XX:HeapBaseMinAddress
#     to set the Java Heap base and to place the Java Heap above 4GB virtual address.
# This output file may be truncated or incomplete.
#
#  Out of Memory Error (arena.cpp:189), pid=3148, tid=15920
#
# JRE version: Java(TM) SE Runtime Environment (17.0.12+8) (build 17.0.12+8-LTS-286)
# Java VM: Java HotSpot(TM) 64-Bit Server VM (17.0.12+8-LTS-286, mixed mode, sharing, tiered, compressed oops, compressed class ptrs, g1 gc, windows-amd64)
# No core dump will be written. Minidumps are not enabled by default on client versions of Windows
#

---------------  S U M M A R Y ------------

Command Line: --add-opens=java.base/java.lang=ALL-UNNAMED --add-opens=java.base/java.lang.invoke=ALL-UNNAMED --add-opens=java.base/java.util=ALL-UNNAMED --add-opens=java.prefs/java.util.prefs=ALL-UNNAMED --add-exports=jdk.compiler/com.sun.tools.javac.api=ALL-UNNAMED --add-exports=jdk.compiler/com.sun.tools.javac.util=ALL-UNNAMED --add-opens=java.base/java.util=ALL-UNNAMED --add-opens=java.prefs/java.util.prefs=ALL-UNNAMED --add-opens=java.base/java.nio.charset=ALL-UNNAMED --add-opens=java.base/java.net=ALL-UNNAMED --add-opens=java.base/java.util.concurrent.atomic=ALL-UNNAMED --add-opens=java.xml/javax.xml.namespace=ALL-UNNAMED -XX:MaxMetaspaceSize=384m -XX:+HeapDumpOnOutOfMemoryError -Xms256m -Xmx512m -Dfile.encoding=x-windows-949 -Duser.country=KR -Duser.language=ko -Duser.variant -javaagent:C:\Users\dldms\.gradle\wrapper\dists\gradle-8.14.3-bin\cv11ve7ro1n3o1j4so8xd9n66\gradle-8.14.3\lib\agents\gradle-instrumentation-agent-8.14.3.jar org.gradle.launcher.daemon.bootstrap.GradleDaemon 8.14.3

Host: 11th Gen Intel(R) Core(TM) i5-1135G7 @ 2.40GHz, 8 cores, 7G,  Windows 11 , 64 bit Build 26100 (10.0.26100.6725)
Time: Tue Nov 11 21:20:56 2025  Windows 11 , 64 bit Build 26100 (10.0.26100.6725) elapsed time: 69.439720 seconds (0d 0h 1m 9s)

---------------  T H R E A D  ---------------

Current thread (0x000002efbf5082f0):  JavaThread "C2 CompilerThread0" daemon [_thread_in_native, id=15920, stack(0x000000f650c00000,0x000000f650d00000)]


Current CompileTask:
C2:  69440 15009       4       com.sun.tools.javac.code.Symtab::lookupPackage (259 bytes)

Stack: [0x000000f650c00000,0x000000f650d00000]
Native frames: (J=compiled Java code, j=interpreted, Vv=VM code, C=native code)
V  [jvm.dll+0x67a04a]
V  [jvm.dll+0x7da4ed]
V  [jvm.dll+0x7dbe33]
V  [jvm.dll+0x7dc4a3]
V  [jvm.dll+0x24508f]
V  [jvm.dll+0xab773]
V  [jvm.dll+0xabd3c]
V  [jvm.dll+0x2aa52f]
V  [jvm.dll+0x581eb9]
V  [jvm.dll+0x21f422]
V  [jvm.dll+0x21f81f]
V  [jvm.dll+0x218aa0]
V  [jvm.dll+0x215b65]
V  [jvm.dll+0x1a2960]
V  [jvm.dll+0x22610b]
V  [jvm.dll+0x2242ab]
V  [jvm.dll+0x79075c]
V  [jvm.dll+0x78abea]
V  [jvm.dll+0x678f35]
C  [ucrtbase.dll+0x37b0]
C  [KERNEL32.DLL+0x2e8d7]
C  [ntdll.dll+0x8c53c]


---------------  P R O C E S S  ---------------

Threads class SMR info:
_java_thread_list=0x000002efdadda150, length=140, elements={
0x000002efa4bd4810, 0x000002efbf4dfd90, 0x000002efbf4e13d0, 0x000002efbf4faae0,
0x000002efbf4fd3c0, 0x000002efbf4fdc90, 0x000002efbf4fe560, 0x000002efbf5082f0,
0x000002efbf50bf50, 0x000002efbf50d890, 0x000002efbf5beeb0, 0x000002efbf6e1cf0,
0x000002efda0234c0, 0x000002efda7abfa0, 0x000002efda7a9020, 0x000002efda4a0c20,
0x000002efda4a14d0, 0x000002efda887fa0, 0x000002efda8884b0, 0x000002efda88a820,
0x000002efda887a90, 0x000002efda88a310, 0x000002efda887070, 0x000002efda8889c0,
0x000002efda889e00, 0x000002efda888ed0, 0x000002efda8898f0, 0x000002efdc7d93a0,
0x000002efdc7d98b0, 0x000002efdc7d9dc0, 0x000002efdc7da2d0, 0x000002efdc7da7e0,
0x000002efdc7dacf0, 0x000002efdc7db200, 0x000002efdc7db710, 0x000002efdc7d7f60,
0x000002efdc7ddf90, 0x000002efdc7dcb50, 0x000002efdc7dda80, 0x000002efdc7dc130,
0x000002efdc7deec0, 0x000002efdc7de4a0, 0x000002efdc7dc640, 0x000002efdc7dd060,
0x000002efdc7de9b0, 0x000002efdc7df3d0, 0x000002efdc0fe620, 0x000002efdc0ff040,
0x000002efdc0fff70, 0x000002efdc0feb30, 0x000002efdc0ff550, 0x000002efdc0fd6f0,
0x000002efdc0fdc00, 0x000002efdc0fccd0, 0x000002efdc0fc7c0, 0x000002efdc100990,
0x000002efdc0ffa60, 0x000002efdc100480, 0x000002efdc0fd1e0, 0x000002efdc1018c0,
0x000002efdc100ea0, 0x000002efdc1013b0, 0x000002efdc0fe110, 0x000002efdc101dd0,
0x000002efdc103720, 0x000002efdc103c30, 0x000002efdc102d00, 0x000002efdc104140,
0x000002efdc1022e0, 0x000002efdc103210, 0x000002efdc1027f0, 0x000002efdab86460,
0x000002efdab878a0, 0x000002efdab87390, 0x000002efdab887d0, 0x000002efdab87db0,
0x000002efdab88ce0, 0x000002efdab86970, 0x000002efdab882c0, 0x000002efdab86e80,
0x000002efdab891f0, 0x000002efdab85a40, 0x000002efdab8c9a0, 0x000002efdab8b050,
0x000002efdab8c490, 0x000002efdab8b560, 0x000002efdab8ba70, 0x000002efdab8bf80,
0x000002efdab8ab40, 0x000002efdab89c10, 0x000002efdab8ceb0, 0x000002efdab89700,
0x000002efdab8a120, 0x000002efdab8d3c0, 0x000002efdab8a630, 0x000002efdb254be0,
0x000002efdb255b10, 0x000002efdb256a40, 0x000002efdb255600, 0x000002efdb2550f0,
0x000002efdb2537a0, 0x000002efdb256020, 0x000002efdb2541c0, 0x000002efdb256f50,
0x000002efdb253cb0, 0x000002efdb2546d0, 0x000002efdb256530, 0x000002efd9d78f50,
0x000002efd9d7a390, 0x000002efd9d79460, 0x000002efd9d7a8a0, 0x000002efd9d7adb0,
0x000002efd9d78530, 0x000002efd9d78020, 0x000002efd9d79970, 0x000002efd9d7b7d0,
0x000002efd9d7bce0, 0x000002efd9d7c1f0, 0x000002efd9d7e560, 0x000002efd9d7cc10,
0x000002efd9d7d120, 0x000002efd9d7d630, 0x000002efd9d7db40, 0x000002efd9d7e050,
0x000002efd9d7b2c0, 0x000002efd9d7ea70, 0x000002efd9d7f490, 0x000002efd9d7ef80,
0x000002efdd128f70, 0x000002efdd128a60, 0x000002efdd129480, 0x000002efdd12b2e0,
0x000002efdd129990, 0x000002efdd12a8c0, 0x000002efdd128550, 0x000002efdd129ea0,
0x000002efdd12a3b0, 0x000002efdd12c720, 0x000002efde4e5f20, 0x000002efde4e5480
}

Java Threads: ( => current thread )
  0x000002efa4bd4810 JavaThread "main" [_thread_blocked, id=10696, stack(0x000000f64ff00000,0x000000f650000000)]
  0x000002efbf4dfd90 JavaThread "Reference Handler" daemon [_thread_blocked, id=10320, stack(0x000000f650600000,0x000000f650700000)]
  0x000002efbf4e13d0 JavaThread "Finalizer" daemon [_thread_blocked, id=20036, stack(0x000000f650700000,0x000000f650800000)]
  0x000002efbf4faae0 JavaThread "Signal Dispatcher" daemon [_thread_blocked, id=12692, stack(0x000000f650800000,0x000000f650900000)]
  0x000002efbf4fd3c0 JavaThread "Attach Listener" daemon [_thread_blocked, id=28120, stack(0x000000f650900000,0x000000f650a00000)]
  0x000002efbf4fdc90 JavaThread "Service Thread" daemon [_thread_blocked, id=29472, stack(0x000000f650a00000,0x000000f650b00000)]
  0x000002efbf4fe560 JavaThread "Monitor Deflation Thread" daemon [_thread_blocked, id=4720, stack(0x000000f650b00000,0x000000f650c00000)]
=>0x000002efbf5082f0 JavaThread "C2 CompilerThread0" daemon [_thread_in_native, id=15920, stack(0x000000f650c00000,0x000000f650d00000)]
  0x000002efbf50bf50 JavaThread "C1 CompilerThread0" daemon [_thread_blocked, id=4248, stack(0x000000f650d00000,0x000000f650e00000)]
  0x000002efbf50d890 JavaThread "Sweeper thread" daemon [_thread_blocked, id=1968, stack(0x000000f650e00000,0x000000f650f00000)]
  0x000002efbf5beeb0 JavaThread "Common-Cleaner" daemon [_thread_blocked, id=13216, stack(0x000000f650f00000,0x000000f651000000)]
  0x000002efbf6e1cf0 JavaThread "Notification Thread" daemon [_thread_blocked, id=26460, stack(0x000000f651100000,0x000000f651200000)]
  0x000002efda0234c0 JavaThread "Daemon health stats" [_thread_blocked, id=25156, stack(0x000000f651900000,0x000000f651a00000)]
  0x000002efda7abfa0 JavaThread "Incoming local TCP Connector on port 51383" [_thread_in_native, id=19740, stack(0x000000f651300000,0x000000f651400000)]
  0x000002efda7a9020 JavaThread "Daemon periodic checks" [_thread_blocked, id=14732, stack(0x000000f651a00000,0x000000f651b00000)]
  0x000002efda4a0c20 JavaThread "Daemon" [_thread_blocked, id=19668, stack(0x000000f651b00000,0x000000f651c00000)]
  0x000002efda4a14d0 JavaThread "Handler for socket connection from /127.0.0.1:51383 to /127.0.0.1:51384" [_thread_in_native, id=15200, stack(0x000000f651c00000,0x000000f651d00000)]
  0x000002efda887fa0 JavaThread "Cancel handler" [_thread_blocked, id=4400, stack(0x000000f651d00000,0x000000f651e00000)]
  0x000002efda8884b0 JavaThread "Daemon worker" [_thread_blocked, id=9796, stack(0x000000f651e00000,0x000000f651f00000)]
  0x000002efda88a820 JavaThread "Asynchronous log dispatcher for DefaultDaemonConnection: socket connection from /127.0.0.1:51383 to /127.0.0.1:51384" [_thread_blocked, id=6712, stack(0x000000f651f00000,0x000000f652000000)]
  0x000002efda887a90 JavaThread "Stdin handler" [_thread_blocked, id=15220, stack(0x000000f652000000,0x000000f652100000)]
  0x000002efda88a310 JavaThread "Daemon client event forwarder" [_thread_blocked, id=908, stack(0x000000f652100000,0x000000f652200000)]
  0x000002efda887070 JavaThread "Cache worker for journal cache (C:\Users\dldms\.gradle\caches\journal-1)" [_thread_blocked, id=20060, stack(0x000000f652200000,0x000000f652300000)]
  0x000002efda8889c0 JavaThread "File lock request listener" [_thread_in_native, id=20164, stack(0x000000f652300000,0x000000f652400000)]
  0x000002efda889e00 JavaThread "Cache worker for file hash cache (C:\Users\dldms\.gradle\caches\8.14.3\fileHashes)" [_thread_blocked, id=23520, stack(0x000000f652400000,0x000000f652500000)]
  0x000002efda888ed0 JavaThread "Cache worker for file hash cache (C:\Users\dldms\Desktop\Database\team_project\Backend\.gradle\8.14.3\fileHashes)" [_thread_blocked, id=28628, stack(0x000000f652600000,0x000000f652700000)]
  0x000002efda8898f0 JavaThread "Cache worker for Build Output Cleanup Cache (C:\Users\dldms\Desktop\Database\team_project\Backend\.gradle\buildOutputCleanup)" [_thread_blocked, id=28952, stack(0x000000f652700000,0x000000f652800000)]
  0x000002efdc7d93a0 JavaThread "File watcher server" daemon [_thread_in_native, id=10768, stack(0x000000f652b00000,0x000000f652c00000)]
  0x000002efdc7d98b0 JavaThread "File watcher consumer" daemon [_thread_blocked, id=30676, stack(0x000000f652c00000,0x000000f652d00000)]
  0x000002efdc7d9dc0 JavaThread "jar transforms" [_thread_blocked, id=15604, stack(0x000000f652d00000,0x000000f652e00000)]
  0x000002efdc7da2d0 JavaThread "jar transforms Thread 2" [_thread_blocked, id=2556, stack(0x000000f652e00000,0x000000f652f00000)]
  0x000002efdc7da7e0 JavaThread "Cache worker for checksums cache (C:\Users\dldms\Desktop\Database\team_project\Backend\.gradle\8.14.3\checksums)" [_thread_blocked, id=13768, stack(0x000000f652f00000,0x000000f653000000)]
  0x000002efdc7dacf0 JavaThread "Cache worker for file content cache (C:\Users\dldms\.gradle\caches\8.14.3\fileContent)" [_thread_blocked, id=24000, stack(0x000000f653000000,0x000000f653100000)]
  0x000002efdc7db200 JavaThread "Cache worker for cache directory md-supplier (C:\Users\dldms\.gradle\caches\8.14.3\md-supplier)" [_thread_blocked, id=22448, stack(0x000000f653200000,0x000000f653300000)]
  0x000002efdc7db710 JavaThread "Cache worker for cache directory md-rule (C:\Users\dldms\.gradle\caches\8.14.3\md-rule)" [_thread_blocked, id=15252, stack(0x000000f653300000,0x000000f653400000)]
  0x000002efdc7d7f60 JavaThread "jar transforms Thread 3" [_thread_blocked, id=26576, stack(0x000000f653100000,0x000000f653200000)]
  0x000002efdc7ddf90 JavaThread "Unconstrained build operations" [_thread_blocked, id=24420, stack(0x000000f652500000,0x000000f652600000)]
  0x000002efdc7dcb50 JavaThread "Unconstrained build operations Thread 2" [_thread_blocked, id=20840, stack(0x000000f653400000,0x000000f653500000)]
  0x000002efdc7dda80 JavaThread "Unconstrained build operations Thread 3" [_thread_blocked, id=28428, stack(0x000000f653600000,0x000000f653700000)]
  0x000002efdc7dc130 JavaThread "Unconstrained build operations Thread 4" [_thread_blocked, id=27032, stack(0x000000f653700000,0x000000f653800000)]
  0x000002efdc7deec0 JavaThread "Unconstrained build operations Thread 5" [_thread_blocked, id=17400, stack(0x000000f653a00000,0x000000f653b00000)]
  0x000002efdc7de4a0 JavaThread "Unconstrained build operations Thread 6" [_thread_blocked, id=20296, stack(0x000000f653b00000,0x000000f653c00000)]
  0x000002efdc7dc640 JavaThread "Unconstrained build operations Thread 7" [_thread_blocked, id=29652, stack(0x000000f653c00000,0x000000f653d00000)]
  0x000002efdc7dd060 JavaThread "Unconstrained build operations Thread 8" [_thread_blocked, id=17304, stack(0x000000f653d00000,0x000000f653e00000)]
  0x000002efdc7de9b0 JavaThread "Unconstrained build operations Thread 9" [_thread_blocked, id=1260, stack(0x000000f653e00000,0x000000f653f00000)]
  0x000002efdc7df3d0 JavaThread "Unconstrained build operations Thread 10" [_thread_blocked, id=4888, stack(0x000000f653800000,0x000000f653900000)]
  0x000002efdc0fe620 JavaThread "Unconstrained build operations Thread 11" [_thread_blocked, id=28980, stack(0x000000f653900000,0x000000f653a00000)]
  0x000002efdc0ff040 JavaThread "Unconstrained build operations Thread 12" [_thread_blocked, id=17444, stack(0x000000f653f00000,0x000000f654000000)]
  0x000002efdc0fff70 JavaThread "Unconstrained build operations Thread 13" [_thread_blocked, id=21496, stack(0x000000f654000000,0x000000f654100000)]
  0x000002efdc0feb30 JavaThread "Unconstrained build operations Thread 14" [_thread_blocked, id=28148, stack(0x000000f654100000,0x000000f654200000)]
  0x000002efdc0ff550 JavaThread "Unconstrained build operations Thread 15" [_thread_blocked, id=10876, stack(0x000000f654400000,0x000000f654500000)]
  0x000002efdc0fd6f0 JavaThread "Unconstrained build operations Thread 16" [_thread_blocked, id=16624, stack(0x000000f654500000,0x000000f654600000)]
  0x000002efdc0fdc00 JavaThread "Unconstrained build operations Thread 17" [_thread_blocked, id=13948, stack(0x000000f654200000,0x000000f654300000)]
  0x000002efdc0fccd0 JavaThread "Unconstrained build operations Thread 18" [_thread_blocked, id=24468, stack(0x000000f654600000,0x000000f654700000)]
  0x000002efdc0fc7c0 JavaThread "Unconstrained build operations Thread 19" [_thread_blocked, id=25336, stack(0x000000f654700000,0x000000f654800000)]
  0x000002efdc100990 JavaThread "Unconstrained build operations Thread 20" [_thread_blocked, id=6980, stack(0x000000f654800000,0x000000f654900000)]
  0x000002efdc0ffa60 JavaThread "Unconstrained build operations Thread 21" [_thread_blocked, id=13608, stack(0x000000f654900000,0x000000f654a00000)]
  0x000002efdc100480 JavaThread "Unconstrained build operations Thread 22" [_thread_blocked, id=23264, stack(0x000000f654a00000,0x000000f654b00000)]
  0x000002efdc0fd1e0 JavaThread "Unconstrained build operations Thread 23" [_thread_blocked, id=6200, stack(0x000000f654b00000,0x000000f654c00000)]
  0x000002efdc1018c0 JavaThread "Unconstrained build operations Thread 24" [_thread_blocked, id=1948, stack(0x000000f654c00000,0x000000f654d00000)]
  0x000002efdc100ea0 JavaThread "Unconstrained build operations Thread 25" [_thread_blocked, id=23352, stack(0x000000f654d00000,0x000000f654e00000)]
  0x000002efdc1013b0 JavaThread "Unconstrained build operations Thread 26" [_thread_blocked, id=5856, stack(0x000000f654e00000,0x000000f654f00000)]
  0x000002efdc0fe110 JavaThread "Unconstrained build operations Thread 27" [_thread_blocked, id=23324, stack(0x000000f654f00000,0x000000f655000000)]
  0x000002efdc101dd0 JavaThread "Unconstrained build operations Thread 28" [_thread_blocked, id=27480, stack(0x000000f655000000,0x000000f655100000)]
  0x000002efdc103720 JavaThread "Unconstrained build operations Thread 29" [_thread_blocked, id=7704, stack(0x000000f655100000,0x000000f655200000)]
  0x000002efdc103c30 JavaThread "Unconstrained build operations Thread 30" [_thread_blocked, id=29544, stack(0x000000f655200000,0x000000f655300000)]
  0x000002efdc102d00 JavaThread "Unconstrained build operations Thread 31" [_thread_blocked, id=22636, stack(0x000000f655300000,0x000000f655400000)]
  0x000002efdc104140 JavaThread "Unconstrained build operations Thread 32" [_thread_blocked, id=25508, stack(0x000000f655400000,0x000000f655500000)]
  0x000002efdc1022e0 JavaThread "Unconstrained build operations Thread 33" [_thread_blocked, id=25920, stack(0x000000f655500000,0x000000f655600000)]
  0x000002efdc103210 JavaThread "Unconstrained build operations Thread 34" [_thread_blocked, id=16124, stack(0x000000f655600000,0x000000f655700000)]
  0x000002efdc1027f0 JavaThread "Unconstrained build operations Thread 35" [_thread_blocked, id=13204, stack(0x000000f655700000,0x000000f655800000)]
  0x000002efdab86460 JavaThread "Unconstrained build operations Thread 36" [_thread_blocked, id=14616, stack(0x000000f655800000,0x000000f655900000)]
  0x000002efdab878a0 JavaThread "Unconstrained build operations Thread 37" [_thread_blocked, id=23624, stack(0x000000f655900000,0x000000f655a00000)]
  0x000002efdab87390 JavaThread "Memory manager" [_thread_blocked, id=12668, stack(0x000000f655b00000,0x000000f655c00000)]
  0x000002efdab887d0 JavaThread "jar transforms Thread 4" [_thread_blocked, id=25500, stack(0x000000f655c00000,0x000000f655d00000)]
  0x000002efdab87db0 JavaThread "Unconstrained build operations Thread 38" [_thread_blocked, id=25020, stack(0x000000f655e00000,0x000000f655f00000)]
  0x000002efdab88ce0 JavaThread "Unconstrained build operations Thread 39" [_thread_blocked, id=16260, stack(0x000000f655f00000,0x000000f656000000)]
  0x000002efdab86970 JavaThread "Unconstrained build operations Thread 40" [_thread_blocked, id=9948, stack(0x000000f656200000,0x000000f656300000)]
  0x000002efdab882c0 JavaThread "Unconstrained build operations Thread 41" [_thread_blocked, id=7388, stack(0x000000f656300000,0x000000f656400000)]
  0x000002efdab86e80 JavaThread "Unconstrained build operations Thread 42" [_thread_blocked, id=22732, stack(0x000000f656400000,0x000000f656500000)]
  0x000002efdab891f0 JavaThread "Unconstrained build operations Thread 43" [_thread_blocked, id=28888, stack(0x000000f656500000,0x000000f656600000)]
  0x000002efdab85a40 JavaThread "Unconstrained build operations Thread 44" [_thread_blocked, id=11064, stack(0x000000f656600000,0x000000f656700000)]
  0x000002efdab8c9a0 JavaThread "Unconstrained build operations Thread 45" [_thread_blocked, id=3140, stack(0x000000f656700000,0x000000f656800000)]
  0x000002efdab8b050 JavaThread "Unconstrained build operations Thread 46" [_thread_blocked, id=28872, stack(0x000000f656800000,0x000000f656900000)]
  0x000002efdab8c490 JavaThread "Unconstrained build operations Thread 47" [_thread_blocked, id=30176, stack(0x000000f656900000,0x000000f656a00000)]
  0x000002efdab8b560 JavaThread "Unconstrained build operations Thread 48" [_thread_blocked, id=24536, stack(0x000000f656a00000,0x000000f656b00000)]
  0x000002efdab8ba70 JavaThread "Unconstrained build operations Thread 49" [_thread_blocked, id=25916, stack(0x000000f656b00000,0x000000f656c00000)]
  0x000002efdab8bf80 JavaThread "Unconstrained build operations Thread 50" [_thread_blocked, id=22100, stack(0x000000f656c00000,0x000000f656d00000)]
  0x000002efdab8ab40 JavaThread "Unconstrained build operations Thread 51" [_thread_blocked, id=22788, stack(0x000000f656d00000,0x000000f656e00000)]
  0x000002efdab89c10 JavaThread "Unconstrained build operations Thread 52" [_thread_blocked, id=18612, stack(0x000000f656e00000,0x000000f656f00000)]
  0x000002efdab8ceb0 JavaThread "Unconstrained build operations Thread 53" [_thread_blocked, id=7416, stack(0x000000f656f00000,0x000000f657000000)]
  0x000002efdab89700 JavaThread "Unconstrained build operations Thread 54" [_thread_blocked, id=996, stack(0x000000f657000000,0x000000f657100000)]
  0x000002efdab8a120 JavaThread "Unconstrained build operations Thread 55" [_thread_blocked, id=29480, stack(0x000000f657100000,0x000000f657200000)]
  0x000002efdab8d3c0 JavaThread "Unconstrained build operations Thread 56" [_thread_blocked, id=11584, stack(0x000000f657200000,0x000000f657300000)]
  0x000002efdab8a630 JavaThread "Unconstrained build operations Thread 57" [_thread_blocked, id=21360, stack(0x000000f656000000,0x000000f656100000)]
  0x000002efdb254be0 JavaThread "Unconstrained build operations Thread 58" [_thread_blocked, id=27284, stack(0x000000f656100000,0x000000f656200000)]
  0x000002efdb255b10 JavaThread "Unconstrained build operations Thread 59" [_thread_blocked, id=9480, stack(0x000000f657300000,0x000000f657400000)]
  0x000002efdb256a40 JavaThread "Unconstrained build operations Thread 60" [_thread_blocked, id=26892, stack(0x000000f657400000,0x000000f657500000)]
  0x000002efdb255600 JavaThread "Unconstrained build operations Thread 61" [_thread_blocked, id=19756, stack(0x000000f657500000,0x000000f657600000)]
  0x000002efdb2550f0 JavaThread "Unconstrained build operations Thread 62" [_thread_blocked, id=29392, stack(0x000000f657600000,0x000000f657700000)]
  0x000002efdb2537a0 JavaThread "Unconstrained build operations Thread 63" [_thread_blocked, id=28208, stack(0x000000f657700000,0x000000f657800000)]
  0x000002efdb256020 JavaThread "Unconstrained build operations Thread 64" [_thread_blocked, id=29024, stack(0x000000f657800000,0x000000f657900000)]
  0x000002efdb2541c0 JavaThread "Unconstrained build operations Thread 65" [_thread_blocked, id=5828, stack(0x000000f657900000,0x000000f657a00000)]
  0x000002efdb256f50 JavaThread "Unconstrained build operations Thread 66" [_thread_blocked, id=15648, stack(0x000000f657a00000,0x000000f657b00000)]
  0x000002efdb253cb0 JavaThread "Unconstrained build operations Thread 67" [_thread_blocked, id=18628, stack(0x000000f657b00000,0x000000f657c00000)]
  0x000002efdb2546d0 JavaThread "Unconstrained build operations Thread 68" [_thread_blocked, id=28296, stack(0x000000f657c00000,0x000000f657d00000)]
  0x000002efdb256530 JavaThread "Unconstrained build operations Thread 69" [_thread_blocked, id=25840, stack(0x000000f657d00000,0x000000f657e00000)]
  0x000002efd9d78f50 JavaThread "Unconstrained build operations Thread 70" [_thread_blocked, id=12328, stack(0x000000f657e00000,0x000000f657f00000)]
  0x000002efd9d7a390 JavaThread "Unconstrained build operations Thread 71" [_thread_blocked, id=20308, stack(0x000000f657f00000,0x000000f658000000)]
  0x000002efd9d79460 JavaThread "Unconstrained build operations Thread 72" [_thread_blocked, id=18816, stack(0x000000f658000000,0x000000f658100000)]
  0x000002efd9d7a8a0 JavaThread "Unconstrained build operations Thread 73" [_thread_blocked, id=4336, stack(0x000000f658100000,0x000000f658200000)]
  0x000002efd9d7adb0 JavaThread "Unconstrained build operations Thread 74" [_thread_blocked, id=14096, stack(0x000000f658200000,0x000000f658300000)]
  0x000002efd9d78530 JavaThread "Unconstrained build operations Thread 75" [_thread_blocked, id=19224, stack(0x000000f658300000,0x000000f658400000)]
  0x000002efd9d78020 JavaThread "Unconstrained build operations Thread 76" [_thread_blocked, id=6228, stack(0x000000f658400000,0x000000f658500000)]
  0x000002efd9d79970 JavaThread "Unconstrained build operations Thread 77" [_thread_blocked, id=8436, stack(0x000000f658600000,0x000000f658700000)]
  0x000002efd9d7b7d0 JavaThread "Unconstrained build operations Thread 78" [_thread_blocked, id=25288, stack(0x000000f658700000,0x000000f658800000)]
  0x000002efd9d7bce0 JavaThread "Unconstrained build operations Thread 79" [_thread_blocked, id=18164, stack(0x000000f658800000,0x000000f658900000)]
  0x000002efd9d7c1f0 JavaThread "Unconstrained build operations Thread 80" [_thread_blocked, id=4060, stack(0x000000f658900000,0x000000f658a00000)]
  0x000002efd9d7e560 JavaThread "ForkJoinPool.commonPool-worker-1" daemon [_thread_blocked, id=18556, stack(0x000000f658b00000,0x000000f658c00000)]
  0x000002efd9d7cc10 JavaThread "ForkJoinPool.commonPool-worker-2" daemon [_thread_blocked, id=5168, stack(0x000000f658c00000,0x000000f658d00000)]
  0x000002efd9d7d120 JavaThread "ForkJoinPool.commonPool-worker-3" daemon [_thread_blocked, id=19736, stack(0x000000f658d00000,0x000000f658e00000)]
  0x000002efd9d7d630 JavaThread "ForkJoinPool.commonPool-worker-4" daemon [_thread_blocked, id=7112, stack(0x000000f658e00000,0x000000f658f00000)]
  0x000002efd9d7db40 JavaThread "ForkJoinPool.commonPool-worker-5" daemon [_thread_blocked, id=10560, stack(0x000000f658f00000,0x000000f659000000)]
  0x000002efd9d7e050 JavaThread "ForkJoinPool.commonPool-worker-6" daemon [_thread_blocked, id=14596, stack(0x000000f659000000,0x000000f659100000)]
  0x000002efd9d7b2c0 JavaThread "ForkJoinPool.commonPool-worker-7" daemon [_thread_blocked, id=22696, stack(0x000000f659100000,0x000000f659200000)]
  0x000002efd9d7ea70 JavaThread "Exec process" [_thread_blocked, id=25496, stack(0x000000f659200000,0x000000f659300000)]
  0x000002efd9d7f490 JavaThread "Exec process Thread 2" [_thread_blocked, id=23700, stack(0x000000f659300000,0x000000f659400000)]
  0x000002efd9d7ef80 JavaThread "Exec process Thread 3" [_thread_blocked, id=29944, stack(0x000000f659400000,0x000000f659500000)]
  0x000002efdd128f70 JavaThread "included builds" [_thread_blocked, id=1760, stack(0x000000f651000000,0x000000f651100000)]
  0x000002efdd128a60 JavaThread "Execution worker" [_thread_in_native, id=8148, stack(0x000000f658500000,0x000000f658600000)]
  0x000002efdd129480 JavaThread "Execution worker Thread 2" [_thread_blocked, id=13932, stack(0x000000f658a00000,0x000000f658b00000)]
  0x000002efdd12b2e0 JavaThread "Execution worker Thread 3" [_thread_blocked, id=22344, stack(0x000000f659500000,0x000000f659600000)]
  0x000002efdd129990 JavaThread "Execution worker Thread 4" [_thread_blocked, id=26008, stack(0x000000f659600000,0x000000f659700000)]
  0x000002efdd12a8c0 JavaThread "Execution worker Thread 5" [_thread_blocked, id=25388, stack(0x000000f659700000,0x000000f659800000)]
  0x000002efdd128550 JavaThread "Execution worker Thread 6" [_thread_blocked, id=5288, stack(0x000000f659800000,0x000000f659900000)]
  0x000002efdd129ea0 JavaThread "Execution worker Thread 7" [_thread_blocked, id=21724, stack(0x000000f659900000,0x000000f659a00000)]
  0x000002efdd12a3b0 JavaThread "Cache worker for execution history cache (C:\Users\dldms\Desktop\Database\team_project\Backend\.gradle\8.14.3\executionHistory)" [_thread_blocked, id=16420, stack(0x000000f659a00000,0x000000f659b00000)]
  0x000002efdd12c720 JavaThread "Cache worker for Java compile cache (C:\Users\dldms\.gradle\caches\8.14.3\javaCompile)" [_thread_blocked, id=26712, stack(0x000000f64fe00000,0x000000f64ff00000)]
  0x000002efde4e5f20 JavaThread "C2 CompilerThread1" daemon [_thread_in_native, id=6288, stack(0x000000f64fd00000,0x000000f64fe00000)]
  0x000002efde4e5480 JavaThread "C2 CompilerThread2" daemon [_thread_in_native, id=29180, stack(0x000000f659c00000,0x000000f659d00000)]

Other Threads:
  0x000002efbf4dc430 VMThread "VM Thread" [stack: 0x000000f650500000,0x000000f650600000] [id=16704]
  0x000002efa4c12400 WatcherThread [stack: 0x000000f651200000,0x000000f651300000] [id=10436]
  0x000002efa4c00ad0 GCTaskThread "GC Thread#0" [stack: 0x000000f650000000,0x000000f650100000] [id=14476]
  0x000002efbf827190 GCTaskThread "GC Thread#1" [stack: 0x000000f651400000,0x000000f651500000] [id=8512]
  0x000002efd9017480 GCTaskThread "GC Thread#2" [stack: 0x000000f651500000,0x000000f651600000] [id=27336]
  0x000002efbf7fefe0 GCTaskThread "GC Thread#3" [stack: 0x000000f651600000,0x000000f651700000] [id=29352]
  0x000002efbf823d30 GCTaskThread "GC Thread#4" [stack: 0x000000f651700000,0x000000f651800000] [id=6940]
  0x000002efbf823ff0 GCTaskThread "GC Thread#5" [stack: 0x000000f651800000,0x000000f651900000] [id=8732]
  0x000002efdb12a7b0 GCTaskThread "GC Thread#6" [stack: 0x000000f652800000,0x000000f652900000] [id=30608]
  0x000002efdb129f00 GCTaskThread "GC Thread#7" [stack: 0x000000f652900000,0x000000f652a00000] [id=19896]
  0x000002efa4c057d0 ConcurrentGCThread "G1 Main Marker" [stack: 0x000000f650100000,0x000000f650200000] [id=6912]
  0x000002efa4c05f90 ConcurrentGCThread "G1 Conc#0" [stack: 0x000000f650200000,0x000000f650300000] [id=17544]
  0x000002efdad01e20 ConcurrentGCThread "G1 Conc#1" [stack: 0x000000f652a00000,0x000000f652b00000] [id=25832]
  0x000002efa4c9de50 ConcurrentGCThread "G1 Refine#0" [stack: 0x000000f650300000,0x000000f650400000] [id=17320]
  0x000002efdbade760 ConcurrentGCThread "G1 Refine#1" [stack: 0x000000f654300000,0x000000f654400000] [id=21164]
  0x000002efd9932420 ConcurrentGCThread "G1 Refine#2" [stack: 0x000000f659b00000,0x000000f659c00000] [id=15676]
  0x000002efa4c9e630 ConcurrentGCThread "G1 Service" [stack: 0x000000f650400000,0x000000f650500000] [id=9368]

Threads with active compile tasks:
C2 CompilerThread0    69579 15009       4       com.sun.tools.javac.code.Symtab::lookupPackage (259 bytes)
C2 CompilerThread1    69580 15107       4       com.sun.tools.javac.code.Symtab::enterClass (71 bytes)
C2 CompilerThread2    69580 15033       4       com.sun.tools.javac.jvm.PoolReader::resolve (344 bytes)

VM state: not at safepoint (normal execution)

VM Mutex/Monitor currently owned by a thread: None

Heap address: 0x00000000e0000000, size: 512 MB, Compressed Oops mode: 32-bit

CDS archive(s) mapped at: [0x000002efc0000000-0x000002efc0bd0000-0x000002efc0bd0000), size 12386304, SharedBaseAddress: 0x000002efc0000000, ArchiveRelocationMode: 1.
Compressed class space mapped at: 0x000002efc1000000-0x000002efd5000000, reserved size: 335544320
Narrow klass base: 0x000002efc0000000, Narrow klass shift: 0, Narrow klass range: 0x100000000

GC Precious Log:
 CPUs: 8 total, 8 available
 Memory: 7900M
 Large Page Support: Disabled
 NUMA Support: Disabled
 Compressed Oops: Enabled (32-bit)
 Heap Region Size: 1M
 Heap Min Capacity: 256M
 Heap Initial Capacity: 256M
 Heap Max Capacity: 512M
 Pre-touch: Disabled
 Parallel Workers: 8
 Concurrent Workers: 2
 Concurrent Refinement Workers: 8
 Periodic GC: Disabled

Heap:
 garbage-first heap   total 262144K, used 98477K [0x00000000e0000000, 0x0000000100000000)
  region size 1024K, 34 young (34816K), 20 survivors (20480K)
 Metaspace       used 77464K, committed 78144K, reserved 458752K
  class space    used 10183K, committed 10496K, reserved 327680K

Heap Regions: E=young(eden), S=young(survivor), O=old, HS=humongous(starts), HC=humongous(continues), CS=collection set, F=free, OA=open archive, CA=closed archive, TAMS=top-at-mark-start (previous, next)
|   0|0x00000000e0000000, 0x00000000e0100000, 0x00000000e0100000|100%|HS|  |TAMS 0x00000000e0100000, 0x00000000e0000000| Complete 
|   1|0x00000000e0100000, 0x00000000e0200000, 0x00000000e0200000|100%|HC|  |TAMS 0x00000000e0200000, 0x00000000e0100000| Complete 
|   2|0x00000000e0200000, 0x00000000e0300000, 0x00000000e0300000|100%|HC|  |TAMS 0x00000000e0300000, 0x00000000e0200000| Complete 
|   3|0x00000000e0300000, 0x00000000e0400000, 0x00000000e0400000|100%| O|  |TAMS 0x00000000e0400000, 0x00000000e0300000| Untracked 
|   4|0x00000000e0400000, 0x00000000e0500000, 0x00000000e0500000|100%| O|  |TAMS 0x00000000e0500000, 0x00000000e0400000| Untracked 
|   5|0x00000000e0500000, 0x00000000e0600000, 0x00000000e0600000|100%| O|  |TAMS 0x00000000e0600000, 0x00000000e0500000| Untracked 
|   6|0x00000000e0600000, 0x00000000e0700000, 0x00000000e0700000|100%|HS|  |TAMS 0x00000000e0700000, 0x00000000e0600000| Complete 
|   7|0x00000000e0700000, 0x00000000e0800000, 0x00000000e0800000|100%| O|  |TAMS 0x00000000e0800000, 0x00000000e0700000| Untracked 
|   8|0x00000000e0800000, 0x00000000e0900000, 0x00000000e0900000|100%| O|  |TAMS 0x00000000e0900000, 0x00000000e0800000| Untracked 
|   9|0x00000000e0900000, 0x00000000e0a00000, 0x00000000e0a00000|100%| O|  |TAMS 0x00000000e0a00000, 0x00000000e0900000| Untracked 
|  10|0x00000000e0a00000, 0x00000000e0b00000, 0x00000000e0b00000|100%| O|  |TAMS 0x00000000e0b00000, 0x00000000e0a00000| Untracked 
|  11|0x00000000e0b00000, 0x00000000e0c00000, 0x00000000e0c00000|100%| O|  |TAMS 0x00000000e0c00000, 0x00000000e0b00000| Untracked 
|  12|0x00000000e0c00000, 0x00000000e0d00000, 0x00000000e0d00000|100%| O|  |TAMS 0x00000000e0c00000, 0x00000000e0c00000| Untracked 
|  13|0x00000000e0d00000, 0x00000000e0e00000, 0x00000000e0e00000|100%| O|  |TAMS 0x00000000e0e00000, 0x00000000e0d00000| Untracked 
|  14|0x00000000e0e00000, 0x00000000e0f00000, 0x00000000e0f00000|100%| O|  |TAMS 0x00000000e0f00000, 0x00000000e0e00000| Untracked 
|  15|0x00000000e0f00000, 0x00000000e1000000, 0x00000000e1000000|100%| O|  |TAMS 0x00000000e1000000, 0x00000000e0f00000| Untracked 
|  16|0x00000000e1000000, 0x00000000e1100000, 0x00000000e1100000|100%| O|  |TAMS 0x00000000e1100000, 0x00000000e1000000| Untracked 
|  17|0x00000000e1100000, 0x00000000e1200000, 0x00000000e1200000|100%| O|  |TAMS 0x00000000e1200000, 0x00000000e1100000| Untracked 
|  18|0x00000000e1200000, 0x00000000e1300000, 0x00000000e1300000|100%| O|  |TAMS 0x00000000e1300000, 0x00000000e1200000| Untracked 
|  19|0x00000000e1300000, 0x00000000e1400000, 0x00000000e1400000|100%| O|  |TAMS 0x00000000e1400000, 0x00000000e1300000| Untracked 
|  20|0x00000000e1400000, 0x00000000e1500000, 0x00000000e1500000|100%| O|  |TAMS 0x00000000e1500000, 0x00000000e1400000| Untracked 
|  21|0x00000000e1500000, 0x00000000e1600000, 0x00000000e1600000|100%| O|  |TAMS 0x00000000e1600000, 0x00000000e1500000| Untracked 
|  22|0x00000000e1600000, 0x00000000e1700000, 0x00000000e1700000|100%| O|  |TAMS 0x00000000e1700000, 0x00000000e1600000| Untracked 
|  23|0x00000000e1700000, 0x00000000e1800000, 0x00000000e1800000|100%| O|  |TAMS 0x00000000e1800000, 0x00000000e1700000| Untracked 
|  24|0x00000000e1800000, 0x00000000e1900000, 0x00000000e1900000|100%| O|  |TAMS 0x00000000e1900000, 0x00000000e1800000| Untracked 
|  25|0x00000000e1900000, 0x00000000e1a00000, 0x00000000e1a00000|100%| O|  |TAMS 0x00000000e1a00000, 0x00000000e1900000| Untracked 
|  26|0x00000000e1a00000, 0x00000000e1b00000, 0x00000000e1b00000|100%| O|  |TAMS 0x00000000e1b00000, 0x00000000e1a00000| Untracked 
|  27|0x00000000e1b00000, 0x00000000e1c00000, 0x00000000e1c00000|100%| O|  |TAMS 0x00000000e1c00000, 0x00000000e1b00000| Untracked 
|  28|0x00000000e1c00000, 0x00000000e1d00000, 0x00000000e1d00000|100%| O|  |TAMS 0x00000000e1d00000, 0x00000000e1c00000| Untracked 
|  29|0x00000000e1d00000, 0x00000000e1e00000, 0x00000000e1e00000|100%| O|  |TAMS 0x00000000e1e00000, 0x00000000e1d00000| Untracked 
|  30|0x00000000e1e00000, 0x00000000e1f00000, 0x00000000e1f00000|100%| O|  |TAMS 0x00000000e1f00000, 0x00000000e1e00000| Untracked 
|  31|0x00000000e1f00000, 0x00000000e2000000, 0x00000000e2000000|100%| O|  |TAMS 0x00000000e2000000, 0x00000000e1f00000| Untracked 
|  32|0x00000000e2000000, 0x00000000e2100000, 0x00000000e2100000|100%| O|  |TAMS 0x00000000e2100000, 0x00000000e2000000| Untracked 
|  33|0x00000000e2100000, 0x00000000e2200000, 0x00000000e2200000|100%| O|  |TAMS 0x00000000e2200000, 0x00000000e2100000| Untracked 
|  34|0x00000000e2200000, 0x00000000e2300000, 0x00000000e2300000|100%| O|  |TAMS 0x00000000e2300000, 0x00000000e2200000| Untracked 
|  35|0x00000000e2300000, 0x00000000e2400000, 0x00000000e2400000|100%| O|  |TAMS 0x00000000e2400000, 0x00000000e2300000| Untracked 
|  36|0x00000000e2400000, 0x00000000e2500000, 0x00000000e2500000|100%| O|  |TAMS 0x00000000e2500000, 0x00000000e2400000| Untracked 
|  37|0x00000000e2500000, 0x00000000e2600000, 0x00000000e2600000|100%| O|  |TAMS 0x00000000e2600000, 0x00000000e2500000| Untracked 
|  38|0x00000000e2600000, 0x00000000e2700000, 0x00000000e2700000|100%| O|  |TAMS 0x00000000e26ff400, 0x00000000e2600000| Untracked 
|  39|0x00000000e2700000, 0x00000000e2800000, 0x00000000e2800000|100%| O|  |TAMS 0x00000000e2700000, 0x00000000e2700000| Untracked 
|  40|0x00000000e2800000, 0x00000000e2900000, 0x00000000e2900000|100%| O|  |TAMS 0x00000000e2800000, 0x00000000e2800000| Untracked 
|  41|0x00000000e2900000, 0x00000000e2a00000, 0x00000000e2a00000|100%| O|  |TAMS 0x00000000e2900000, 0x00000000e2900000| Untracked 
|  42|0x00000000e2a00000, 0x00000000e2b00000, 0x00000000e2b00000|100%| O|  |TAMS 0x00000000e2a00000, 0x00000000e2a00000| Untracked 
|  43|0x00000000e2b00000, 0x00000000e2c00000, 0x00000000e2c00000|100%| O|  |TAMS 0x00000000e2b00000, 0x00000000e2b00000| Untracked 
|  44|0x00000000e2c00000, 0x00000000e2d00000, 0x00000000e2d00000|100%| O|  |TAMS 0x00000000e2c00000, 0x00000000e2c00000| Untracked 
|  45|0x00000000e2d00000, 0x00000000e2e00000, 0x00000000e2e00000|100%| O|  |TAMS 0x00000000e2d00000, 0x00000000e2d00000| Untracked 
|  46|0x00000000e2e00000, 0x00000000e2f00000, 0x00000000e2f00000|100%| O|  |TAMS 0x00000000e2e00000, 0x00000000e2e00000| Untracked 
|  47|0x00000000e2f00000, 0x00000000e3000000, 0x00000000e3000000|100%| O|  |TAMS 0x00000000e2f00000, 0x00000000e2f00000| Untracked 
|  48|0x00000000e3000000, 0x00000000e3100000, 0x00000000e3100000|100%| O|  |TAMS 0x00000000e3000000, 0x00000000e3000000| Untracked 
|  49|0x00000000e3100000, 0x00000000e3100000, 0x00000000e3200000|  0%| F|  |TAMS 0x00000000e3100000, 0x00000000e3100000| Untracked 
|  50|0x00000000e3200000, 0x00000000e3300000, 0x00000000e3300000|100%|HS|  |TAMS 0x00000000e3200000, 0x00000000e3200000| Complete 
|  51|0x00000000e3300000, 0x00000000e3400000, 0x00000000e3400000|100%|HS|  |TAMS 0x00000000e3300000, 0x00000000e3300000| Complete 
|  52|0x00000000e3400000, 0x00000000e3500000, 0x00000000e3500000|100%| O|  |TAMS 0x00000000e3400000, 0x00000000e3400000| Untracked 
|  53|0x00000000e3500000, 0x00000000e3600000, 0x00000000e3600000|100%| O|  |TAMS 0x00000000e3500000, 0x00000000e3500000| Untracked 
|  54|0x00000000e3600000, 0x00000000e3700000, 0x00000000e3700000|100%| O|  |TAMS 0x00000000e3600000, 0x00000000e3600000| Untracked 
|  55|0x00000000e3700000, 0x00000000e3800000, 0x00000000e3800000|100%| O|  |TAMS 0x00000000e3700000, 0x00000000e3700000| Untracked 
|  56|0x00000000e3800000, 0x00000000e3900000, 0x00000000e3900000|100%| O|  |TAMS 0x00000000e3800000, 0x00000000e3800000| Untracked 
|  57|0x00000000e3900000, 0x00000000e3a00000, 0x00000000e3a00000|100%| O|  |TAMS 0x00000000e3900000, 0x00000000e3900000| Untracked 
|  58|0x00000000e3a00000, 0x00000000e3b00000, 0x00000000e3b00000|100%| O|  |TAMS 0x00000000e3a00000, 0x00000000e3a00000| Untracked 
|  59|0x00000000e3b00000, 0x00000000e3c00000, 0x00000000e3c00000|100%| O|  |TAMS 0x00000000e3b00000, 0x00000000e3b00000| Untracked 
|  60|0x00000000e3c00000, 0x00000000e3d00000, 0x00000000e3d00000|100%| O|  |TAMS 0x00000000e3c00000, 0x00000000e3c00000| Untracked 
|  61|0x00000000e3d00000, 0x00000000e3e00000, 0x00000000e3e00000|100%| O|  |TAMS 0x00000000e3d00000, 0x00000000e3d00000| Untracked 
|  62|0x00000000e3e00000, 0x00000000e3f00000, 0x00000000e3f00000|100%| O|  |TAMS 0x00000000e3e00000, 0x00000000e3e00000| Untracked 
|  63|0x00000000e3f00000, 0x00000000e4000000, 0x00000000e4000000|100%| O|  |TAMS 0x00000000e3f00000, 0x00000000e3f00000| Untracked 
|  64|0x00000000e4000000, 0x00000000e402b600, 0x00000000e4100000| 16%| O|  |TAMS 0x00000000e4000000, 0x00000000e4000000| Untracked 
|  65|0x00000000e4100000, 0x00000000e4100000, 0x00000000e4200000|  0%| F|  |TAMS 0x00000000e4100000, 0x00000000e4100000| Untracked 
|  66|0x00000000e4200000, 0x00000000e4200000, 0x00000000e4300000|  0%| F|  |TAMS 0x00000000e4200000, 0x00000000e4200000| Untracked 
|  67|0x00000000e4300000, 0x00000000e4300000, 0x00000000e4400000|  0%| F|  |TAMS 0x00000000e4300000, 0x00000000e4300000| Untracked 
|  68|0x00000000e4400000, 0x00000000e4400000, 0x00000000e4500000|  0%| F|  |TAMS 0x00000000e4400000, 0x00000000e4400000| Untracked 
|  69|0x00000000e4500000, 0x00000000e4500000, 0x00000000e4600000|  0%| F|  |TAMS 0x00000000e4500000, 0x00000000e4500000| Untracked 
|  70|0x00000000e4600000, 0x00000000e4600000, 0x00000000e4700000|  0%| F|  |TAMS 0x00000000e4600000, 0x00000000e4600000| Untracked 
|  71|0x00000000e4700000, 0x00000000e4700000, 0x00000000e4800000|  0%| F|  |TAMS 0x00000000e4700000, 0x00000000e4700000| Untracked 
|  72|0x00000000e4800000, 0x00000000e4800000, 0x00000000e4900000|  0%| F|  |TAMS 0x00000000e4800000, 0x00000000e4800000| Untracked 
|  73|0x00000000e4900000, 0x00000000e4900000, 0x00000000e4a00000|  0%| F|  |TAMS 0x00000000e4900000, 0x00000000e4900000| Untracked 
|  74|0x00000000e4a00000, 0x00000000e4a00000, 0x00000000e4b00000|  0%| F|  |TAMS 0x00000000e4a00000, 0x00000000e4a00000| Untracked 
|  75|0x00000000e4b00000, 0x00000000e4b00000, 0x00000000e4c00000|  0%| F|  |TAMS 0x00000000e4b00000, 0x00000000e4b00000| Untracked 
|  76|0x00000000e4c00000, 0x00000000e4c00000, 0x00000000e4d00000|  0%| F|  |TAMS 0x00000000e4c00000, 0x00000000e4c00000| Untracked 
|  77|0x00000000e4d00000, 0x00000000e4d00000, 0x00000000e4e00000|  0%| F|  |TAMS 0x00000000e4d00000, 0x00000000e4d00000| Untracked 
|  78|0x00000000e4e00000, 0x00000000e4e00000, 0x00000000e4f00000|  0%| F|  |TAMS 0x00000000e4e00000, 0x00000000e4e00000| Untracked 
|  79|0x00000000e4f00000, 0x00000000e4f00000, 0x00000000e5000000|  0%| F|  |TAMS 0x00000000e4f00000, 0x00000000e4f00000| Untracked 
|  80|0x00000000e5000000, 0x00000000e5000000, 0x00000000e5100000|  0%| F|  |TAMS 0x00000000e5000000, 0x00000000e5000000| Untracked 
|  81|0x00000000e5100000, 0x00000000e5100000, 0x00000000e5200000|  0%| F|  |TAMS 0x00000000e5100000, 0x00000000e5100000| Untracked 
|  82|0x00000000e5200000, 0x00000000e5200000, 0x00000000e5300000|  0%| F|  |TAMS 0x00000000e5200000, 0x00000000e5200000| Untracked 
|  83|0x00000000e5300000, 0x00000000e5400000, 0x00000000e5400000|100%| S|CS|TAMS 0x00000000e5300000, 0x00000000e5300000| Complete 
|  84|0x00000000e5400000, 0x00000000e5500000, 0x00000000e5500000|100%| S|CS|TAMS 0x00000000e5400000, 0x00000000e5400000| Complete 
|  85|0x00000000e5500000, 0x00000000e5600000, 0x00000000e5600000|100%| S|CS|TAMS 0x00000000e5500000, 0x00000000e5500000| Complete 
|  86|0x00000000e5600000, 0x00000000e5700000, 0x00000000e5700000|100%| S|CS|TAMS 0x00000000e5600000, 0x00000000e5600000| Complete 
|  87|0x00000000e5700000, 0x00000000e5800000, 0x00000000e5800000|100%| S|CS|TAMS 0x00000000e5700000, 0x00000000e5700000| Complete 
|  88|0x00000000e5800000, 0x00000000e5900000, 0x00000000e5900000|100%| S|CS|TAMS 0x00000000e5800000, 0x00000000e5800000| Complete 
|  89|0x00000000e5900000, 0x00000000e5a00000, 0x00000000e5a00000|100%| S|CS|TAMS 0x00000000e5900000, 0x00000000e5900000| Complete 
|  90|0x00000000e5a00000, 0x00000000e5a00000, 0x00000000e5b00000|  0%| F|  |TAMS 0x00000000e5a00000, 0x00000000e5a00000| Untracked 
|  91|0x00000000e5b00000, 0x00000000e5b00000, 0x00000000e5c00000|  0%| F|  |TAMS 0x00000000e5b00000, 0x00000000e5b00000| Untracked 
|  92|0x00000000e5c00000, 0x00000000e5c00000, 0x00000000e5d00000|  0%| F|  |TAMS 0x00000000e5c00000, 0x00000000e5c00000| Untracked 
|  93|0x00000000e5d00000, 0x00000000e5d00000, 0x00000000e5e00000|  0%| F|  |TAMS 0x00000000e5d00000, 0x00000000e5d00000| Untracked 
|  94|0x00000000e5e00000, 0x00000000e5e00000, 0x00000000e5f00000|  0%| F|  |TAMS 0x00000000e5e00000, 0x00000000e5e00000| Untracked 
|  95|0x00000000e5f00000, 0x00000000e5f00000, 0x00000000e6000000|  0%| F|  |TAMS 0x00000000e5f00000, 0x00000000e5f00000| Untracked 
|  96|0x00000000e6000000, 0x00000000e6000000, 0x00000000e6100000|  0%| F|  |TAMS 0x00000000e6000000, 0x00000000e6000000| Untracked 
|  97|0x00000000e6100000, 0x00000000e6100000, 0x00000000e6200000|  0%| F|  |TAMS 0x00000000e6100000, 0x00000000e6100000| Untracked 
|  98|0x00000000e6200000, 0x00000000e6200000, 0x00000000e6300000|  0%| F|  |TAMS 0x00000000e6200000, 0x00000000e6200000| Untracked 
|  99|0x00000000e6300000, 0x00000000e6300000, 0x00000000e6400000|  0%| F|  |TAMS 0x00000000e6300000, 0x00000000e6300000| Untracked 
| 100|0x00000000e6400000, 0x00000000e6400000, 0x00000000e6500000|  0%| F|  |TAMS 0x00000000e6400000, 0x00000000e6400000| Untracked 
| 101|0x00000000e6500000, 0x00000000e6500000, 0x00000000e6600000|  0%| F|  |TAMS 0x00000000e6500000, 0x00000000e6500000| Untracked 
| 102|0x00000000e6600000, 0x00000000e6600000, 0x00000000e6700000|  0%| F|  |TAMS 0x00000000e6600000, 0x00000000e6600000| Untracked 
| 103|0x00000000e6700000, 0x00000000e6800000, 0x00000000e6800000|100%| S|CS|TAMS 0x00000000e6700000, 0x00000000e6700000| Complete 
| 104|0x00000000e6800000, 0x00000000e6900000, 0x00000000e6900000|100%| S|CS|TAMS 0x00000000e6800000, 0x00000000e6800000| Complete 
| 105|0x00000000e6900000, 0x00000000e6a00000, 0x00000000e6a00000|100%| S|CS|TAMS 0x00000000e6900000, 0x00000000e6900000| Complete 
| 106|0x00000000e6a00000, 0x00000000e6b00000, 0x00000000e6b00000|100%| S|CS|TAMS 0x00000000e6a00000, 0x00000000e6a00000| Complete 
| 107|0x00000000e6b00000, 0x00000000e6c00000, 0x00000000e6c00000|100%| S|CS|TAMS 0x00000000e6b00000, 0x00000000e6b00000| Complete 
| 108|0x00000000e6c00000, 0x00000000e6d00000, 0x00000000e6d00000|100%| S|CS|TAMS 0x00000000e6c00000, 0x00000000e6c00000| Complete 
| 109|0x00000000e6d00000, 0x00000000e6e00000, 0x00000000e6e00000|100%| S|CS|TAMS 0x00000000e6d00000, 0x00000000e6d00000| Complete 
| 110|0x00000000e6e00000, 0x00000000e6f00000, 0x00000000e6f00000|100%| S|CS|TAMS 0x00000000e6e00000, 0x00000000e6e00000| Complete 
| 111|0x00000000e6f00000, 0x00000000e7000000, 0x00000000e7000000|100%| S|CS|TAMS 0x00000000e6f00000, 0x00000000e6f00000| Complete 
| 112|0x00000000e7000000, 0x00000000e7100000, 0x00000000e7100000|100%| S|CS|TAMS 0x00000000e7000000, 0x00000000e7000000| Complete 
| 113|0x00000000e7100000, 0x00000000e7200000, 0x00000000e7200000|100%| S|CS|TAMS 0x00000000e7100000, 0x00000000e7100000| Complete 
| 114|0x00000000e7200000, 0x00000000e7300000, 0x00000000e7300000|100%| S|CS|TAMS 0x00000000e7200000, 0x00000000e7200000| Complete 
| 115|0x00000000e7300000, 0x00000000e7400000, 0x00000000e7400000|100%| S|CS|TAMS 0x00000000e7300000, 0x00000000e7300000| Complete 
| 116|0x00000000e7400000, 0x00000000e7400000, 0x00000000e7500000|  0%| F|  |TAMS 0x00000000e7400000, 0x00000000e7400000| Untracked 
| 117|0x00000000e7500000, 0x00000000e7500000, 0x00000000e7600000|  0%| F|  |TAMS 0x00000000e7500000, 0x00000000e7500000| Untracked 
| 118|0x00000000e7600000, 0x00000000e7600000, 0x00000000e7700000|  0%| F|  |TAMS 0x00000000e7600000, 0x00000000e7600000| Untracked 
| 119|0x00000000e7700000, 0x00000000e7700000, 0x00000000e7800000|  0%| F|  |TAMS 0x00000000e7700000, 0x00000000e7700000| Untracked 
| 120|0x00000000e7800000, 0x00000000e7800000, 0x00000000e7900000|  0%| F|  |TAMS 0x00000000e7800000, 0x00000000e7800000| Untracked 
| 121|0x00000000e7900000, 0x00000000e7900000, 0x00000000e7a00000|  0%| F|  |TAMS 0x00000000e7900000, 0x00000000e7900000| Untracked 
| 122|0x00000000e7a00000, 0x00000000e7a00000, 0x00000000e7b00000|  0%| F|  |TAMS 0x00000000e7a00000, 0x00000000e7a00000| Untracked 
| 123|0x00000000e7b00000, 0x00000000e7b00000, 0x00000000e7c00000|  0%| F|  |TAMS 0x00000000e7b00000, 0x00000000e7b00000| Untracked 
| 124|0x00000000e7c00000, 0x00000000e7c00000, 0x00000000e7d00000|  0%| F|  |TAMS 0x00000000e7c00000, 0x00000000e7c00000| Untracked 
| 125|0x00000000e7d00000, 0x00000000e7d00000, 0x00000000e7e00000|  0%| F|  |TAMS 0x00000000e7d00000, 0x00000000e7d00000| Untracked 
| 126|0x00000000e7e00000, 0x00000000e7e00000, 0x00000000e7f00000|  0%| F|  |TAMS 0x00000000e7e00000, 0x00000000e7e00000| Untracked 
| 127|0x00000000e7f00000, 0x00000000e7f00000, 0x00000000e8000000|  0%| F|  |TAMS 0x00000000e7f00000, 0x00000000e7f00000| Untracked 
| 128|0x00000000e8000000, 0x00000000e8000000, 0x00000000e8100000|  0%| F|  |TAMS 0x00000000e8000000, 0x00000000e8000000| Untracked 
| 129|0x00000000e8100000, 0x00000000e8100000, 0x00000000e8200000|  0%| F|  |TAMS 0x00000000e8100000, 0x00000000e8100000| Untracked 
| 130|0x00000000e8200000, 0x00000000e8200000, 0x00000000e8300000|  0%| F|  |TAMS 0x00000000e8200000, 0x00000000e8200000| Untracked 
| 131|0x00000000e8300000, 0x00000000e8300000, 0x00000000e8400000|  0%| F|  |TAMS 0x00000000e8300000, 0x00000000e8300000| Untracked 
| 132|0x00000000e8400000, 0x00000000e8400000, 0x00000000e8500000|  0%| F|  |TAMS 0x00000000e8400000, 0x00000000e8400000| Untracked 
| 133|0x00000000e8500000, 0x00000000e8500000, 0x00000000e8600000|  0%| F|  |TAMS 0x00000000e8500000, 0x00000000e8500000| Untracked 
| 134|0x00000000e8600000, 0x00000000e8600000, 0x00000000e8700000|  0%| F|  |TAMS 0x00000000e8600000, 0x00000000e8600000| Untracked 
| 135|0x00000000e8700000, 0x00000000e8700000, 0x00000000e8800000|  0%| F|  |TAMS 0x00000000e8700000, 0x00000000e8700000| Untracked 
| 136|0x00000000e8800000, 0x00000000e8800000, 0x00000000e8900000|  0%| F|  |TAMS 0x00000000e8800000, 0x00000000e8800000| Untracked 
| 137|0x00000000e8900000, 0x00000000e8900000, 0x00000000e8a00000|  0%| F|  |TAMS 0x00000000e8900000, 0x00000000e8900000| Untracked 
| 138|0x00000000e8a00000, 0x00000000e8a00000, 0x00000000e8b00000|  0%| F|  |TAMS 0x00000000e8a00000, 0x00000000e8a00000| Untracked 
| 139|0x00000000e8b00000, 0x00000000e8b00000, 0x00000000e8c00000|  0%| F|  |TAMS 0x00000000e8b00000, 0x00000000e8b00000| Untracked 
| 140|0x00000000e8c00000, 0x00000000e8c00000, 0x00000000e8d00000|  0%| F|  |TAMS 0x00000000e8c00000, 0x00000000e8c00000| Untracked 
| 141|0x00000000e8d00000, 0x00000000e8d00000, 0x00000000e8e00000|  0%| F|  |TAMS 0x00000000e8d00000, 0x00000000e8d00000| Untracked 
| 142|0x00000000e8e00000, 0x00000000e8e00000, 0x00000000e8f00000|  0%| F|  |TAMS 0x00000000e8e00000, 0x00000000e8e00000| Untracked 
| 143|0x00000000e8f00000, 0x00000000e8f00000, 0x00000000e9000000|  0%| F|  |TAMS 0x00000000e8f00000, 0x00000000e8f00000| Untracked 
| 144|0x00000000e9000000, 0x00000000e9000000, 0x00000000e9100000|  0%| F|  |TAMS 0x00000000e9000000, 0x00000000e9000000| Untracked 
| 145|0x00000000e9100000, 0x00000000e9100000, 0x00000000e9200000|  0%| F|  |TAMS 0x00000000e9100000, 0x00000000e9100000| Untracked 
| 146|0x00000000e9200000, 0x00000000e9200000, 0x00000000e9300000|  0%| F|  |TAMS 0x00000000e9200000, 0x00000000e9200000| Untracked 
| 147|0x00000000e9300000, 0x00000000e9300000, 0x00000000e9400000|  0%| F|  |TAMS 0x00000000e9300000, 0x00000000e9300000| Untracked 
| 148|0x00000000e9400000, 0x00000000e9400000, 0x00000000e9500000|  0%| F|  |TAMS 0x00000000e9400000, 0x00000000e9400000| Untracked 
| 149|0x00000000e9500000, 0x00000000e9500000, 0x00000000e9600000|  0%| F|  |TAMS 0x00000000e9500000, 0x00000000e9500000| Untracked 
| 150|0x00000000e9600000, 0x00000000e9600000, 0x00000000e9700000|  0%| F|  |TAMS 0x00000000e9600000, 0x00000000e9600000| Untracked 
| 151|0x00000000e9700000, 0x00000000e9700000, 0x00000000e9800000|  0%| F|  |TAMS 0x00000000e9700000, 0x00000000e9700000| Untracked 
| 152|0x00000000e9800000, 0x00000000e9800000, 0x00000000e9900000|  0%| F|  |TAMS 0x00000000e9800000, 0x00000000e9800000| Untracked 
| 153|0x00000000e9900000, 0x00000000e9900000, 0x00000000e9a00000|  0%| F|  |TAMS 0x00000000e9900000, 0x00000000e9900000| Untracked 
| 154|0x00000000e9a00000, 0x00000000e9a00000, 0x00000000e9b00000|  0%| F|  |TAMS 0x00000000e9a00000, 0x00000000e9a00000| Untracked 
| 155|0x00000000e9b00000, 0x00000000e9b00000, 0x00000000e9c00000|  0%| F|  |TAMS 0x00000000e9b00000, 0x00000000e9b00000| Untracked 
| 156|0x00000000e9c00000, 0x00000000e9c00000, 0x00000000e9d00000|  0%| F|  |TAMS 0x00000000e9c00000, 0x00000000e9c00000| Untracked 
| 157|0x00000000e9d00000, 0x00000000e9d00000, 0x00000000e9e00000|  0%| F|  |TAMS 0x00000000e9d00000, 0x00000000e9d00000| Untracked 
| 158|0x00000000e9e00000, 0x00000000e9e00000, 0x00000000e9f00000|  0%| F|  |TAMS 0x00000000e9e00000, 0x00000000e9e00000| Untracked 
| 159|0x00000000e9f00000, 0x00000000e9f00000, 0x00000000ea000000|  0%| F|  |TAMS 0x00000000e9f00000, 0x00000000e9f00000| Untracked 
| 160|0x00000000ea000000, 0x00000000ea000000, 0x00000000ea100000|  0%| F|  |TAMS 0x00000000ea000000, 0x00000000ea000000| Untracked 
| 161|0x00000000ea100000, 0x00000000ea100000, 0x00000000ea200000|  0%| F|  |TAMS 0x00000000ea100000, 0x00000000ea100000| Untracked 
| 162|0x00000000ea200000, 0x00000000ea200000, 0x00000000ea300000|  0%| F|  |TAMS 0x00000000ea200000, 0x00000000ea200000| Untracked 
| 163|0x00000000ea300000, 0x00000000ea300000, 0x00000000ea400000|  0%| F|  |TAMS 0x00000000ea300000, 0x00000000ea300000| Untracked 
| 164|0x00000000ea400000, 0x00000000ea400000, 0x00000000ea500000|  0%| F|  |TAMS 0x00000000ea400000, 0x00000000ea400000| Untracked 
| 165|0x00000000ea500000, 0x00000000ea500000, 0x00000000ea600000|  0%| F|  |TAMS 0x00000000ea500000, 0x00000000ea500000| Untracked 
| 166|0x00000000ea600000, 0x00000000ea600000, 0x00000000ea700000|  0%| F|  |TAMS 0x00000000ea600000, 0x00000000ea600000| Untracked 
| 167|0x00000000ea700000, 0x00000000ea700000, 0x00000000ea800000|  0%| F|  |TAMS 0x00000000ea700000, 0x00000000ea700000| Untracked 
| 168|0x00000000ea800000, 0x00000000ea800000, 0x00000000ea900000|  0%| F|  |TAMS 0x00000000ea800000, 0x00000000ea800000| Untracked 
| 169|0x00000000ea900000, 0x00000000ea900000, 0x00000000eaa00000|  0%| F|  |TAMS 0x00000000ea900000, 0x00000000ea900000| Untracked 
| 170|0x00000000eaa00000, 0x00000000eaa00000, 0x00000000eab00000|  0%| F|  |TAMS 0x00000000eaa00000, 0x00000000eaa00000| Untracked 
| 171|0x00000000eab00000, 0x00000000eab00000, 0x00000000eac00000|  0%| F|  |TAMS 0x00000000eab00000, 0x00000000eab00000| Untracked 
| 172|0x00000000eac00000, 0x00000000eac00000, 0x00000000ead00000|  0%| F|  |TAMS 0x00000000eac00000, 0x00000000eac00000| Untracked 
| 173|0x00000000ead00000, 0x00000000ead00000, 0x00000000eae00000|  0%| F|  |TAMS 0x00000000ead00000, 0x00000000ead00000| Untracked 
| 174|0x00000000eae00000, 0x00000000eae00000, 0x00000000eaf00000|  0%| F|  |TAMS 0x00000000eae00000, 0x00000000eae00000| Untracked 
| 175|0x00000000eaf00000, 0x00000000eaf00000, 0x00000000eb000000|  0%| F|  |TAMS 0x00000000eaf00000, 0x00000000eaf00000| Untracked 
| 176|0x00000000eb000000, 0x00000000eb000000, 0x00000000eb100000|  0%| F|  |TAMS 0x00000000eb000000, 0x00000000eb000000| Untracked 
| 177|0x00000000eb100000, 0x00000000eb100000, 0x00000000eb200000|  0%| F|  |TAMS 0x00000000eb100000, 0x00000000eb100000| Untracked 
| 178|0x00000000eb200000, 0x00000000eb200000, 0x00000000eb300000|  0%| F|  |TAMS 0x00000000eb200000, 0x00000000eb200000| Untracked 
| 179|0x00000000eb300000, 0x00000000eb300000, 0x00000000eb400000|  0%| F|  |TAMS 0x00000000eb300000, 0x00000000eb300000| Untracked 
| 180|0x00000000eb400000, 0x00000000eb400000, 0x00000000eb500000|  0%| F|  |TAMS 0x00000000eb400000, 0x00000000eb400000| Untracked 
| 181|0x00000000eb500000, 0x00000000eb500000, 0x00000000eb600000|  0%| F|  |TAMS 0x00000000eb500000, 0x00000000eb500000| Untracked 
| 182|0x00000000eb600000, 0x00000000eb600000, 0x00000000eb700000|  0%| F|  |TAMS 0x00000000eb600000, 0x00000000eb600000| Untracked 
| 183|0x00000000eb700000, 0x00000000eb700000, 0x00000000eb800000|  0%| F|  |TAMS 0x00000000eb700000, 0x00000000eb700000| Untracked 
| 184|0x00000000eb800000, 0x00000000eb800000, 0x00000000eb900000|  0%| F|  |TAMS 0x00000000eb800000, 0x00000000eb800000| Untracked 
| 185|0x00000000eb900000, 0x00000000eb900000, 0x00000000eba00000|  0%| F|  |TAMS 0x00000000eb900000, 0x00000000eb900000| Untracked 
| 186|0x00000000eba00000, 0x00000000eba00000, 0x00000000ebb00000|  0%| F|  |TAMS 0x00000000eba00000, 0x00000000eba00000| Untracked 
| 187|0x00000000ebb00000, 0x00000000ebb00000, 0x00000000ebc00000|  0%| F|  |TAMS 0x00000000ebb00000, 0x00000000ebb00000| Untracked 
| 188|0x00000000ebc00000, 0x00000000ebc00000, 0x00000000ebd00000|  0%| F|  |TAMS 0x00000000ebc00000, 0x00000000ebc00000| Untracked 
| 189|0x00000000ebd00000, 0x00000000ebd00000, 0x00000000ebe00000|  0%| F|  |TAMS 0x00000000ebd00000, 0x00000000ebd00000| Untracked 
| 190|0x00000000ebe00000, 0x00000000ebe00000, 0x00000000ebf00000|  0%| F|  |TAMS 0x00000000ebe00000, 0x00000000ebe00000| Untracked 
| 191|0x00000000ebf00000, 0x00000000ebf00000, 0x00000000ec000000|  0%| F|  |TAMS 0x00000000ebf00000, 0x00000000ebf00000| Untracked 
| 192|0x00000000ec000000, 0x00000000ec000000, 0x00000000ec100000|  0%| F|  |TAMS 0x00000000ec000000, 0x00000000ec000000| Untracked 
| 193|0x00000000ec100000, 0x00000000ec100000, 0x00000000ec200000|  0%| F|  |TAMS 0x00000000ec100000, 0x00000000ec100000| Untracked 
| 194|0x00000000ec200000, 0x00000000ec200000, 0x00000000ec300000|  0%| F|  |TAMS 0x00000000ec200000, 0x00000000ec200000| Untracked 
| 195|0x00000000ec300000, 0x00000000ec300000, 0x00000000ec400000|  0%| F|  |TAMS 0x00000000ec300000, 0x00000000ec300000| Untracked 
| 196|0x00000000ec400000, 0x00000000ec400000, 0x00000000ec500000|  0%| F|  |TAMS 0x00000000ec400000, 0x00000000ec400000| Untracked 
| 197|0x00000000ec500000, 0x00000000ec500000, 0x00000000ec600000|  0%| F|  |TAMS 0x00000000ec500000, 0x00000000ec500000| Untracked 
| 198|0x00000000ec600000, 0x00000000ec600000, 0x00000000ec700000|  0%| F|  |TAMS 0x00000000ec600000, 0x00000000ec600000| Untracked 
| 199|0x00000000ec700000, 0x00000000ec700000, 0x00000000ec800000|  0%| F|  |TAMS 0x00000000ec700000, 0x00000000ec700000| Untracked 
| 200|0x00000000ec800000, 0x00000000ec800000, 0x00000000ec900000|  0%| F|  |TAMS 0x00000000ec800000, 0x00000000ec800000| Untracked 
| 201|0x00000000ec900000, 0x00000000ec900000, 0x00000000eca00000|  0%| F|  |TAMS 0x00000000ec900000, 0x00000000ec900000| Untracked 
| 202|0x00000000eca00000, 0x00000000eca00000, 0x00000000ecb00000|  0%| F|  |TAMS 0x00000000eca00000, 0x00000000eca00000| Untracked 
| 203|0x00000000ecb00000, 0x00000000ecb00000, 0x00000000ecc00000|  0%| F|  |TAMS 0x00000000ecb00000, 0x00000000ecb00000| Untracked 
| 204|0x00000000ecc00000, 0x00000000ecc00000, 0x00000000ecd00000|  0%| F|  |TAMS 0x00000000ecc00000, 0x00000000ecc00000| Untracked 
| 205|0x00000000ecd00000, 0x00000000ecd00000, 0x00000000ece00000|  0%| F|  |TAMS 0x00000000ecd00000, 0x00000000ecd00000| Untracked 
| 206|0x00000000ece00000, 0x00000000ece00000, 0x00000000ecf00000|  0%| F|  |TAMS 0x00000000ece00000, 0x00000000ece00000| Untracked 
| 207|0x00000000ecf00000, 0x00000000ecf00000, 0x00000000ed000000|  0%| F|  |TAMS 0x00000000ecf00000, 0x00000000ecf00000| Untracked 
| 208|0x00000000ed000000, 0x00000000ed000000, 0x00000000ed100000|  0%| F|  |TAMS 0x00000000ed000000, 0x00000000ed000000| Untracked 
| 209|0x00000000ed100000, 0x00000000ed100000, 0x00000000ed200000|  0%| F|  |TAMS 0x00000000ed100000, 0x00000000ed100000| Untracked 
| 210|0x00000000ed200000, 0x00000000ed200000, 0x00000000ed300000|  0%| F|  |TAMS 0x00000000ed200000, 0x00000000ed200000| Untracked 
| 211|0x00000000ed300000, 0x00000000ed300000, 0x00000000ed400000|  0%| F|  |TAMS 0x00000000ed300000, 0x00000000ed300000| Untracked 
| 212|0x00000000ed400000, 0x00000000ed400000, 0x00000000ed500000|  0%| F|  |TAMS 0x00000000ed400000, 0x00000000ed400000| Untracked 
| 213|0x00000000ed500000, 0x00000000ed500000, 0x00000000ed600000|  0%| F|  |TAMS 0x00000000ed500000, 0x00000000ed500000| Untracked 
| 214|0x00000000ed600000, 0x00000000ed600000, 0x00000000ed700000|  0%| F|  |TAMS 0x00000000ed600000, 0x00000000ed600000| Untracked 
| 215|0x00000000ed700000, 0x00000000ed700000, 0x00000000ed800000|  0%| F|  |TAMS 0x00000000ed700000, 0x00000000ed700000| Untracked 
| 216|0x00000000ed800000, 0x00000000ed800000, 0x00000000ed900000|  0%| F|  |TAMS 0x00000000ed800000, 0x00000000ed800000| Untracked 
| 217|0x00000000ed900000, 0x00000000ed900000, 0x00000000eda00000|  0%| F|  |TAMS 0x00000000ed900000, 0x00000000ed900000| Untracked 
| 218|0x00000000eda00000, 0x00000000eda00000, 0x00000000edb00000|  0%| F|  |TAMS 0x00000000eda00000, 0x00000000eda00000| Untracked 
| 219|0x00000000edb00000, 0x00000000edb00000, 0x00000000edc00000|  0%| F|  |TAMS 0x00000000edb00000, 0x00000000edb00000| Untracked 
| 220|0x00000000edc00000, 0x00000000edc00000, 0x00000000edd00000|  0%| F|  |TAMS 0x00000000edc00000, 0x00000000edc00000| Untracked 
| 221|0x00000000edd00000, 0x00000000edd00000, 0x00000000ede00000|  0%| F|  |TAMS 0x00000000edd00000, 0x00000000edd00000| Untracked 
| 222|0x00000000ede00000, 0x00000000ede00000, 0x00000000edf00000|  0%| F|  |TAMS 0x00000000ede00000, 0x00000000ede00000| Untracked 
| 223|0x00000000edf00000, 0x00000000edf00000, 0x00000000ee000000|  0%| F|  |TAMS 0x00000000edf00000, 0x00000000edf00000| Untracked 
| 224|0x00000000ee000000, 0x00000000ee000000, 0x00000000ee100000|  0%| F|  |TAMS 0x00000000ee000000, 0x00000000ee000000| Untracked 
| 225|0x00000000ee100000, 0x00000000ee100000, 0x00000000ee200000|  0%| F|  |TAMS 0x00000000ee100000, 0x00000000ee100000| Untracked 
| 226|0x00000000ee200000, 0x00000000ee200000, 0x00000000ee300000|  0%| F|  |TAMS 0x00000000ee200000, 0x00000000ee200000| Untracked 
| 227|0x00000000ee300000, 0x00000000ee300000, 0x00000000ee400000|  0%| F|  |TAMS 0x00000000ee300000, 0x00000000ee300000| Untracked 
| 228|0x00000000ee400000, 0x00000000ee400000, 0x00000000ee500000|  0%| F|  |TAMS 0x00000000ee400000, 0x00000000ee400000| Untracked 
| 229|0x00000000ee500000, 0x00000000ee500000, 0x00000000ee600000|  0%| F|  |TAMS 0x00000000ee500000, 0x00000000ee500000| Untracked 
| 230|0x00000000ee600000, 0x00000000ee600000, 0x00000000ee700000|  0%| F|  |TAMS 0x00000000ee600000, 0x00000000ee600000| Untracked 
| 231|0x00000000ee700000, 0x00000000ee700000, 0x00000000ee800000|  0%| F|  |TAMS 0x00000000ee700000, 0x00000000ee700000| Untracked 
| 232|0x00000000ee800000, 0x00000000ee800000, 0x00000000ee900000|  0%| F|  |TAMS 0x00000000ee800000, 0x00000000ee800000| Untracked 
| 233|0x00000000ee900000, 0x00000000ee900000, 0x00000000eea00000|  0%| F|  |TAMS 0x00000000ee900000, 0x00000000ee900000| Untracked 
| 234|0x00000000eea00000, 0x00000000eea00000, 0x00000000eeb00000|  0%| F|  |TAMS 0x00000000eea00000, 0x00000000eea00000| Untracked 
| 235|0x00000000eeb00000, 0x00000000eeb00000, 0x00000000eec00000|  0%| F|  |TAMS 0x00000000eeb00000, 0x00000000eeb00000| Untracked 
| 236|0x00000000eec00000, 0x00000000eec00000, 0x00000000eed00000|  0%| F|  |TAMS 0x00000000eec00000, 0x00000000eec00000| Untracked 
| 237|0x00000000eed00000, 0x00000000eed00000, 0x00000000eee00000|  0%| F|  |TAMS 0x00000000eed00000, 0x00000000eed00000| Untracked 
| 238|0x00000000eee00000, 0x00000000eee00000, 0x00000000eef00000|  0%| F|  |TAMS 0x00000000eee00000, 0x00000000eee00000| Untracked 
| 239|0x00000000eef00000, 0x00000000eef00000, 0x00000000ef000000|  0%| F|  |TAMS 0x00000000eef00000, 0x00000000eef00000| Untracked 
| 240|0x00000000ef000000, 0x00000000ef000000, 0x00000000ef100000|  0%| F|  |TAMS 0x00000000ef000000, 0x00000000ef000000| Untracked 
| 241|0x00000000ef100000, 0x00000000ef100000, 0x00000000ef200000|  0%| F|  |TAMS 0x00000000ef100000, 0x00000000ef100000| Untracked 
| 242|0x00000000ef200000, 0x00000000ef300000, 0x00000000ef300000|100%| E|  |TAMS 0x00000000ef200000, 0x00000000ef200000| Complete 
| 243|0x00000000ef300000, 0x00000000ef400000, 0x00000000ef400000|100%| E|CS|TAMS 0x00000000ef300000, 0x00000000ef300000| Complete 
| 244|0x00000000ef400000, 0x00000000ef500000, 0x00000000ef500000|100%| E|CS|TAMS 0x00000000ef400000, 0x00000000ef400000| Complete 
| 245|0x00000000ef500000, 0x00000000ef600000, 0x00000000ef600000|100%| E|CS|TAMS 0x00000000ef500000, 0x00000000ef500000| Complete 
| 246|0x00000000ef600000, 0x00000000ef700000, 0x00000000ef700000|100%| E|CS|TAMS 0x00000000ef600000, 0x00000000ef600000| Complete 
| 247|0x00000000ef700000, 0x00000000ef800000, 0x00000000ef800000|100%| E|CS|TAMS 0x00000000ef700000, 0x00000000ef700000| Complete 
| 248|0x00000000ef800000, 0x00000000ef900000, 0x00000000ef900000|100%| E|CS|TAMS 0x00000000ef800000, 0x00000000ef800000| Complete 
| 249|0x00000000ef900000, 0x00000000efa00000, 0x00000000efa00000|100%| E|CS|TAMS 0x00000000ef900000, 0x00000000ef900000| Complete 
| 250|0x00000000efa00000, 0x00000000efb00000, 0x00000000efb00000|100%| E|CS|TAMS 0x00000000efa00000, 0x00000000efa00000| Complete 
| 251|0x00000000efb00000, 0x00000000efc00000, 0x00000000efc00000|100%| E|CS|TAMS 0x00000000efb00000, 0x00000000efb00000| Complete 
| 252|0x00000000efc00000, 0x00000000efd00000, 0x00000000efd00000|100%| E|CS|TAMS 0x00000000efc00000, 0x00000000efc00000| Complete 
| 253|0x00000000efd00000, 0x00000000efe00000, 0x00000000efe00000|100%| E|CS|TAMS 0x00000000efd00000, 0x00000000efd00000| Complete 
| 254|0x00000000efe00000, 0x00000000eff00000, 0x00000000eff00000|100%| E|CS|TAMS 0x00000000efe00000, 0x00000000efe00000| Complete 
| 255|0x00000000eff00000, 0x00000000f0000000, 0x00000000f0000000|100%| E|CS|TAMS 0x00000000eff00000, 0x00000000eff00000| Complete 

Card table byte_map: [0x000002efbb8c0000,0x000002efbb9c0000] _byte_map_base: 0x000002efbb1c0000

Marking Bits (Prev, Next): (CMBitMap*) 0x000002efa4c00ee0, (CMBitMap*) 0x000002efa4c00ea0
 Prev Bits: [0x000002efbc2c0000, 0x000002efbcac0000)
 Next Bits: [0x000002efbbac0000, 0x000002efbc2c0000)

Polling page: 0x000002efa4310000

Metaspace:

Usage:
  Non-class:     65.73 MB used.
      Class:      9.95 MB used.
       Both:     75.67 MB used.

Virtual space:
  Non-class space:      128.00 MB reserved,      66.12 MB ( 52%) committed,  2 nodes.
      Class space:      320.00 MB reserved,      10.25 MB (  3%) committed,  1 nodes.
             Both:      448.00 MB reserved,      76.38 MB ( 17%) committed. 

Chunk freelists:
   Non-Class:  13.87 MB
       Class:  5.80 MB
        Both:  19.68 MB

MaxMetaspaceSize: 384.00 MB
CompressedClassSpaceSize: 320.00 MB
Initial GC threshold: 21.00 MB
Current GC threshold: 99.31 MB
CDS: on
MetaspaceReclaimPolicy: balanced
 - commit_granule_bytes: 65536.
 - commit_granule_words: 8192.
 - virtual_space_node_default_size: 8388608.
 - enlarge_chunks_in_place: 1.
 - new_chunks_are_fully_committed: 0.
 - uncommit_free_chunks: 1.
 - use_allocation_guard: 0.
 - handle_deallocations: 1.


Internal statistics:

num_allocs_failed_limit: 12.
num_arena_births: 770.
num_arena_deaths: 0.
num_vsnodes_births: 3.
num_vsnodes_deaths: 0.
num_space_committed: 1222.
num_space_uncommitted: 0.
num_chunks_returned_to_freelist: 12.
num_chunks_taken_from_freelist: 3752.
num_chunk_merges: 12.
num_chunk_splits: 2424.
num_chunks_enlarged: 1623.
num_inconsistent_stats: 0.

CodeHeap 'non-profiled nmethods': size=120000Kb used=9527Kb max_used=9527Kb free=110472Kb
 bounds [0x000002efb3f60000, 0x000002efb48b0000, 0x000002efbb490000]
CodeHeap 'profiled nmethods': size=120000Kb used=27571Kb max_used=27571Kb free=92428Kb
 bounds [0x000002efac490000, 0x000002efadf80000, 0x000002efb39c0000]
CodeHeap 'non-nmethods': size=5760Kb used=2411Kb max_used=2477Kb free=3348Kb
 bounds [0x000002efb39c0000, 0x000002efb3c40000, 0x000002efb3f60000]
 total_blobs=14016 nmethods=13088 adapters=840
 compilation: enabled
              stopped_count=0, restarted_count=0
 full_count=0

Compilation events (20 events):
Event: 69.399 Thread 0x000002efbf50bf50 15201       3       com.sun.tools.javac.comp.Check$1AnnotationValidator::visitAnnotation (38 bytes)
Event: 69.399 Thread 0x000002efbf50bf50 nmethod 15201 0x000002efadf71010 code [0x000002efadf71200, 0x000002efadf71888]
Event: 69.399 Thread 0x000002efbf50bf50 15198       1       com.sun.tools.javac.tree.JCTree$JCAnnotation::getTag (5 bytes)
Event: 69.399 Thread 0x000002efbf50bf50 nmethod 15198 0x000002efb48ad410 code [0x000002efb48ad5a0, 0x000002efb48ad678]
Event: 69.399 Thread 0x000002efbf50bf50 15199       1       com.sun.tools.javac.code.Type::isPrimitiveOrVoid (2 bytes)
Event: 69.399 Thread 0x000002efbf50bf50 nmethod 15199 0x000002efb48ad710 code [0x000002efb48ad8a0, 0x000002efb48ad978]
Event: 69.402 Thread 0x000002efbf50bf50 15203       3       com.sun.tools.javac.file.PathFileObject$SimpleFileObject::isNameCompatible (11 bytes)
Event: 69.402 Thread 0x000002efbf50bf50 nmethod 15203 0x000002efadf71a90 code [0x000002efadf71c20, 0x000002efadf71e08]
Event: 69.402 Thread 0x000002efbf50bf50 15204   !   3       com.sun.tools.javac.file.PathFileObject::isPathNameCompatible (183 bytes)
Event: 69.404 Thread 0x000002efbf50bf50 nmethod 15204 0x000002efadf71f10 code [0x000002efadf72260, 0x000002efadf73648]
Event: 69.406 Thread 0x000002efbf50bf50 15205   !   3       com.sun.tools.javac.code.Symbol::apiComplete (17 bytes)
Event: 69.406 Thread 0x000002efbf50bf50 nmethod 15205 0x000002efadf73d90 code [0x000002efadf73f60, 0x000002efadf742b8]
Event: 69.406 Thread 0x000002efbf50bf50 15206       3       com.sun.tools.javac.code.Symbol::getRawAttributes (21 bytes)
Event: 69.407 Thread 0x000002efbf50bf50 nmethod 15206 0x000002efadf74410 code [0x000002efadf745e0, 0x000002efadf74978]
Event: 69.407 Thread 0x000002efbf50bf50 15209       3       javax.lang.model.util.ElementScanner6::scan (48 bytes)
Event: 69.407 Thread 0x000002efbf50bf50 nmethod 15209 0x000002efadf74b10 code [0x000002efadf74d00, 0x000002efadf75318]
Event: 69.407 Thread 0x000002efbf50bf50 15208       3       com.sun.tools.javac.processing.JavacProcessingEnvironment$ComputeAnnotationSet::scan (16 bytes)
Event: 69.407 Thread 0x000002efbf50bf50 nmethod 15208 0x000002efadf75510 code [0x000002efadf756e0, 0x000002efadf75a98]
Event: 69.407 Thread 0x000002efbf50bf50 15207       1       com.sun.tools.javac.code.Type::asElement (5 bytes)
Event: 69.408 Thread 0x000002efbf50bf50 nmethod 15207 0x000002efb48ada10 code [0x000002efb48adba0, 0x000002efb48adc78]

GC Heap History (20 events):
Event: 10.861 GC heap before
{Heap before GC invocations=7 (full 0):
 garbage-first heap   total 262144K, used 35061K [0x00000000e0000000, 0x0000000100000000)
  region size 1024K, 5 young (5120K), 2 survivors (2048K)
 Metaspace       used 35855K, committed 36288K, reserved 393216K
  class space    used 5084K, committed 5248K, reserved 327680K
}
Event: 10.862 GC heap after
{Heap after GC invocations=8 (full 0):
 garbage-first heap   total 262144K, used 31588K [0x00000000e0000000, 0x0000000100000000)
  region size 1024K, 1 young (1024K), 1 survivors (1024K)
 Metaspace       used 35855K, committed 36288K, reserved 393216K
  class space    used 5084K, committed 5248K, reserved 327680K
}
Event: 22.959 GC heap before
{Heap before GC invocations=9 (full 0):
 garbage-first heap   total 262144K, used 194404K [0x00000000e0000000, 0x0000000100000000)
  region size 1024K, 153 young (156672K), 1 survivors (1024K)
 Metaspace       used 54686K, committed 55296K, reserved 393216K
  class space    used 7369K, committed 7680K, reserved 327680K
}
Event: 22.978 GC heap after
{Heap after GC invocations=10 (full 0):
 garbage-first heap   total 262144K, used 39394K [0x00000000e0000000, 0x0000000100000000)
  region size 1024K, 9 young (9216K), 9 survivors (9216K)
 Metaspace       used 54686K, committed 55296K, reserved 393216K
  class space    used 7369K, committed 7680K, reserved 327680K
}
Event: 23.402 GC heap before
{Heap before GC invocations=10 (full 0):
 garbage-first heap   total 262144K, used 42466K [0x00000000e0000000, 0x0000000100000000)
  region size 1024K, 12 young (12288K), 9 survivors (9216K)
 Metaspace       used 54820K, committed 55360K, reserved 393216K
  class space    used 7381K, committed 7680K, reserved 327680K
}
Event: 23.418 GC heap after
{Heap after GC invocations=11 (full 0):
 garbage-first heap   total 262144K, used 40078K [0x00000000e0000000, 0x0000000100000000)
  region size 1024K, 2 young (2048K), 2 survivors (2048K)
 Metaspace       used 54820K, committed 55360K, reserved 393216K
  class space    used 7381K, committed 7680K, reserved 327680K
}
Event: 26.700 GC heap before
{Heap before GC invocations=11 (full 0):
 garbage-first heap   total 262144K, used 127118K [0x00000000e0000000, 0x0000000100000000)
  region size 1024K, 88 young (90112K), 2 survivors (2048K)
 Metaspace       used 60235K, committed 60736K, reserved 393216K
  class space    used 8227K, committed 8448K, reserved 327680K
}
Event: 26.712 GC heap after
{Heap after GC invocations=12 (full 0):
 garbage-first heap   total 262144K, used 46532K [0x00000000e0000000, 0x0000000100000000)
  region size 1024K, 8 young (8192K), 8 survivors (8192K)
 Metaspace       used 60235K, committed 60736K, reserved 393216K
  class space    used 8227K, committed 8448K, reserved 327680K
}
Event: 35.866 GC heap before
{Heap before GC invocations=13 (full 0):
 garbage-first heap   total 262144K, used 195012K [0x00000000e0000000, 0x0000000100000000)
  region size 1024K, 153 young (156672K), 8 survivors (8192K)
 Metaspace       used 63178K, committed 63808K, reserved 393216K
  class space    used 8514K, committed 8768K, reserved 327680K
}
Event: 35.883 GC heap after
{Heap after GC invocations=14 (full 0):
 garbage-first heap   total 262144K, used 50920K [0x00000000e0000000, 0x0000000100000000)
  region size 1024K, 12 young (12288K), 12 survivors (12288K)
 Metaspace       used 63178K, committed 63808K, reserved 393216K
  class space    used 8514K, committed 8768K, reserved 327680K
}
Event: 40.567 GC heap before
{Heap before GC invocations=14 (full 0):
 garbage-first heap   total 262144K, used 194280K [0x00000000e0000000, 0x0000000100000000)
  region size 1024K, 153 young (156672K), 12 survivors (12288K)
 Metaspace       used 63699K, committed 64256K, reserved 393216K
  class space    used 8526K, committed 8768K, reserved 327680K
}
Event: 40.583 GC heap after
{Heap after GC invocations=15 (full 0):
 garbage-first heap   total 262144K, used 52829K [0x00000000e0000000, 0x0000000100000000)
  region size 1024K, 7 young (7168K), 7 survivors (7168K)
 Metaspace       used 63699K, committed 64256K, reserved 393216K
  class space    used 8526K, committed 8768K, reserved 327680K
}
Event: 47.168 GC heap before
{Heap before GC invocations=15 (full 0):
 garbage-first heap   total 262144K, used 201309K [0x00000000e0000000, 0x0000000100000000)
  region size 1024K, 153 young (156672K), 7 survivors (7168K)
 Metaspace       used 64267K, committed 64768K, reserved 393216K
  class space    used 8539K, committed 8768K, reserved 327680K
}
Event: 47.184 GC heap after
{Heap after GC invocations=16 (full 0):
 garbage-first heap   total 262144K, used 58224K [0x00000000e0000000, 0x0000000100000000)
  region size 1024K, 13 young (13312K), 13 survivors (13312K)
 Metaspace       used 64267K, committed 64768K, reserved 393216K
  class space    used 8539K, committed 8768K, reserved 327680K
}
Event: 54.092 GC heap before
{Heap before GC invocations=16 (full 0):
 garbage-first heap   total 262144K, used 201584K [0x00000000e0000000, 0x0000000100000000)
  region size 1024K, 153 young (156672K), 13 survivors (13312K)
 Metaspace       used 64982K, committed 65600K, reserved 393216K
  class space    used 8563K, committed 8832K, reserved 327680K
}
Event: 54.112 GC heap after
{Heap after GC invocations=17 (full 0):
 garbage-first heap   total 262144K, used 60371K [0x00000000e0000000, 0x0000000100000000)
  region size 1024K, 11 young (11264K), 11 survivors (11264K)
 Metaspace       used 64982K, committed 65600K, reserved 393216K
  class space    used 8563K, committed 8832K, reserved 327680K
}
Event: 61.847 GC heap before
{Heap before GC invocations=17 (full 0):
 garbage-first heap   total 262144K, used 205779K [0x00000000e0000000, 0x0000000100000000)
  region size 1024K, 153 young (156672K), 11 survivors (11264K)
 Metaspace       used 67250K, committed 67840K, reserved 393216K
  class space    used 8846K, committed 9152K, reserved 327680K
}
Event: 61.857 GC heap after
{Heap after GC invocations=18 (full 0):
 garbage-first heap   total 262144K, used 62387K [0x00000000e0000000, 0x0000000100000000)
  region size 1024K, 13 young (13312K), 13 survivors (13312K)
 Metaspace       used 67250K, committed 67840K, reserved 393216K
  class space    used 8846K, committed 9152K, reserved 327680K
}
Event: 69.037 GC heap before
{Heap before GC invocations=18 (full 0):
 garbage-first heap   total 262144K, used 207795K [0x00000000e0000000, 0x0000000100000000)
  region size 1024K, 153 young (156672K), 13 survivors (13312K)
 Metaspace       used 76803K, committed 77440K, reserved 458752K
  class space    used 10136K, committed 10432K, reserved 327680K
}
Event: 69.058 GC heap after
{Heap after GC invocations=19 (full 0):
 garbage-first heap   total 262144K, used 85165K [0x00000000e0000000, 0x0000000100000000)
  region size 1024K, 20 young (20480K), 20 survivors (20480K)
 Metaspace       used 76803K, committed 77440K, reserved 458752K
  class space    used 10136K, committed 10432K, reserved 327680K
}

Deoptimization events (20 events):
Event: 69.380 Thread 0x000002efdd128a60 Uncommon trap: trap_request=0xffffffc6 fr.pc=0x000002efb42dd66c relative=0x00000000000003ac
Event: 69.380 Thread 0x000002efdd128a60 Uncommon trap: reason=bimorphic_or_optimized_type_check action=maybe_recompile pc=0x000002efb42dd66c method=java.util.Spliterators$IteratorSpliterator.forEachRemaining(Ljava/util/function/Consumer;)V @ 26 c2
Event: 69.380 Thread 0x000002efdd128a60 DEOPT PACKING pc=0x000002efb42dd66c sp=0x000000f6585f9320
Event: 69.380 Thread 0x000002efdd128a60 DEOPT UNPACKING pc=0x000002efb3a15ba3 sp=0x000000f6585f92e0 mode 2
Event: 69.381 Thread 0x000002efdd128a60 Uncommon trap: trap_request=0xffffffc6 fr.pc=0x000002efb42dd66c relative=0x00000000000003ac
Event: 69.381 Thread 0x000002efdd128a60 Uncommon trap: reason=bimorphic_or_optimized_type_check action=maybe_recompile pc=0x000002efb42dd66c method=java.util.Spliterators$IteratorSpliterator.forEachRemaining(Ljava/util/function/Consumer;)V @ 26 c2
Event: 69.381 Thread 0x000002efdd128a60 DEOPT PACKING pc=0x000002efb42dd66c sp=0x000000f6585f9320
Event: 69.381 Thread 0x000002efdd128a60 DEOPT UNPACKING pc=0x000002efb3a15ba3 sp=0x000000f6585f92e0 mode 2
Event: 69.381 Thread 0x000002efdd128a60 Uncommon trap: trap_request=0xffffffc6 fr.pc=0x000002efb42dd66c relative=0x00000000000003ac
Event: 69.381 Thread 0x000002efdd128a60 Uncommon trap: reason=bimorphic_or_optimized_type_check action=maybe_recompile pc=0x000002efb42dd66c method=java.util.Spliterators$IteratorSpliterator.forEachRemaining(Ljava/util/function/Consumer;)V @ 26 c2
Event: 69.381 Thread 0x000002efdd128a60 DEOPT PACKING pc=0x000002efb42dd66c sp=0x000000f6585f9320
Event: 69.381 Thread 0x000002efdd128a60 DEOPT UNPACKING pc=0x000002efb3a15ba3 sp=0x000000f6585f92e0 mode 2
Event: 69.382 Thread 0x000002efdd128a60 Uncommon trap: trap_request=0xffffffc6 fr.pc=0x000002efb42dd66c relative=0x00000000000003ac
Event: 69.382 Thread 0x000002efdd128a60 Uncommon trap: reason=bimorphic_or_optimized_type_check action=maybe_recompile pc=0x000002efb42dd66c method=java.util.Spliterators$IteratorSpliterator.forEachRemaining(Ljava/util/function/Consumer;)V @ 26 c2
Event: 69.382 Thread 0x000002efdd128a60 DEOPT PACKING pc=0x000002efb42dd66c sp=0x000000f6585f9320
Event: 69.382 Thread 0x000002efdd128a60 DEOPT UNPACKING pc=0x000002efb3a15ba3 sp=0x000000f6585f92e0 mode 2
Event: 69.414 Thread 0x000002efdd128a60 Uncommon trap: trap_request=0xffffff45 fr.pc=0x000002efb46a6ef4 relative=0x0000000000000a74
Event: 69.414 Thread 0x000002efdd128a60 Uncommon trap: reason=unstable_if action=reinterpret pc=0x000002efb46a6ef4 method=java.lang.reflect.AccessibleObject.checkCanSetAccessible(Ljava/lang/Class;Ljava/lang/Class;Z)Z @ 102 c2
Event: 69.414 Thread 0x000002efdd128a60 DEOPT PACKING pc=0x000002efb46a6ef4 sp=0x000000f6585f8e90
Event: 69.414 Thread 0x000002efdd128a60 DEOPT UNPACKING pc=0x000002efb3a15ba3 sp=0x000000f6585f8e58 mode 2

Classes unloaded (0 events):
No events

Classes redefined (0 events):
No events

Internal exceptions (20 events):
Event: 62.089 Thread 0x000002efda8884b0 Exception <a 'java/lang/IncompatibleClassChangeError'{0x00000000eef3b5d8}: Found class java.lang.Object, but interface was expected> (0x00000000eef3b5d8) 
thrown [s\open\src\hotspot\share\interpreter\linkResolver.cpp, line 826]
Event: 62.149 Thread 0x000002efdd128f70 Exception <a 'java/lang/NoSuchMethodError'{0x00000000eed3cbc8}: 'java.lang.Object java.lang.invoke.DirectMethodHandle$Holder.newInvokeSpecial(java.lang.Object, java.lang.Object, int, java.lang.Object, java.lang.Object)'> (0x00000000eed3cbc8) 
thrown [s\open\src\hotspot\share\interpreter\linkResolver.cpp, line 759]
Event: 62.190 Thread 0x000002efdd128a60 Exception <a 'java/lang/NoSuchMethodError'{0x00000000eeb38590}: 'void java.lang.invoke.DirectMethodHandle$Holder.invokeInterface(java.lang.Object, java.lang.Object, java.lang.Object, java.lang.Object)'> (0x00000000eeb38590) 
thrown [s\open\src\hotspot\share\interpreter\linkResolver.cpp, line 759]
Event: 62.394 Thread 0x000002efdd128a60 Exception <a 'java/lang/NoSuchMethodError'{0x00000000ee774270}: 'void java.lang.invoke.DirectMethodHandle$Holder.invokeSpecial(java.lang.Object, java.lang.Object, java.lang.Object, java.lang.Object, int, java.lang.Object, java.lang.Object)'> (0x00000000ee774270) 
thrown [s\open\src\hotspot\share\interpreter\linkResolver.cpp, line 759]
Event: 62.508 Thread 0x000002efdd128a60 Exception <a 'java/lang/IncompatibleClassChangeError'{0x00000000ee4a5e70}: Found class java.lang.Object, but interface was expected> (0x00000000ee4a5e70) 
thrown [s\open\src\hotspot\share\interpreter\linkResolver.cpp, line 826]
Event: 62.516 Thread 0x000002efdd128a60 Exception <a 'java/lang/NoSuchMethodError'{0x00000000ee4c4850}: static Ljava/lang/Object;.<clinit>()V> (0x00000000ee4c4850) 
thrown [s\open\src\hotspot\share\prims\jni.cpp, line 1112]
Event: 62.523 Thread 0x000002efdd128a60 Implicit null exception at 0x000002efb47691f9 to 0x000002efb476a418
Event: 64.494 Thread 0x000002efdd128a60 Exception <a 'java/lang/NoSuchMethodError'{0x00000000ec67dc18}: 'int java.lang.invoke.DirectMethodHandle$Holder.invokeStaticInit(java.lang.Object, java.lang.Object, java.lang.Object, java.lang.Object, java.lang.Object)'> (0x00000000ec67dc18) 
thrown [s\open\src\hotspot\share\interpreter\linkResolver.cpp, line 759]
Event: 64.564 Thread 0x000002efdd128a60 Implicit null exception at 0x000002efb475fa2c to 0x000002efb475fa78
Event: 64.602 Thread 0x000002efdd128a60 Exception <a 'java/lang/NoSuchMethodError'{0x00000000ec3c8940}: 'java.lang.Object java.lang.invoke.DirectMethodHandle$Holder.newInvokeSpecial(java.lang.Object, java.lang.Object, int, java.lang.Object, java.lang.Object, java.lang.Object, java.lang.Object)'> (0x00000000ec3c8940) 
thrown [s\open\src\hotspot\share\interpreter\linkResolver.cpp, line 759]
Event: 64.603 Thread 0x000002efdd128a60 Exception <a 'java/lang/NoSuchMethodError'{0x00000000ec3d2648}: 'java.lang.Object java.lang.invoke.Invokers$Holder.linkToTargetMethod(java.lang.Object, int, java.lang.Object, java.lang.Object, java.lang.Object, java.lang.Object, java.lang.Object)'> (0x00000000ec3d2648) 
thrown [s\open\src\hotspot\share\interpreter\linkResolver.cpp, line 759]
Event: 66.995 Thread 0x000002efdd128a60 Exception <a 'java/lang/NoSuchMethodError'{0x00000000eaa9b458}: 'java.lang.Object java.lang.invoke.DirectMethodHandle$Holder.invokeStatic(java.lang.Object, int, java.lang.Object)'> (0x00000000eaa9b458) 
thrown [s\open\src\hotspot\share\interpreter\linkResolver.cpp, line 759]
Event: 67.045 Thread 0x000002efdd128a60 Exception <a 'sun/nio/fs/WindowsException'{0x00000000ea962050}> (0x00000000ea962050) 
thrown [s\open\src\hotspot\share\prims\jni.cpp, line 516]
Event: 67.045 Thread 0x000002efdd128a60 Exception <a 'sun/nio/fs/WindowsException'{0x00000000ea9623b0}> (0x00000000ea9623b0) 
thrown [s\open\src\hotspot\share\prims\jni.cpp, line 516]
Event: 67.062 Thread 0x000002efdd128a60 Exception <a 'java/lang/NoSuchMethodError'{0x00000000ea814f60}: 'java.lang.Object java.lang.invoke.DirectMethodHandle$Holder.invokeVirtual(java.lang.Object, java.lang.Object, java.lang.Object, int, int)'> (0x00000000ea814f60) 
thrown [s\open\src\hotspot\share\interpreter\linkResolver.cpp, line 759]
Event: 67.093 Thread 0x000002efdd128a60 Implicit null exception at 0x000002efb416498c to 0x000002efb4164ac2
Event: 67.960 Thread 0x000002efdd128a60 Implicit null exception at 0x000002efb485cddc to 0x000002efb485e25c
Event: 68.937 Thread 0x000002efdd128a60 Exception <a 'java/lang/NoSuchMethodError'{0x00000000e79df248}: 'int java.lang.invoke.DirectMethodHandle$Holder.invokeSpecial(java.lang.Object, java.lang.Object, java.lang.Object, java.lang.Object, java.lang.Object)'> (0x00000000e79df248) 
thrown [s\open\src\hotspot\share\interpreter\linkResolver.cpp, line 759]
Event: 68.979 Thread 0x000002efdd128a60 Exception <a 'java/lang/NoSuchMethodError'{0x00000000e762bc50}: 'java.lang.Object java.lang.invoke.DirectMethodHandle$Holder.invokeStatic(java.lang.Object, java.lang.Object, int, int)'> (0x00000000e762bc50) 
thrown [s\open\src\hotspot\share\interpreter\linkResolver.cpp, line 759]
Event: 69.059 Thread 0x000002efdd128a60 Implicit null exception at 0x000002efb48828cc to 0x000002efb4882fdc

VM Operations (20 events):
Event: 64.514 Executing VM operation: Cleanup
Event: 64.514 Executing VM operation: Cleanup done
Event: 64.749 Executing VM operation: HandshakeAllThreads
Event: 64.749 Executing VM operation: HandshakeAllThreads done
Event: 65.002 Executing VM operation: HandshakeAllThreads
Event: 65.002 Executing VM operation: HandshakeAllThreads done
Event: 66.016 Executing VM operation: Cleanup
Event: 66.017 Executing VM operation: Cleanup done
Event: 67.019 Executing VM operation: Cleanup
Event: 67.019 Executing VM operation: Cleanup done
Event: 67.282 Executing VM operation: HandshakeAllThreads
Event: 67.282 Executing VM operation: HandshakeAllThreads done
Event: 68.296 Executing VM operation: Cleanup
Event: 68.297 Executing VM operation: Cleanup done
Event: 69.036 Executing VM operation: G1CollectForAllocation
Event: 69.058 Executing VM operation: G1CollectForAllocation done
Event: 69.122 Executing VM operation: HandshakeAllThreads
Event: 69.123 Executing VM operation: HandshakeAllThreads done
Event: 69.338 Executing VM operation: ICBufferFull
Event: 69.338 Executing VM operation: ICBufferFull done

Events (20 events):
Event: 67.052 loading class java/util/regex/Pattern$Bound done
Event: 67.072 Thread 0x000002efde4e5f20 Thread added: 0x000002efde4e5f20
Event: 67.081 Thread 0x000002efde4e5480 Thread added: 0x000002efde4e5480
Event: 67.293 Thread 0x000002efbf50d890 flushing nmethod 0x000002efac869290
Event: 67.293 Thread 0x000002efbf50d890 flushing nmethod 0x000002efac87a890
Event: 67.295 Thread 0x000002efbf50d890 flushing nmethod 0x000002efaca35710
Event: 67.300 Thread 0x000002efbf50d890 flushing nmethod 0x000002eface97590
Event: 67.307 Thread 0x000002efbf50d890 flushing nmethod 0x000002efad51b690
Event: 67.493 Thread 0x000002efde4e5480 Thread exited: 0x000002efde4e5480
Event: 67.493 Thread 0x000002efde4e5f20 Thread exited: 0x000002efde4e5f20
Event: 67.537 Thread 0x000002efde4e69c0 Thread added: 0x000002efde4e69c0
Event: 68.075 Thread 0x000002efde4e69c0 Thread exited: 0x000002efde4e69c0
Event: 68.946 loading class java/nio/file/Files$2
Event: 68.946 loading class java/nio/file/Files$2 done
Event: 68.956 Thread 0x000002efde4e5f20 Thread added: 0x000002efde4e5f20
Event: 69.230 Thread 0x000002efde4e5480 Thread added: 0x000002efde4e5480
Event: 69.414 loading class sun/misc/Unsafe
Event: 69.414 loading class sun/misc/Unsafe done
Event: 69.415 loading class jdk/internal/module/IllegalAccessLogger
Event: 69.415 loading class jdk/internal/module/IllegalAccessLogger done


Dynamic libraries:
0x00007ff6a0930000 - 0x00007ff6a0940000 	C:\Program Files\Java\jdk-17\bin\java.exe
0x00007ffa290a0000 - 0x00007ffa29308000 	C:\WINDOWS\SYSTEM32\ntdll.dll
0x00007ffa28930000 - 0x00007ffa289f9000 	C:\WINDOWS\System32\KERNEL32.DLL
0x00007ffa26730000 - 0x00007ffa26b22000 	C:\WINDOWS\System32\KERNELBASE.dll
0x00007ffa26460000 - 0x00007ffa265ab000 	C:\WINDOWS\System32\ucrtbase.dll
0x00007ffa16a60000 - 0x00007ffa16a79000 	C:\Program Files\Java\jdk-17\bin\jli.dll
0x00007ffa27350000 - 0x00007ffa27404000 	C:\WINDOWS\System32\ADVAPI32.dll
0x00007ffa272a0000 - 0x00007ffa27349000 	C:\WINDOWS\System32\msvcrt.dll
0x00007ffa27640000 - 0x00007ffa276e6000 	C:\WINDOWS\System32\sechost.dll
0x00007ffa28ce0000 - 0x00007ffa28df8000 	C:\WINDOWS\System32\RPCRT4.dll
0x00007ffa27470000 - 0x00007ffa27635000 	C:\WINDOWS\System32\USER32.dll
0x00007ffa262c0000 - 0x00007ffa262e7000 	C:\WINDOWS\System32\win32u.dll
0x00007ffa28cb0000 - 0x00007ffa28cdb000 	C:\WINDOWS\System32\GDI32.dll
0x00007ffa26d40000 - 0x00007ffa26e6d000 	C:\WINDOWS\System32\gdi32full.dll
0x00007ffa26c90000 - 0x00007ffa26d33000 	C:\WINDOWS\System32\msvcp_win.dll
0x00007ffa180a0000 - 0x00007ffa180bb000 	C:\Program Files\Java\jdk-17\bin\VCRUNTIME140.dll
0x00007ffa25640000 - 0x00007ffa258d3000 	C:\WINDOWS\WinSxS\amd64_microsoft.windows.common-controls_6595b64144ccf1df_6.0.26100.6899_none_3e0efeeae32e88c1\COMCTL32.dll
0x00007ffa1c5f0000 - 0x00007ffa1c5fb000 	C:\WINDOWS\SYSTEM32\VERSION.dll
0x00007ffa28860000 - 0x00007ffa2888f000 	C:\WINDOWS\System32\IMM32.DLL
0x00007ffa13aa0000 - 0x00007ffa13aac000 	C:\Program Files\Java\jdk-17\bin\vcruntime140_1.dll
0x00007ff9d7a80000 - 0x00007ff9d7b0e000 	C:\Program Files\Java\jdk-17\bin\msvcp140.dll
0x00007ff974910000 - 0x00007ff9754f0000 	C:\Program Files\Java\jdk-17\bin\server\jvm.dll
0x00007ffa28ca0000 - 0x00007ffa28ca8000 	C:\WINDOWS\System32\PSAPI.DLL
0x00007ff9fd0f0000 - 0x00007ff9fd0fa000 	C:\WINDOWS\SYSTEM32\WSOCK32.dll
0x00007ffa27770000 - 0x00007ffa277e4000 	C:\WINDOWS\System32\WS2_32.dll
0x00007ffa23160000 - 0x00007ffa23195000 	C:\WINDOWS\SYSTEM32\WINMM.dll
0x00007ffa246d0000 - 0x00007ffa246eb000 	C:\WINDOWS\SYSTEM32\kernel.appcore.dll
0x00007ff9fd0e0000 - 0x00007ff9fd0ea000 	C:\Program Files\Java\jdk-17\bin\jimage.dll
0x00007ffa259f0000 - 0x00007ffa25c32000 	C:\WINDOWS\SYSTEM32\DBGHELP.DLL
0x00007ffa27900000 - 0x00007ffa27c7b000 	C:\WINDOWS\System32\combase.dll
0x00007ffa27820000 - 0x00007ffa278f7000 	C:\WINDOWS\System32\OLEAUT32.dll
0x00007ffa258e0000 - 0x00007ffa2591c000 	C:\WINDOWS\SYSTEM32\dbgcore.DLL
0x00007ffa26bf0000 - 0x00007ffa26c88000 	C:\WINDOWS\System32\bcryptPrimitives.dll
0x00007ff9fc540000 - 0x00007ff9fc54e000 	C:\Program Files\Java\jdk-17\bin\instrument.dll
0x00007ff9ecc70000 - 0x00007ff9ecc95000 	C:\Program Files\Java\jdk-17\bin\java.dll
0x00007ff9c60b0000 - 0x00007ff9c6187000 	C:\Program Files\Java\jdk-17\bin\jsvml.dll
0x00007ffa28110000 - 0x00007ffa2885d000 	C:\WINDOWS\System32\SHELL32.dll
0x00007ffa262f0000 - 0x00007ffa2645b000 	C:\WINDOWS\System32\wintypes.dll
0x00007ffa23400000 - 0x00007ffa23c5d000 	C:\WINDOWS\SYSTEM32\windows.storage.dll
0x00007ffa28a00000 - 0x00007ffa28af2000 	C:\WINDOWS\System32\SHCORE.dll
0x00007ffa288b0000 - 0x00007ffa28912000 	C:\WINDOWS\System32\shlwapi.dll
0x00007ffa26150000 - 0x00007ffa26179000 	C:\WINDOWS\SYSTEM32\profapi.dll
0x00007ff9f71f0000 - 0x00007ff9f7208000 	C:\Program Files\Java\jdk-17\bin\zip.dll
0x00007ff9f7140000 - 0x00007ff9f7159000 	C:\Program Files\Java\jdk-17\bin\net.dll
0x00007ffa1cb50000 - 0x00007ffa1cc6f000 	C:\WINDOWS\SYSTEM32\WINHTTP.dll
0x00007ffa24bf0000 - 0x00007ffa24c5b000 	C:\WINDOWS\system32\mswsock.dll
0x00007ff9f70b0000 - 0x00007ff9f70c6000 	C:\Program Files\Java\jdk-17\bin\nio.dll
0x00007ff9fc530000 - 0x00007ff9fc540000 	C:\Program Files\Java\jdk-17\bin\verify.dll
0x00007ff9d7b90000 - 0x00007ff9d7bb7000 	C:\Users\dldms\.gradle\native\1def1411415f61bf3af743bc5b6707747c0891f09f0c88961ee8f79bc544acac\windows-amd64\native-platform.dll
0x00007ff9d2ac0000 - 0x00007ff9d2b38000 	C:\Users\dldms\.gradle\native\0.2.7\x86_64-windows-gnu\gradle-fileevents.dll
0x00007ff9f5450000 - 0x00007ff9f545a000 	C:\Program Files\Java\jdk-17\bin\management.dll
0x00007ff9f5440000 - 0x00007ff9f544b000 	C:\Program Files\Java\jdk-17\bin\management_ext.dll
0x00007ffa241c0000 - 0x00007ffa241f4000 	C:\WINDOWS\SYSTEM32\IPHLPAPI.DLL
0x00007ffa28920000 - 0x00007ffa2892a000 	C:\WINDOWS\System32\NSI.dll
0x00007ffa1cd90000 - 0x00007ffa1cdae000 	C:\WINDOWS\SYSTEM32\dhcpcsvc6.DLL
0x00007ffa1cd50000 - 0x00007ffa1cd73000 	C:\WINDOWS\SYSTEM32\dhcpcsvc.DLL
0x00007ffa242a0000 - 0x00007ffa243c6000 	C:\WINDOWS\SYSTEM32\DNSAPI.dll
0x00007ffa25d60000 - 0x00007ffa25d7b000 	C:\WINDOWS\SYSTEM32\CRYPTSP.dll
0x00007ffa24d00000 - 0x00007ffa24d3b000 	C:\WINDOWS\system32\rsaenh.dll
0x00007ffa24c90000 - 0x00007ffa24cbb000 	C:\WINDOWS\SYSTEM32\USERENV.dll
0x00007ffa26120000 - 0x00007ffa26146000 	C:\WINDOWS\SYSTEM32\bcrypt.dll
0x00007ffa25120000 - 0x00007ffa2512c000 	C:\WINDOWS\SYSTEM32\CRYPTBASE.dll
0x00007ff9f3460000 - 0x00007ff9f346e000 	C:\Program Files\Java\jdk-17\bin\sunmscapi.dll
0x00007ffa265b0000 - 0x00007ffa26727000 	C:\WINDOWS\System32\CRYPT32.dll
0x00007ffa252c0000 - 0x00007ffa252f0000 	C:\WINDOWS\SYSTEM32\ncrypt.dll
0x00007ffa25270000 - 0x00007ffa252af000 	C:\WINDOWS\SYSTEM32\NTASN1.dll
0x00007ff9c2190000 - 0x00007ff9c2198000 	C:\WINDOWS\system32\wshunix.dll
0x00007ffa18840000 - 0x00007ffa1884b000 	C:\Windows\System32\rasadhlp.dll
0x00007ffa1e8a0000 - 0x00007ffa1e926000 	C:\WINDOWS\System32\fwpuclnt.dll

dbghelp: loaded successfully - version: 4.0.5 - missing functions: none
symbol engine: initialized successfully - sym options: 0x614 - pdb path: .;C:\Program Files\Java\jdk-17\bin;C:\WINDOWS\SYSTEM32;C:\WINDOWS\WinSxS\amd64_microsoft.windows.common-controls_6595b64144ccf1df_6.0.26100.6899_none_3e0efeeae32e88c1;C:\Program Files\Java\jdk-17\bin\server;C:\Users\dldms\.gradle\native\1def1411415f61bf3af743bc5b6707747c0891f09f0c88961ee8f79bc544acac\windows-amd64;C:\Users\dldms\.gradle\native\0.2.7\x86_64-windows-gnu

VM Arguments:
jvm_args: --add-opens=java.base/java.lang=ALL-UNNAMED --add-opens=java.base/java.lang.invoke=ALL-UNNAMED --add-opens=java.base/java.util=ALL-UNNAMED --add-opens=java.prefs/java.util.prefs=ALL-UNNAMED --add-exports=jdk.compiler/com.sun.tools.javac.api=ALL-UNNAMED --add-exports=jdk.compiler/com.sun.tools.javac.util=ALL-UNNAMED --add-opens=java.base/java.util=ALL-UNNAMED --add-opens=java.prefs/java.util.prefs=ALL-UNNAMED --add-opens=java.base/java.nio.charset=ALL-UNNAMED --add-opens=java.base/java.net=ALL-UNNAMED --add-opens=java.base/java.util.concurrent.atomic=ALL-UNNAMED --add-opens=java.xml/javax.xml.namespace=ALL-UNNAMED -XX:MaxMetaspaceSize=384m -XX:+HeapDumpOnOutOfMemoryError -Xms256m -Xmx512m -Dfile.encoding=x-windows-949 -Duser.country=KR -Duser.language=ko -Duser.variant -javaagent:C:\Users\dldms\.gradle\wrapper\dists\gradle-8.14.3-bin\cv11ve7ro1n3o1j4so8xd9n66\gradle-8.14.3\lib\agents\gradle-instrumentation-agent-8.14.3.jar 
java_command: org.gradle.launcher.daemon.bootstrap.GradleDaemon 8.14.3
java_class_path (initial): C:\Users\dldms\.gradle\wrapper\dists\gradle-8.14.3-bin\cv11ve7ro1n3o1j4so8xd9n66\gradle-8.14.3\lib\gradle-daemon-main-8.14.3.jar
Launcher Type: SUN_STANDARD

[Global flags]
     intx CICompilerCount                          = 4                                         {product} {ergonomic}
   size_t CompressedClassSpaceSize                 = 335544320                                 {product} {ergonomic}
     uint ConcGCThreads                            = 2                                         {product} {ergonomic}
     uint G1ConcRefinementThreads                  = 8                                         {product} {ergonomic}
   size_t G1HeapRegionSize                         = 1048576                                   {product} {ergonomic}
    uintx GCDrainStackTargetSize                   = 64                                        {product} {ergonomic}
     bool HeapDumpOnOutOfMemoryError               = true                                   {manageable} {command line}
   size_t InitialHeapSize                          = 268435456                                 {product} {command line}
   size_t MarkStackSize                            = 4194304                                   {product} {ergonomic}
   size_t MaxHeapSize                              = 536870912                                 {product} {command line}
   size_t MaxMetaspaceSize                         = 402653184                                 {product} {command line}
   size_t MaxNewSize                               = 321912832                                 {product} {ergonomic}
   size_t MinHeapDeltaBytes                        = 1048576                                   {product} {ergonomic}
   size_t MinHeapSize                              = 268435456                                 {product} {command line}
    uintx NonNMethodCodeHeapSize                   = 5839372                                {pd product} {ergonomic}
    uintx NonProfiledCodeHeapSize                  = 122909434                              {pd product} {ergonomic}
    uintx ProfiledCodeHeapSize                     = 122909434                              {pd product} {ergonomic}
    uintx ReservedCodeCacheSize                    = 251658240                              {pd product} {ergonomic}
     bool SegmentedCodeCache                       = true                                      {product} {ergonomic}
   size_t SoftMaxHeapSize                          = 536870912                              {manageable} {ergonomic}
     bool UseCompressedClassPointers               = true                           {product lp64_product} {ergonomic}
     bool UseCompressedOops                        = true                           {product lp64_product} {ergonomic}
     bool UseG1GC                                  = true                                      {product} {ergonomic}
     bool UseLargePagesIndividualAllocation        = false                                  {pd product} {ergonomic}

Logging:
Log output configuration:
 #0: stdout all=warning uptime,level,tags
 #1: stderr all=off uptime,level,tags

Environment Variables:
JAVA_HOME=C:\Program Files\Java\jdk-17
PATH=C:\Program Files\Eclipse Adoptium\jdk-21.0.9.10-hotspot\bin;C:\msys64\mingw64\bin;C:\msys64\usr\bin;C:\Program Files\Git\cmd;C:\Python3.12\Scripts\;C:\Python3.12\;C:\Users\dldms\anaconda.new;C:\Users\dldms\anaconda.new\Library\mingw-w64\bin;C:\Users\dldms\anaconda.new\Library\usr\bin;C:\Users\dldms\anaconda.new\Library\bin;C:\Users\dldms\anaconda.new\Scripts;C:\Users\dldms\AppData\Local\Microsoft\WindowsApps;C:\Users\dldms\AppData\Local\Programs\Microsoft VS Code\bin;C:\Users\dldms\AppData\Local\GitHubDesktop\bin;C:\Program Files\JetBrains\IntelliJ IDEA Community Edition 2025.2.1\bin
USERNAME=dldms
OS=Windows_NT
PROCESSOR_IDENTIFIER=Intel64 Family 6 Model 140 Stepping 1, GenuineIntel



---------------  S Y S T E M  ---------------

OS:
 Windows 11 , 64 bit Build 26100 (10.0.26100.6725)
OS uptime: 1 days 5:51 hours
Hyper-V role detected

CPU: total 8 (initial active 8) (4 cores per cpu, 2 threads per core) family 6 model 140 stepping 1 microcode 0x9a, cx8, cmov, fxsr, ht, mmx, 3dnowpref, sse, sse2, sse3, ssse3, sse4.1, sse4.2, popcnt, lzcnt, tsc, tscinvbit, avx, avx2, aes, erms, clmul, bmi1, bmi2, adx, avx512f, avx512dq, avx512cd, avx512bw, avx512vl, sha, fma, vzeroupper, avx512_vpopcntdq, avx512_vpclmulqdq, avx512_vaes, avx512_vnni, clflush, clflushopt, clwb, avx512_vbmi2, avx512_vbmi, hv

Memory: 4k page, system-wide physical 7900M (634M free)
TotalPageFile size 19349M (AvailPageFile size 2M)
current process WorkingSet (physical memory assigned to process): 485M, peak: 485M
current process commit charge ("private bytes"): 561M, peak: 562M

vm_info: Java HotSpot(TM) 64-Bit Server VM (17.0.12+8-LTS-286) for windows-amd64 JRE (17.0.12+8-LTS-286), built on Jun  5 2024 06:46:59 by "mach5one" with MS VC++ 17.6 (VS2022)

END.
