#
# There is insufficient memory for the Java Runtime Environment to continue.
# Native memory allocation (malloc) failed to allocate 274928 bytes for Chunk::new
# Possible reasons:
#   The system is out of physical RAM or swap space
#   The process is running with CompressedOops enabled, and the Java Heap may be blocking the growth of the native heap
# Possible solutions:
#   Reduce memory load on the system
#   Increase physical memory or swap space
#   Check if swap backing store is full
#   Decrease Java heap size (-Xmx/-Xms)
#   Decrease number of Java threads
#   Decrease Java thread stack sizes (-Xss)
#   Set larger code cache with -XX:ReservedCodeCacheSize=
#   JVM is running with Unscaled Compressed Oops mode in which the Java heap is
#     placed in the first 4GB address space. The Java Heap base address is the
#     maximum limit for the native heap growth. Please use -XX:HeapBaseMinAddress
#     to set the Java Heap base and to place the Java Heap above 4GB virtual address.
# This output file may be truncated or incomplete.
#
#  Out of Memory Error (arena.cpp:189), pid=25756, tid=28292
#
# JRE version: Java(TM) SE Runtime Environment (17.0.12+8) (build 17.0.12+8-LTS-286)
# Java VM: Java HotSpot(TM) 64-Bit Server VM (17.0.12+8-LTS-286, mixed mode, sharing, tiered, compressed oops, compressed class ptrs, g1 gc, windows-amd64)
# No core dump will be written. Minidumps are not enabled by default on client versions of Windows
#

---------------  S U M M A R Y ------------

Command Line: -Dfile.encoding=UTF-8 -Duser.country=KR -Duser.language=ko -Duser.variant com.ssu.DB_Project.DbProjectApplication

Host: 11th Gen Intel(R) Core(TM) i5-1135G7 @ 2.40GHz, 8 cores, 7G,  Windows 11 , 64 bit Build 26100 (10.0.26100.6725)
Time: Tue Nov 11 22:27:15 2025  Windows 11 , 64 bit Build 26100 (10.0.26100.6725) elapsed time: 0.577685 seconds (0d 0h 0m 0s)

---------------  T H R E A D  ---------------

Current thread (0x0000025fa9d9b3b0):  JavaThread "C2 CompilerThread1" daemon [_thread_in_native, id=28292, stack(0x0000006702d00000,0x0000006702e00000)]


Current CompileTask:
C2:    578  415       4       java.io.WinNTFileSystem::normalize (224 bytes)

Stack: [0x0000006702d00000,0x0000006702e00000]
Native frames: (J=compiled Java code, j=interpreted, Vv=VM code, C=native code)
V  [jvm.dll+0x67a04a]
V  [jvm.dll+0x7da4ed]
V  [jvm.dll+0x7dbe33]
V  [jvm.dll+0x7dc4a3]
V  [jvm.dll+0x24508f]
V  [jvm.dll+0xab773]
V  [jvm.dll+0xabd3c]
V  [jvm.dll+0x361bee]
V  [jvm.dll+0x1ba64a]
V  [jvm.dll+0x216997]
V  [jvm.dll+0x215c6f]
V  [jvm.dll+0x1a2960]
V  [jvm.dll+0x22610b]
V  [jvm.dll+0x2242ab]
V  [jvm.dll+0x79075c]
V  [jvm.dll+0x78abea]
V  [jvm.dll+0x678f35]
C  [ucrtbase.dll+0x37b0]
C  [KERNEL32.DLL+0x2e8d7]
C  [ntdll.dll+0x8c53c]


---------------  P R O C E S S  ---------------

Threads class SMR info:
_java_thread_list=0x0000025fa9ce0c30, length=13, elements={
0x0000025f89bdf1a0, 0x0000025fa9a9dd10, 0x0000025fa9aa06e0, 0x0000025fa9abe4c0,
0x0000025fa9abee80, 0x0000025fa9abf840, 0x0000025fa9ac0200, 0x0000025fa9ac33c0,
0x0000025fa9ac8290, 0x0000025fa9ad0bb0, 0x0000025fa9cd6aa0, 0x0000025fa9cdd320,
0x0000025fa9d9b3b0
}

Java Threads: ( => current thread )
  0x0000025f89bdf1a0 JavaThread "main" [_thread_in_vm, id=24972, stack(0x0000006701a00000,0x0000006701b00000)]
  0x0000025fa9a9dd10 JavaThread "Reference Handler" daemon [_thread_blocked, id=14116, stack(0x0000006702100000,0x0000006702200000)]
  0x0000025fa9aa06e0 JavaThread "Finalizer" daemon [_thread_blocked, id=24468, stack(0x0000006702200000,0x0000006702300000)]
  0x0000025fa9abe4c0 JavaThread "Signal Dispatcher" daemon [_thread_blocked, id=26256, stack(0x0000006702300000,0x0000006702400000)]
  0x0000025fa9abee80 JavaThread "Attach Listener" daemon [_thread_blocked, id=17092, stack(0x0000006702400000,0x0000006702500000)]
  0x0000025fa9abf840 JavaThread "Service Thread" daemon [_thread_blocked, id=8000, stack(0x0000006702500000,0x0000006702600000)]
  0x0000025fa9ac0200 JavaThread "Monitor Deflation Thread" daemon [_thread_blocked, id=22236, stack(0x0000006702600000,0x0000006702700000)]
  0x0000025fa9ac33c0 JavaThread "C2 CompilerThread0" daemon [_thread_blocked, id=28868, stack(0x0000006702700000,0x0000006702800000)]
  0x0000025fa9ac8290 JavaThread "C1 CompilerThread0" daemon [_thread_in_native, id=27416, stack(0x0000006702800000,0x0000006702900000)]
  0x0000025fa9ad0bb0 JavaThread "Sweeper thread" daemon [_thread_blocked, id=13068, stack(0x0000006702900000,0x0000006702a00000)]
  0x0000025fa9cd6aa0 JavaThread "Notification Thread" daemon [_thread_blocked, id=12216, stack(0x0000006702a00000,0x0000006702b00000)]
  0x0000025fa9cdd320 JavaThread "Common-Cleaner" daemon [_thread_blocked, id=24756, stack(0x0000006702c00000,0x0000006702d00000)]
=>0x0000025fa9d9b3b0 JavaThread "C2 CompilerThread1" daemon [_thread_in_native, id=28292, stack(0x0000006702d00000,0x0000006702e00000)]

Other Threads:
  0x0000025fa9a96250 VMThread "VM Thread" [stack: 0x0000006702000000,0x0000006702100000] [id=18936]
  0x0000025f89c542f0 WatcherThread [stack: 0x0000006702b00000,0x0000006702c00000] [id=14320]
  0x0000025f89c34e30 GCTaskThread "GC Thread#0" [stack: 0x0000006701b00000,0x0000006701c00000] [id=29092]
  0x0000025f89c47160 ConcurrentGCThread "G1 Main Marker" [stack: 0x0000006701c00000,0x0000006701d00000] [id=18076]
  0x0000025f89c4b1d0 ConcurrentGCThread "G1 Conc#0" [stack: 0x0000006701d00000,0x0000006701e00000] [id=11780]
  0x0000025f89c7e840 ConcurrentGCThread "G1 Refine#0" [stack: 0x0000006701e00000,0x0000006701f00000] [id=28648]
  0x0000025fa9938340 ConcurrentGCThread "G1 Service" [stack: 0x0000006701f00000,0x0000006702000000] [id=13092]

Threads with active compile tasks:
C1 CompilerThread0      606  428       3       java.net.URLStreamHandler::parseURL (1201 bytes)
C2 CompilerThread1      606  415       4       java.io.WinNTFileSystem::normalize (224 bytes)

VM state: not at safepoint (normal execution)

VM Mutex/Monitor currently owned by a thread:  ([mutex/lock_event])
[0x0000025f89bd2160] Metaspace_lock - owner thread: 0x0000025f89bdf1a0

Heap address: 0x0000000084800000, size: 1976 MB, Compressed Oops mode: 32-bit

CDS archive(s) mapped at: [0x0000025faa000000-0x0000025faabd0000-0x0000025faabd0000), size 12386304, SharedBaseAddress: 0x0000025faa000000, ArchiveRelocationMode: 1.
Compressed class space mapped at: 0x0000025fab000000-0x0000025feb000000, reserved size: 1073741824
Narrow klass base: 0x0000025faa000000, Narrow klass shift: 0, Narrow klass range: 0x100000000

GC Precious Log:
 CPUs: 8 total, 8 available
 Memory: 7900M
 Large Page Support: Disabled
 NUMA Support: Disabled
 Compressed Oops: Enabled (32-bit)
 Heap Region Size: 1M
 Heap Min Capacity: 8M
 Heap Initial Capacity: 124M
 Heap Max Capacity: 1976M
 Pre-touch: Disabled
 Parallel Workers: 8
 Concurrent Workers: 2
 Concurrent Refinement Workers: 8
 Periodic GC: Disabled

Heap:
 garbage-first heap   total 126976K, used 15360K [0x0000000084800000, 0x0000000100000000)
  region size 1024K, 14 young (14336K), 0 survivors (0K)
 Metaspace       used 917K, committed 1024K, reserved 1114112K
  class space    used 67K, committed 128K, reserved 1048576K

Heap Regions: E=young(eden), S=young(survivor), O=old, HS=humongous(starts), HC=humongous(continues), CS=collection set, F=free, OA=open archive, CA=closed archive, TAMS=top-at-mark-start (previous, next)
|   0|0x0000000084800000, 0x0000000084900000, 0x0000000084900000|100%|HS|  |TAMS 0x0000000084800000, 0x0000000084800000| Complete 
|   1|0x0000000084900000, 0x0000000084a00000, 0x0000000084a00000|100%|HS|  |TAMS 0x0000000084900000, 0x0000000084900000| Complete 
|   2|0x0000000084a00000, 0x0000000084b00000, 0x0000000084b00000|100%|HS|  |TAMS 0x0000000084a00000, 0x0000000084a00000| Complete 
|   3|0x0000000084b00000, 0x0000000084b00000, 0x0000000084c00000|  0%| F|  |TAMS 0x0000000084b00000, 0x0000000084b00000| Untracked 
|   4|0x0000000084c00000, 0x0000000084c00000, 0x0000000084d00000|  0%| F|  |TAMS 0x0000000084c00000, 0x0000000084c00000| Untracked 
|   5|0x0000000084d00000, 0x0000000084d00000, 0x0000000084e00000|  0%| F|  |TAMS 0x0000000084d00000, 0x0000000084d00000| Untracked 
|   6|0x0000000084e00000, 0x0000000084e00000, 0x0000000084f00000|  0%| F|  |TAMS 0x0000000084e00000, 0x0000000084e00000| Untracked 
|   7|0x0000000084f00000, 0x0000000084f00000, 0x0000000085000000|  0%| F|  |TAMS 0x0000000084f00000, 0x0000000084f00000| Untracked 
|   8|0x0000000085000000, 0x0000000085000000, 0x0000000085100000|  0%| F|  |TAMS 0x0000000085000000, 0x0000000085000000| Untracked 
|   9|0x0000000085100000, 0x0000000085100000, 0x0000000085200000|  0%| F|  |TAMS 0x0000000085100000, 0x0000000085100000| Untracked 
|  10|0x0000000085200000, 0x0000000085200000, 0x0000000085300000|  0%| F|  |TAMS 0x0000000085200000, 0x0000000085200000| Untracked 
|  11|0x0000000085300000, 0x0000000085300000, 0x0000000085400000|  0%| F|  |TAMS 0x0000000085300000, 0x0000000085300000| Untracked 
|  12|0x0000000085400000, 0x0000000085400000, 0x0000000085500000|  0%| F|  |TAMS 0x0000000085400000, 0x0000000085400000| Untracked 
|  13|0x0000000085500000, 0x0000000085500000, 0x0000000085600000|  0%| F|  |TAMS 0x0000000085500000, 0x0000000085500000| Untracked 
|  14|0x0000000085600000, 0x0000000085600000, 0x0000000085700000|  0%| F|  |TAMS 0x0000000085600000, 0x0000000085600000| Untracked 
|  15|0x0000000085700000, 0x0000000085700000, 0x0000000085800000|  0%| F|  |TAMS 0x0000000085700000, 0x0000000085700000| Untracked 
|  16|0x0000000085800000, 0x0000000085800000, 0x0000000085900000|  0%| F|  |TAMS 0x0000000085800000, 0x0000000085800000| Untracked 
|  17|0x0000000085900000, 0x0000000085900000, 0x0000000085a00000|  0%| F|  |TAMS 0x0000000085900000, 0x0000000085900000| Untracked 
|  18|0x0000000085a00000, 0x0000000085a00000, 0x0000000085b00000|  0%| F|  |TAMS 0x0000000085a00000, 0x0000000085a00000| Untracked 
|  19|0x0000000085b00000, 0x0000000085b00000, 0x0000000085c00000|  0%| F|  |TAMS 0x0000000085b00000, 0x0000000085b00000| Untracked 
|  20|0x0000000085c00000, 0x0000000085c00000, 0x0000000085d00000|  0%| F|  |TAMS 0x0000000085c00000, 0x0000000085c00000| Untracked 
|  21|0x0000000085d00000, 0x0000000085d00000, 0x0000000085e00000|  0%| F|  |TAMS 0x0000000085d00000, 0x0000000085d00000| Untracked 
|  22|0x0000000085e00000, 0x0000000085e00000, 0x0000000085f00000|  0%| F|  |TAMS 0x0000000085e00000, 0x0000000085e00000| Untracked 
|  23|0x0000000085f00000, 0x0000000085f00000, 0x0000000086000000|  0%| F|  |TAMS 0x0000000085f00000, 0x0000000085f00000| Untracked 
|  24|0x0000000086000000, 0x0000000086000000, 0x0000000086100000|  0%| F|  |TAMS 0x0000000086000000, 0x0000000086000000| Untracked 
|  25|0x0000000086100000, 0x0000000086100000, 0x0000000086200000|  0%| F|  |TAMS 0x0000000086100000, 0x0000000086100000| Untracked 
|  26|0x0000000086200000, 0x0000000086200000, 0x0000000086300000|  0%| F|  |TAMS 0x0000000086200000, 0x0000000086200000| Untracked 
|  27|0x0000000086300000, 0x0000000086300000, 0x0000000086400000|  0%| F|  |TAMS 0x0000000086300000, 0x0000000086300000| Untracked 
|  28|0x0000000086400000, 0x0000000086400000, 0x0000000086500000|  0%| F|  |TAMS 0x0000000086400000, 0x0000000086400000| Untracked 
|  29|0x0000000086500000, 0x0000000086500000, 0x0000000086600000|  0%| F|  |TAMS 0x0000000086500000, 0x0000000086500000| Untracked 
|  30|0x0000000086600000, 0x0000000086600000, 0x0000000086700000|  0%| F|  |TAMS 0x0000000086600000, 0x0000000086600000| Untracked 
|  31|0x0000000086700000, 0x0000000086700000, 0x0000000086800000|  0%| F|  |TAMS 0x0000000086700000, 0x0000000086700000| Untracked 
|  32|0x0000000086800000, 0x0000000086800000, 0x0000000086900000|  0%| F|  |TAMS 0x0000000086800000, 0x0000000086800000| Untracked 
|  33|0x0000000086900000, 0x0000000086900000, 0x0000000086a00000|  0%| F|  |TAMS 0x0000000086900000, 0x0000000086900000| Untracked 
|  34|0x0000000086a00000, 0x0000000086a00000, 0x0000000086b00000|  0%| F|  |TAMS 0x0000000086a00000, 0x0000000086a00000| Untracked 
|  35|0x0000000086b00000, 0x0000000086b00000, 0x0000000086c00000|  0%| F|  |TAMS 0x0000000086b00000, 0x0000000086b00000| Untracked 
|  36|0x0000000086c00000, 0x0000000086c00000, 0x0000000086d00000|  0%| F|  |TAMS 0x0000000086c00000, 0x0000000086c00000| Untracked 
|  37|0x0000000086d00000, 0x0000000086d00000, 0x0000000086e00000|  0%| F|  |TAMS 0x0000000086d00000, 0x0000000086d00000| Untracked 
|  38|0x0000000086e00000, 0x0000000086e00000, 0x0000000086f00000|  0%| F|  |TAMS 0x0000000086e00000, 0x0000000086e00000| Untracked 
|  39|0x0000000086f00000, 0x0000000086f00000, 0x0000000087000000|  0%| F|  |TAMS 0x0000000086f00000, 0x0000000086f00000| Untracked 
|  40|0x0000000087000000, 0x0000000087000000, 0x0000000087100000|  0%| F|  |TAMS 0x0000000087000000, 0x0000000087000000| Untracked 
|  41|0x0000000087100000, 0x0000000087100000, 0x0000000087200000|  0%| F|  |TAMS 0x0000000087100000, 0x0000000087100000| Untracked 
|  42|0x0000000087200000, 0x0000000087200000, 0x0000000087300000|  0%| F|  |TAMS 0x0000000087200000, 0x0000000087200000| Untracked 
|  43|0x0000000087300000, 0x0000000087300000, 0x0000000087400000|  0%| F|  |TAMS 0x0000000087300000, 0x0000000087300000| Untracked 
|  44|0x0000000087400000, 0x0000000087400000, 0x0000000087500000|  0%| F|  |TAMS 0x0000000087400000, 0x0000000087400000| Untracked 
|  45|0x0000000087500000, 0x0000000087500000, 0x0000000087600000|  0%| F|  |TAMS 0x0000000087500000, 0x0000000087500000| Untracked 
|  46|0x0000000087600000, 0x0000000087600000, 0x0000000087700000|  0%| F|  |TAMS 0x0000000087600000, 0x0000000087600000| Untracked 
|  47|0x0000000087700000, 0x0000000087700000, 0x0000000087800000|  0%| F|  |TAMS 0x0000000087700000, 0x0000000087700000| Untracked 
|  48|0x0000000087800000, 0x0000000087800000, 0x0000000087900000|  0%| F|  |TAMS 0x0000000087800000, 0x0000000087800000| Untracked 
|  49|0x0000000087900000, 0x0000000087900000, 0x0000000087a00000|  0%| F|  |TAMS 0x0000000087900000, 0x0000000087900000| Untracked 
|  50|0x0000000087a00000, 0x0000000087a00000, 0x0000000087b00000|  0%| F|  |TAMS 0x0000000087a00000, 0x0000000087a00000| Untracked 
|  51|0x0000000087b00000, 0x0000000087b00000, 0x0000000087c00000|  0%| F|  |TAMS 0x0000000087b00000, 0x0000000087b00000| Untracked 
|  52|0x0000000087c00000, 0x0000000087c00000, 0x0000000087d00000|  0%| F|  |TAMS 0x0000000087c00000, 0x0000000087c00000| Untracked 
|  53|0x0000000087d00000, 0x0000000087d00000, 0x0000000087e00000|  0%| F|  |TAMS 0x0000000087d00000, 0x0000000087d00000| Untracked 
|  54|0x0000000087e00000, 0x0000000087e00000, 0x0000000087f00000|  0%| F|  |TAMS 0x0000000087e00000, 0x0000000087e00000| Untracked 
|  55|0x0000000087f00000, 0x0000000087f00000, 0x0000000088000000|  0%| F|  |TAMS 0x0000000087f00000, 0x0000000087f00000| Untracked 
|  56|0x0000000088000000, 0x0000000088000000, 0x0000000088100000|  0%| F|  |TAMS 0x0000000088000000, 0x0000000088000000| Untracked 
|  57|0x0000000088100000, 0x0000000088100000, 0x0000000088200000|  0%| F|  |TAMS 0x0000000088100000, 0x0000000088100000| Untracked 
|  58|0x0000000088200000, 0x0000000088200000, 0x0000000088300000|  0%| F|  |TAMS 0x0000000088200000, 0x0000000088200000| Untracked 
|  59|0x0000000088300000, 0x0000000088300000, 0x0000000088400000|  0%| F|  |TAMS 0x0000000088300000, 0x0000000088300000| Untracked 
|  60|0x0000000088400000, 0x0000000088400000, 0x0000000088500000|  0%| F|  |TAMS 0x0000000088400000, 0x0000000088400000| Untracked 
|  61|0x0000000088500000, 0x0000000088500000, 0x0000000088600000|  0%| F|  |TAMS 0x0000000088500000, 0x0000000088500000| Untracked 
|  62|0x0000000088600000, 0x0000000088600000, 0x0000000088700000|  0%| F|  |TAMS 0x0000000088600000, 0x0000000088600000| Untracked 
|  63|0x0000000088700000, 0x0000000088700000, 0x0000000088800000|  0%| F|  |TAMS 0x0000000088700000, 0x0000000088700000| Untracked 
|  64|0x0000000088800000, 0x0000000088800000, 0x0000000088900000|  0%| F|  |TAMS 0x0000000088800000, 0x0000000088800000| Untracked 
|  65|0x0000000088900000, 0x0000000088900000, 0x0000000088a00000|  0%| F|  |TAMS 0x0000000088900000, 0x0000000088900000| Untracked 
|  66|0x0000000088a00000, 0x0000000088a00000, 0x0000000088b00000|  0%| F|  |TAMS 0x0000000088a00000, 0x0000000088a00000| Untracked 
|  67|0x0000000088b00000, 0x0000000088b00000, 0x0000000088c00000|  0%| F|  |TAMS 0x0000000088b00000, 0x0000000088b00000| Untracked 
|  68|0x0000000088c00000, 0x0000000088c00000, 0x0000000088d00000|  0%| F|  |TAMS 0x0000000088c00000, 0x0000000088c00000| Untracked 
|  69|0x0000000088d00000, 0x0000000088d00000, 0x0000000088e00000|  0%| F|  |TAMS 0x0000000088d00000, 0x0000000088d00000| Untracked 
|  70|0x0000000088e00000, 0x0000000088e00000, 0x0000000088f00000|  0%| F|  |TAMS 0x0000000088e00000, 0x0000000088e00000| Untracked 
|  71|0x0000000088f00000, 0x0000000088f00000, 0x0000000089000000|  0%| F|  |TAMS 0x0000000088f00000, 0x0000000088f00000| Untracked 
|  72|0x0000000089000000, 0x0000000089000000, 0x0000000089100000|  0%| F|  |TAMS 0x0000000089000000, 0x0000000089000000| Untracked 
|  73|0x0000000089100000, 0x0000000089100000, 0x0000000089200000|  0%| F|  |TAMS 0x0000000089100000, 0x0000000089100000| Untracked 
|  74|0x0000000089200000, 0x0000000089200000, 0x0000000089300000|  0%| F|  |TAMS 0x0000000089200000, 0x0000000089200000| Untracked 
|  75|0x0000000089300000, 0x0000000089300000, 0x0000000089400000|  0%| F|  |TAMS 0x0000000089300000, 0x0000000089300000| Untracked 
|  76|0x0000000089400000, 0x0000000089400000, 0x0000000089500000|  0%| F|  |TAMS 0x0000000089400000, 0x0000000089400000| Untracked 
|  77|0x0000000089500000, 0x0000000089500000, 0x0000000089600000|  0%| F|  |TAMS 0x0000000089500000, 0x0000000089500000| Untracked 
|  78|0x0000000089600000, 0x0000000089600000, 0x0000000089700000|  0%| F|  |TAMS 0x0000000089600000, 0x0000000089600000| Untracked 
|  79|0x0000000089700000, 0x0000000089700000, 0x0000000089800000|  0%| F|  |TAMS 0x0000000089700000, 0x0000000089700000| Untracked 
|  80|0x0000000089800000, 0x0000000089800000, 0x0000000089900000|  0%| F|  |TAMS 0x0000000089800000, 0x0000000089800000| Untracked 
|  81|0x0000000089900000, 0x0000000089900000, 0x0000000089a00000|  0%| F|  |TAMS 0x0000000089900000, 0x0000000089900000| Untracked 
|  82|0x0000000089a00000, 0x0000000089a00000, 0x0000000089b00000|  0%| F|  |TAMS 0x0000000089a00000, 0x0000000089a00000| Untracked 
|  83|0x0000000089b00000, 0x0000000089b00000, 0x0000000089c00000|  0%| F|  |TAMS 0x0000000089b00000, 0x0000000089b00000| Untracked 
|  84|0x0000000089c00000, 0x0000000089c00000, 0x0000000089d00000|  0%| F|  |TAMS 0x0000000089c00000, 0x0000000089c00000| Untracked 
|  85|0x0000000089d00000, 0x0000000089d00000, 0x0000000089e00000|  0%| F|  |TAMS 0x0000000089d00000, 0x0000000089d00000| Untracked 
|  86|0x0000000089e00000, 0x0000000089e00000, 0x0000000089f00000|  0%| F|  |TAMS 0x0000000089e00000, 0x0000000089e00000| Untracked 
|  87|0x0000000089f00000, 0x0000000089f00000, 0x000000008a000000|  0%| F|  |TAMS 0x0000000089f00000, 0x0000000089f00000| Untracked 
|  88|0x000000008a000000, 0x000000008a000000, 0x000000008a100000|  0%| F|  |TAMS 0x000000008a000000, 0x000000008a000000| Untracked 
|  89|0x000000008a100000, 0x000000008a100000, 0x000000008a200000|  0%| F|  |TAMS 0x000000008a100000, 0x000000008a100000| Untracked 
|  90|0x000000008a200000, 0x000000008a200000, 0x000000008a300000|  0%| F|  |TAMS 0x000000008a200000, 0x000000008a200000| Untracked 
|  91|0x000000008a300000, 0x000000008a300000, 0x000000008a400000|  0%| F|  |TAMS 0x000000008a300000, 0x000000008a300000| Untracked 
|  92|0x000000008a400000, 0x000000008a400000, 0x000000008a500000|  0%| F|  |TAMS 0x000000008a400000, 0x000000008a400000| Untracked 
|  93|0x000000008a500000, 0x000000008a500000, 0x000000008a600000|  0%| F|  |TAMS 0x000000008a500000, 0x000000008a500000| Untracked 
|  94|0x000000008a600000, 0x000000008a600000, 0x000000008a700000|  0%| F|  |TAMS 0x000000008a600000, 0x000000008a600000| Untracked 
|  95|0x000000008a700000, 0x000000008a700000, 0x000000008a800000|  0%| F|  |TAMS 0x000000008a700000, 0x000000008a700000| Untracked 
|  96|0x000000008a800000, 0x000000008a800000, 0x000000008a900000|  0%| F|  |TAMS 0x000000008a800000, 0x000000008a800000| Untracked 
|  97|0x000000008a900000, 0x000000008a900000, 0x000000008aa00000|  0%| F|  |TAMS 0x000000008a900000, 0x000000008a900000| Untracked 
|  98|0x000000008aa00000, 0x000000008aa00000, 0x000000008ab00000|  0%| F|  |TAMS 0x000000008aa00000, 0x000000008aa00000| Untracked 
|  99|0x000000008ab00000, 0x000000008ab00000, 0x000000008ac00000|  0%| F|  |TAMS 0x000000008ab00000, 0x000000008ab00000| Untracked 
| 100|0x000000008ac00000, 0x000000008ac00000, 0x000000008ad00000|  0%| F|  |TAMS 0x000000008ac00000, 0x000000008ac00000| Untracked 
| 101|0x000000008ad00000, 0x000000008ad00000, 0x000000008ae00000|  0%| F|  |TAMS 0x000000008ad00000, 0x000000008ad00000| Untracked 
| 102|0x000000008ae00000, 0x000000008ae00000, 0x000000008af00000|  0%| F|  |TAMS 0x000000008ae00000, 0x000000008ae00000| Untracked 
| 103|0x000000008af00000, 0x000000008af00000, 0x000000008b000000|  0%| F|  |TAMS 0x000000008af00000, 0x000000008af00000| Untracked 
| 104|0x000000008b000000, 0x000000008b000000, 0x000000008b100000|  0%| F|  |TAMS 0x000000008b000000, 0x000000008b000000| Untracked 
| 105|0x000000008b100000, 0x000000008b100000, 0x000000008b200000|  0%| F|  |TAMS 0x000000008b100000, 0x000000008b100000| Untracked 
| 106|0x000000008b200000, 0x000000008b200000, 0x000000008b300000|  0%| F|  |TAMS 0x000000008b200000, 0x000000008b200000| Untracked 
| 107|0x000000008b300000, 0x000000008b300000, 0x000000008b400000|  0%| F|  |TAMS 0x000000008b300000, 0x000000008b300000| Untracked 
| 108|0x000000008b400000, 0x000000008b400000, 0x000000008b500000|  0%| F|  |TAMS 0x000000008b400000, 0x000000008b400000| Untracked 
| 109|0x000000008b500000, 0x000000008b500000, 0x000000008b600000|  0%| F|  |TAMS 0x000000008b500000, 0x000000008b500000| Untracked 
| 110|0x000000008b600000, 0x000000008b6f1880, 0x000000008b700000| 94%| E|  |TAMS 0x000000008b600000, 0x000000008b600000| Complete 
| 111|0x000000008b700000, 0x000000008b800000, 0x000000008b800000|100%| E|CS|TAMS 0x000000008b700000, 0x000000008b700000| Complete 
| 112|0x000000008b800000, 0x000000008b900000, 0x000000008b900000|100%| E|CS|TAMS 0x000000008b800000, 0x000000008b800000| Complete 
| 113|0x000000008b900000, 0x000000008ba00000, 0x000000008ba00000|100%| E|CS|TAMS 0x000000008b900000, 0x000000008b900000| Complete 
| 114|0x000000008ba00000, 0x000000008bb00000, 0x000000008bb00000|100%| E|  |TAMS 0x000000008ba00000, 0x000000008ba00000| Complete 
| 115|0x000000008bb00000, 0x000000008bc00000, 0x000000008bc00000|100%| E|CS|TAMS 0x000000008bb00000, 0x000000008bb00000| Complete 
| 116|0x000000008bc00000, 0x000000008bd00000, 0x000000008bd00000|100%| E|CS|TAMS 0x000000008bc00000, 0x000000008bc00000| Complete 
| 117|0x000000008bd00000, 0x000000008be00000, 0x000000008be00000|100%| E|CS|TAMS 0x000000008bd00000, 0x000000008bd00000| Complete 
| 118|0x000000008be00000, 0x000000008bf00000, 0x000000008bf00000|100%| E|CS|TAMS 0x000000008be00000, 0x000000008be00000| Complete 
| 119|0x000000008bf00000, 0x000000008c000000, 0x000000008c000000|100%| E|CS|TAMS 0x000000008bf00000, 0x000000008bf00000| Complete 
| 120|0x000000008c000000, 0x000000008c100000, 0x000000008c100000|100%| E|CS|TAMS 0x000000008c000000, 0x000000008c000000| Complete 
| 121|0x000000008c100000, 0x000000008c200000, 0x000000008c200000|100%| E|CS|TAMS 0x000000008c100000, 0x000000008c100000| Complete 
| 122|0x000000008c200000, 0x000000008c300000, 0x000000008c300000|100%| E|CS|TAMS 0x000000008c200000, 0x000000008c200000| Complete 
| 123|0x000000008c300000, 0x000000008c400000, 0x000000008c400000|100%| E|CS|TAMS 0x000000008c300000, 0x000000008c300000| Complete 

Card table byte_map: [0x0000025fa2a70000,0x0000025fa2e50000] _byte_map_base: 0x0000025fa264c000

Marking Bits (Prev, Next): (CMBitMap*) 0x0000025f89c35450, (CMBitMap*) 0x0000025f89c35490
 Prev Bits: [0x0000025fa3230000, 0x0000025fa5110000)
 Next Bits: [0x0000025fa5110000, 0x0000025fa6ff0000)

Polling page: 0x0000025f89b30000

Metaspace:

Usage:
  Non-class:    849.91 KB used.
      Class:     67.27 KB used.
       Both:    917.18 KB used.

Virtual space:
  Non-class space:       64.00 MB reserved,     896.00 KB (  1%) committed,  1 nodes.
      Class space:        1.00 GB reserved,     128.00 KB ( <1%) committed,  1 nodes.
             Both:        1.06 GB reserved,       1.00 MB ( <1%) committed. 

Chunk freelists:
   Non-Class:  11.78 MB
       Class:  15.70 MB
        Both:  27.48 MB

MaxMetaspaceSize: unlimited
CompressedClassSpaceSize: 1.00 GB
Initial GC threshold: 21.00 MB
Current GC threshold: 21.00 MB
CDS: on
MetaspaceReclaimPolicy: balanced
 - commit_granule_bytes: 65536.
 - commit_granule_words: 8192.
 - virtual_space_node_default_size: 8388608.
 - enlarge_chunks_in_place: 1.
 - new_chunks_are_fully_committed: 0.
 - uncommit_free_chunks: 1.
 - use_allocation_guard: 0.
 - handle_deallocations: 1.


Internal statistics:

num_allocs_failed_limit: 0.
num_arena_births: 4.
num_arena_deaths: 0.
num_vsnodes_births: 2.
num_vsnodes_deaths: 0.
num_space_committed: 16.
num_space_uncommitted: 0.
num_chunks_returned_to_freelist: 0.
num_chunks_taken_from_freelist: 19.
num_chunk_merges: 0.
num_chunk_splits: 10.
num_chunks_enlarged: 6.
num_inconsistent_stats: 0.

CodeHeap 'non-profiled nmethods': size=120000Kb used=171Kb max_used=171Kb free=119828Kb
 bounds [0x0000025f9a6f0000, 0x0000025f9a960000, 0x0000025fa1c20000]
CodeHeap 'profiled nmethods': size=120000Kb used=742Kb max_used=742Kb free=119257Kb
 bounds [0x0000025f92c20000, 0x0000025f92e90000, 0x0000025f9a150000]
CodeHeap 'non-nmethods': size=5760Kb used=1077Kb max_used=1099Kb free=4682Kb
 bounds [0x0000025f9a150000, 0x0000025f9a3c0000, 0x0000025f9a6f0000]
 total_blobs=757 nmethods=427 adapters=243
 compilation: enabled
              stopped_count=0, restarted_count=0
 full_count=0

Compilation events (20 events):
Event: 0.547 Thread 0x0000025fa9d9b3b0  415       4       java.io.WinNTFileSystem::normalize (224 bytes)
Event: 0.547 Thread 0x0000025fa9ac33c0  416 %     4       java.io.WinNTFileSystem::normalize @ 22 (143 bytes)
Event: 0.548 Thread 0x0000025fa9ac8290 nmethod 414 0x0000025f92cd4c10 code [0x0000025f92cd4f40, 0x0000025f92cd5f88]
Event: 0.553 Thread 0x0000025fa9ac8290  418       3       jdk.internal.util.jar.JarIndex::addToList (59 bytes)
Event: 0.554 Thread 0x0000025fa9ac8290 nmethod 418 0x0000025f92cd6510 code [0x0000025f92cd6760, 0x0000025f92cd7088]
Event: 0.554 Thread 0x0000025fa9ac8290  419       3       java.util.LinkedList::add (7 bytes)
Event: 0.554 Thread 0x0000025fa9ac8290 nmethod 419 0x0000025f92cd7410 code [0x0000025f92cd75c0, 0x0000025f92cd7708]
Event: 0.560 Thread 0x0000025fa9ac8290  422       3       java.util.LinkedList$Node::<init> (20 bytes)
Event: 0.560 Thread 0x0000025fa9ac8290 nmethod 422 0x0000025f92cd7790 code [0x0000025f92cd7940, 0x0000025f92cd7bb8]
Event: 0.562 Thread 0x0000025fa9ac8290  423       3       java.io.BufferedReader::readLine (7 bytes)
Event: 0.562 Thread 0x0000025fa9ac8290 nmethod 423 0x0000025f92cd7c90 code [0x0000025f92cd7e40, 0x0000025f92cd7fa8]
Event: 0.565 Thread 0x0000025fa9ac8290  424       3       java.util.LinkedList::linkLast (59 bytes)
Event: 0.565 Thread 0x0000025fa9ac8290 nmethod 424 0x0000025f92cd8090 code [0x0000025f92cd8260, 0x0000025f92cd86b8]
Event: 0.567 Thread 0x0000025fa9ac8290  425       3       jdk.internal.util.jar.JarIndex::addMapping (21 bytes)
Event: 0.567 Thread 0x0000025fa9ac8290 nmethod 425 0x0000025f92cd8810 code [0x0000025f92cd89c0, 0x0000025f92cd8b58]
Event: 0.570 Thread 0x0000025fa9ac8290  426       3       java.util.LinkedList::indexOf (73 bytes)
Event: 0.570 Thread 0x0000025fa9ac8290 nmethod 426 0x0000025f92cd8c10 code [0x0000025f92cd8de0, 0x0000025f92cd9288]
Event: 0.571 Thread 0x0000025fa9ac8290  427       3       sun.net.www.protocol.file.Handler::parseURL (18 bytes)
Event: 0.571 Thread 0x0000025fa9ac8290 nmethod 427 0x0000025f92cd9410 code [0x0000025f92cd95c0, 0x0000025f92cd9778]
Event: 0.571 Thread 0x0000025fa9ac8290  428       3       java.net.URLStreamHandler::parseURL (1201 bytes)

GC Heap History (0 events):
No events

Deoptimization events (20 events):
Event: 0.270 Thread 0x0000025f89bdf1a0 DEOPT PACKING pc=0x0000025f92c4710c sp=0x0000006701afdd40
Event: 0.270 Thread 0x0000025f89bdf1a0 DEOPT UNPACKING pc=0x0000025f9a1a66e3 sp=0x0000006701afd1d0 mode 0
Event: 0.270 Thread 0x0000025f89bdf1a0 DEOPT PACKING pc=0x0000025f92c4710c sp=0x0000006701afdd40
Event: 0.270 Thread 0x0000025f89bdf1a0 DEOPT UNPACKING pc=0x0000025f9a1a66e3 sp=0x0000006701afd1d0 mode 0
Event: 0.273 Thread 0x0000025f89bdf1a0 DEOPT PACKING pc=0x0000025f92c4710c sp=0x0000006701afdd40
Event: 0.273 Thread 0x0000025f89bdf1a0 DEOPT UNPACKING pc=0x0000025f9a1a66e3 sp=0x0000006701afd1d0 mode 0
Event: 0.429 Thread 0x0000025f89bdf1a0 DEOPT PACKING pc=0x0000025f92c2c5e5 sp=0x0000006701afd130
Event: 0.429 Thread 0x0000025f89bdf1a0 DEOPT UNPACKING pc=0x0000025f9a1a66e3 sp=0x0000006701afc580 mode 0
Event: 0.441 Thread 0x0000025f89bdf1a0 DEOPT PACKING pc=0x0000025f92c2c5e5 sp=0x0000006701afd130
Event: 0.441 Thread 0x0000025f89bdf1a0 DEOPT UNPACKING pc=0x0000025f9a1a66e3 sp=0x0000006701afc5a8 mode 0
Event: 0.507 Thread 0x0000025f89bdf1a0 DEOPT PACKING pc=0x0000025f92c5ac72 sp=0x0000006701afd850
Event: 0.507 Thread 0x0000025f89bdf1a0 DEOPT UNPACKING pc=0x0000025f9a1a66e3 sp=0x0000006701afcd10 mode 0
Event: 0.516 Thread 0x0000025f89bdf1a0 DEOPT PACKING pc=0x0000025f92c56dcc sp=0x0000006701afda20
Event: 0.516 Thread 0x0000025f89bdf1a0 DEOPT UNPACKING pc=0x0000025f9a1a66e3 sp=0x0000006701afced0 mode 0
Event: 0.521 Thread 0x0000025f89bdf1a0 DEOPT PACKING pc=0x0000025f92c2bdbe sp=0x0000006701afd720
Event: 0.521 Thread 0x0000025f89bdf1a0 DEOPT UNPACKING pc=0x0000025f9a1a66e3 sp=0x0000006701afcbc0 mode 0
Event: 0.524 Thread 0x0000025f89bdf1a0 DEOPT PACKING pc=0x0000025f92c2b8ad sp=0x0000006701afdf50
Event: 0.524 Thread 0x0000025f89bdf1a0 DEOPT UNPACKING pc=0x0000025f9a1a66e3 sp=0x0000006701afd3e8 mode 0
Event: 0.547 Thread 0x0000025f89bdf1a0 DEOPT PACKING pc=0x0000025f92c6a4c3 sp=0x0000006701afdcf0
Event: 0.547 Thread 0x0000025f89bdf1a0 DEOPT UNPACKING pc=0x0000025f9a1a66e3 sp=0x0000006701afd210 mode 0

Classes unloaded (0 events):
No events

Classes redefined (0 events):
No events

Internal exceptions (0 events):
No events

VM Operations (2 events):
Event: 0.255 Executing VM operation: HandshakeAllThreads
Event: 0.255 Executing VM operation: HandshakeAllThreads done

Events (20 events):
Event: 0.428 loading class java/lang/IllegalAccessException done
Event: 0.428 loading class java/lang/reflect/InvocationTargetException
Event: 0.429 loading class java/lang/reflect/InvocationTargetException done
Event: 0.433 loading class java/util/concurrent/LinkedBlockingQueue
Event: 0.433 loading class java/util/concurrent/BlockingQueue
Event: 0.433 loading class java/util/concurrent/BlockingQueue done
Event: 0.433 loading class java/util/AbstractQueue
Event: 0.434 loading class java/util/AbstractQueue done
Event: 0.434 loading class java/util/concurrent/LinkedBlockingQueue done
Event: 0.435 loading class java/util/concurrent/locks/AbstractQueuedSynchronizer$ConditionObject
Event: 0.435 loading class java/util/concurrent/locks/Condition
Event: 0.436 loading class java/util/concurrent/locks/Condition done
Event: 0.436 loading class java/util/concurrent/locks/AbstractQueuedSynchronizer$ConditionObject done
Event: 0.436 loading class java/util/concurrent/LinkedBlockingQueue$Node
Event: 0.436 loading class java/util/concurrent/LinkedBlockingQueue$Node done
Event: 0.438 loading class java/lang/InheritableThreadLocal
Event: 0.438 loading class java/lang/InheritableThreadLocal done
Event: 0.444 loading class java/lang/SecurityException
Event: 0.445 loading class java/lang/SecurityException done
Event: 0.447 Loaded shared library C:\Program Files\Java\jdk-17\bin\jimage.dll


Dynamic libraries:
0x00007ff69ac40000 - 0x00007ff69ac50000 	C:\Program Files\Java\jdk-17\bin\java.exe
0x00007ffa290a0000 - 0x00007ffa29308000 	C:\WINDOWS\SYSTEM32\ntdll.dll
0x00007ffa28930000 - 0x00007ffa289f9000 	C:\WINDOWS\System32\KERNEL32.DLL
0x00007ffa26730000 - 0x00007ffa26b22000 	C:\WINDOWS\System32\KERNELBASE.dll
0x00007ffa26460000 - 0x00007ffa265ab000 	C:\WINDOWS\System32\ucrtbase.dll
0x00007ff9fc530000 - 0x00007ff9fc54b000 	C:\Program Files\Java\jdk-17\bin\VCRUNTIME140.dll
0x00007ff9fd0e0000 - 0x00007ff9fd0f9000 	C:\Program Files\Java\jdk-17\bin\jli.dll
0x00007ffa27350000 - 0x00007ffa27404000 	C:\WINDOWS\System32\ADVAPI32.dll
0x00007ffa272a0000 - 0x00007ffa27349000 	C:\WINDOWS\System32\msvcrt.dll
0x00007ffa27640000 - 0x00007ffa276e6000 	C:\WINDOWS\System32\sechost.dll
0x00007ffa28ce0000 - 0x00007ffa28df8000 	C:\WINDOWS\System32\RPCRT4.dll
0x00007ffa27470000 - 0x00007ffa27635000 	C:\WINDOWS\System32\USER32.dll
0x00007ffa262c0000 - 0x00007ffa262e7000 	C:\WINDOWS\System32\win32u.dll
0x00007ffa28cb0000 - 0x00007ffa28cdb000 	C:\WINDOWS\System32\GDI32.dll
0x00007ffa25640000 - 0x00007ffa258d3000 	C:\WINDOWS\WinSxS\amd64_microsoft.windows.common-controls_6595b64144ccf1df_6.0.26100.6899_none_3e0efeeae32e88c1\COMCTL32.dll
0x00007ffa26d40000 - 0x00007ffa26e6d000 	C:\WINDOWS\System32\gdi32full.dll
0x00007ffa26c90000 - 0x00007ffa26d33000 	C:\WINDOWS\System32\msvcp_win.dll
0x00007ffa1c5f0000 - 0x00007ffa1c5fb000 	C:\WINDOWS\SYSTEM32\VERSION.dll
0x00007ffa28860000 - 0x00007ffa2888f000 	C:\WINDOWS\System32\IMM32.DLL
0x00007ffa18310000 - 0x00007ffa1831c000 	C:\Program Files\Java\jdk-17\bin\vcruntime140_1.dll
0x00007ff9d7c80000 - 0x00007ff9d7d0e000 	C:\Program Files\Java\jdk-17\bin\msvcp140.dll
0x00007ff973b40000 - 0x00007ff974720000 	C:\Program Files\Java\jdk-17\bin\server\jvm.dll
0x00007ffa28ca0000 - 0x00007ffa28ca8000 	C:\WINDOWS\System32\PSAPI.DLL
0x00007ffa23160000 - 0x00007ffa23195000 	C:\WINDOWS\SYSTEM32\WINMM.dll
0x00007ffa13aa0000 - 0x00007ffa13aaa000 	C:\WINDOWS\SYSTEM32\WSOCK32.dll
0x00007ffa27770000 - 0x00007ffa277e4000 	C:\WINDOWS\System32\WS2_32.dll
0x00007ffa246d0000 - 0x00007ffa246eb000 	C:\WINDOWS\SYSTEM32\kernel.appcore.dll
0x00007ff9f7200000 - 0x00007ff9f720a000 	C:\Program Files\Java\jdk-17\bin\jimage.dll
0x00007ffa259f0000 - 0x00007ffa25c32000 	C:\WINDOWS\SYSTEM32\DBGHELP.DLL
0x00007ffa27900000 - 0x00007ffa27c7b000 	C:\WINDOWS\System32\combase.dll
0x00007ffa27820000 - 0x00007ffa278f7000 	C:\WINDOWS\System32\OLEAUT32.dll
0x00007ffa258e0000 - 0x00007ffa2591c000 	C:\WINDOWS\SYSTEM32\dbgcore.DLL
0x00007ffa26bf0000 - 0x00007ffa26c88000 	C:\WINDOWS\System32\bcryptPrimitives.dll
0x00007ff9ecc70000 - 0x00007ff9ecc95000 	C:\Program Files\Java\jdk-17\bin\java.dll
0x00007ff9c60b0000 - 0x00007ff9c6187000 	C:\Program Files\Java\jdk-17\bin\jsvml.dll
0x00007ffa28110000 - 0x00007ffa2885d000 	C:\WINDOWS\System32\SHELL32.dll
0x00007ffa262f0000 - 0x00007ffa2645b000 	C:\WINDOWS\System32\wintypes.dll
0x00007ffa23400000 - 0x00007ffa23c5d000 	C:\WINDOWS\SYSTEM32\windows.storage.dll
0x00007ffa28a00000 - 0x00007ffa28af2000 	C:\WINDOWS\System32\SHCORE.dll
0x00007ffa288b0000 - 0x00007ffa28912000 	C:\WINDOWS\System32\shlwapi.dll
0x00007ffa26150000 - 0x00007ffa26179000 	C:\WINDOWS\SYSTEM32\profapi.dll
0x00007ff9f70b0000 - 0x00007ff9f70c9000 	C:\Program Files\Java\jdk-17\bin\net.dll
0x00007ffa1cb50000 - 0x00007ffa1cc6f000 	C:\WINDOWS\SYSTEM32\WINHTTP.dll
0x00007ffa24bf0000 - 0x00007ffa24c5b000 	C:\WINDOWS\system32\mswsock.dll
0x00007ff9f5440000 - 0x00007ff9f5456000 	C:\Program Files\Java\jdk-17\bin\nio.dll
0x00007ff9f7140000 - 0x00007ff9f7158000 	C:\Program Files\Java\jdk-17\bin\zip.dll

dbghelp: loaded successfully - version: 4.0.5 - missing functions: none
symbol engine: initialized successfully - sym options: 0x614 - pdb path: .;C:\Program Files\Java\jdk-17\bin;C:\WINDOWS\SYSTEM32;C:\WINDOWS\WinSxS\amd64_microsoft.windows.common-controls_6595b64144ccf1df_6.0.26100.6899_none_3e0efeeae32e88c1;C:\Program Files\Java\jdk-17\bin\server

VM Arguments:
jvm_args: -Dfile.encoding=UTF-8 -Duser.country=KR -Duser.language=ko -Duser.variant 
java_command: com.ssu.DB_Project.DbProjectApplication
java_class_path (initial): C:\Users\dldms\Desktop\Database\team_project\Backend\build\classes\java\main;C:\Users\dldms\Desktop\Database\team_project\Backend\build\resources\main;C:\Users\dldms\.gradle\caches\modules-2\files-2.1\org.springframework.boot\spring-boot-starter-web\3.2.6\8a06aa9bee3a1de70595a92a91b702c9923c49fc\spring-boot-starter-web-3.2.6.jar;C:\Users\dldms\.gradle\caches\modules-2\files-2.1\org.springframework.boot\spring-boot-starter-data-jpa\3.2.6\cf69a3c85d76746b3cf1828c6bb69a07bd7a19a8\spring-boot-starter-data-jpa-3.2.6.jar;C:\Users\dldms\.gradle\caches\modules-2\files-2.1\org.springframework.boot\spring-boot-starter-thymeleaf\3.2.6\73ef136b3c7b192ad42891f5838573f3abe6f5\spring-boot-starter-thymeleaf-3.2.6.jar;C:\Users\dldms\.gradle\caches\modules-2\files-2.1\org.springframework.boot\spring-boot-starter-webflux\3.2.6\167aff5f66ff0c630e9bbf0a64d09846cf8c129a\spring-boot-starter-webflux-3.2.6.jar;C:\Users\dldms\.gradle\caches\modules-2\files-2.1\org.springframework.boot\spring-boot-starter-json\3.2.6\829e99fdb67aa7a09493416afd954e8b2cb90075\spring-boot-starter-json-3.2.6.jar;C:\Users\dldms\.gradle\caches\modules-2\files-2.1\com.fasterxml.jackson.datatype\jackson-datatype-jdk8\2.15.4\694777f182334a21bf1aeab1b04cc4398c801f3f\jackson-datatype-jdk8-2.15.4.jar;C:\Users\dldms\.gradle\caches\modules-2\files-2.1\com.fasterxml.jackson.module\jackson-module-parameter-names\2.15.4\e654497a08359db2521b69b5f710e00836915d8c\jackson-module-parameter-names-2.15.4.jar;C:\Users\dldms\.gradle\caches\modules-2\files-2.1\io.github.bonigarcia\webdrivermanager\5.8.0\7f80f4f267d38b9eedfd5327f142164e48939dd8\webdrivermanager-5.8.0.jar;C:\Users\dldms\.gradle\caches\modules-2\files-2.1\com.github.docker-java\docker-java\3.3.6\1a48fee9da600c8a6a76d4e7e8e74d7f85b65b74\docker-java-3.3.6.jar;C:\Users\dldms\.gradle\caches\modules-2\files-2.1\com.github.docker-java\docker-java-core\3.3.6\5914c06fd3c5070954abe2327dd7ab22b39ad134\docker-java-core-3.3.6.jar;C:\Users\dldms\.gradle\cac
Launcher Type: SUN_STANDARD

[Global flags]
     intx CICompilerCount                          = 4                                         {product} {ergonomic}
     uint ConcGCThreads                            = 2                                         {product} {ergonomic}
     uint G1ConcRefinementThreads                  = 8                                         {product} {ergonomic}
   size_t G1HeapRegionSize                         = 1048576                                   {product} {ergonomic}
    uintx GCDrainStackTargetSize                   = 64                                        {product} {ergonomic}
   size_t InitialHeapSize                          = 130023424                                 {product} {ergonomic}
   size_t MarkStackSize                            = 4194304                                   {product} {ergonomic}
   size_t MaxHeapSize                              = 2071986176                                {product} {ergonomic}
   size_t MaxNewSize                               = 1242562560                                {product} {ergonomic}
   size_t MinHeapDeltaBytes                        = 1048576                                   {product} {ergonomic}
   size_t MinHeapSize                              = 8388608                                   {product} {ergonomic}
    uintx NonNMethodCodeHeapSize                   = 5839372                                {pd product} {ergonomic}
    uintx NonProfiledCodeHeapSize                  = 122909434                              {pd product} {ergonomic}
    uintx ProfiledCodeHeapSize                     = 122909434                              {pd product} {ergonomic}
    uintx ReservedCodeCacheSize                    = 251658240                              {pd product} {ergonomic}
     bool SegmentedCodeCache                       = true                                      {product} {ergonomic}
   size_t SoftMaxHeapSize                          = 2071986176                             {manageable} {ergonomic}
     bool UseCompressedClassPointers               = true                           {product lp64_product} {ergonomic}
     bool UseCompressedOops                        = true                           {product lp64_product} {ergonomic}
     bool UseG1GC                                  = true                                      {product} {ergonomic}
     bool UseLargePagesIndividualAllocation        = false                                  {pd product} {ergonomic}

Logging:
Log output configuration:
 #0: stdout all=warning uptime,level,tags
 #1: stderr all=off uptime,level,tags

Environment Variables:
JAVA_HOME=C:\Program Files\Java\jdk-17
PATH=C:\Program Files\Eclipse Adoptium\jdk-21.0.9.10-hotspot\bin;C:\msys64\mingw64\bin;C:\msys64\usr\bin;C:\Program Files\Git\cmd;C:\Python3.12\Scripts\;C:\Python3.12\;C:\Users\dldms\anaconda.new;C:\Users\dldms\anaconda.new\Library\mingw-w64\bin;C:\Users\dldms\anaconda.new\Library\usr\bin;C:\Users\dldms\anaconda.new\Library\bin;C:\Users\dldms\anaconda.new\Scripts;C:\Users\dldms\AppData\Local\Microsoft\WindowsApps;C:\Users\dldms\AppData\Local\Programs\Microsoft VS Code\bin;C:\Users\dldms\AppData\Local\GitHubDesktop\bin;C:\Program Files\JetBrains\IntelliJ IDEA Community Edition 2025.2.1\bin
USERNAME=dldms
OS=Windows_NT
PROCESSOR_IDENTIFIER=Intel64 Family 6 Model 140 Stepping 1, GenuineIntel



---------------  S Y S T E M  ---------------

OS:
 Windows 11 , 64 bit Build 26100 (10.0.26100.6725)
OS uptime: 1 days 6:57 hours
Hyper-V role detected

CPU: total 8 (initial active 8) (4 cores per cpu, 2 threads per core) family 6 model 140 stepping 1 microcode 0x9a, cx8, cmov, fxsr, ht, mmx, 3dnowpref, sse, sse2, sse3, ssse3, sse4.1, sse4.2, popcnt, lzcnt, tsc, tscinvbit, avx, avx2, aes, erms, clmul, bmi1, bmi2, adx, avx512f, avx512dq, avx512cd, avx512bw, avx512vl, sha, fma, vzeroupper, avx512_vpopcntdq, avx512_vpclmulqdq, avx512_vaes, avx512_vnni, clflush, clflushopt, clwb, avx512_vbmi2, avx512_vbmi, hv

Memory: 4k page, system-wide physical 7900M (759M free)
TotalPageFile size 20382M (AvailPageFile size 0M)
current process WorkingSet (physical memory assigned to process): 65M, peak: 65M
current process commit charge ("private bytes"): 221M, peak: 221M

vm_info: Java HotSpot(TM) 64-Bit Server VM (17.0.12+8-LTS-286) for windows-amd64 JRE (17.0.12+8-LTS-286), built on Jun  5 2024 06:46:59 by "mach5one" with MS VC++ 17.6 (VS2022)

END.
